<html>
<body>
<pre>
<h1>µVision Build Log</h1>
<h2>Tool Versions:</h2>
IDE-Version: ¦ÌVision V5.27.1.0
Copyright (C) 2019 ARM Ltd and ARM Germany GmbH. All rights reserved.
License Information: ht w00110601111@163.com, fe, LIC=AK1BF-6SNBP-UMY9A-1EJBI-UGX90-BS7N1
 
Tool Versions:
Toolchain:       MDK-ARM Professional  Version: 5.27.1.0
Toolchain Path:  C:\Keil_v5\ARM\ARMCC\Bin
C Compiler:      Armcc.exe V5.06 update 6 (build 750)
Assembler:       Armasm.exe V5.06 update 6 (build 750)
Linker/Locator:  ArmLink.exe V5.06 update 6 (build 750)
Library Manager: ArmAr.exe V5.06 update 6 (build 750)
Hex Converter:   FromElf.exe V5.06 update 6 (build 750)
CPU DLL:         
Dialog DLL:      
Target DLL:      Segger\JL2CM3.dll V2.99.35.0
Dialog DLL:      TCM.DLL V1.36.1.0
 
<h2>Project:</h2>
D:\nRF5_SDK_17.1.0_ddde560\examples\ble_peripheral\ble_app_hids_keyboard\pca10100e\s112\arm5_no_packs\ble_app_hids_keyboard_pca10100_s112.uvprojx
Project File Date:  05/04/2024

<h2>Output:</h2>
*** Using Compiler 'V5.06 update 6 (build 750)', folder: 'C:\Keil_v5\ARM\ARMCC\Bin'
Build target 'nrf52820_xxaa'
compiling auth_status_tracker.c...
compiling ble_link_ctx_manager.c...
compiling id_manager.c...
compiling ble_advertising.c...
compiling ble_advdata.c...
compiling ble_conn_state.c...
compiling gatt_cache_manager.c...
compiling ble_conn_params.c...
compiling boards.c...
compiling gatts_cache_manager.c...
compiling bsp_btn_ble.c...
compiling bsp.c...
compiling main.c...
compiling nrf_ble_gatt.c...
compiling pm_buffer.c...
compiling nrf_ble_qwr.c...
compiling peer_id.c...
compiling peer_database.c...
compiling peer_data_storage.c...
compiling peer_manager_handler.c...
compiling peer_manager.c...
compiling ble_bas.c...
compiling security_manager.c...
compiling ble_dis.c...
compiling security_dispatcher.c...
compiling ble_hids.c...
compiling nrf_drv_clock.c...
compiling nrf_drv_uart.c...
compiling nrfx_atomic.c...
compiling nrfx_clock.c...
compiling app_error_handler_keil.c...
compiling nrfx_prs.c...
compiling app_error_weak.c...
compiling app_scheduler.c...
compiling nrfx_gpiote.c...
compiling nrfx_uart.c...
compiling crc16.c...
compiling hardfault_implementation.c...
compiling nrf_atflags.c...
compiling nrfx_uarte.c...
compiling app_button.c...
compiling app_timer2.c...
compiling nrf_atfifo.c...
compiling drv_rtc.c...
compiling fds.c...
compiling nrf_atomic.c...
compiling nrf_balloc.c...
compiling nrf_fprintf.c...
compiling nrf_fprintf_format.c...
compiling nrf_fstorage.c...
compiling nrf_fstorage_sd.c...
compiling nrf_memobj.c...
compiling nrf_strerror.c...
compiling nrf_sortlist.c...
compiling nrf_section_iter.c...
compiling nrf_log_backend_uart.c...
compiling nrf_ringbuf.c...
compiling nrf_log_backend_serial.c...
compiling nrf_pwr_mgmt.c...
compiling nrf_log_backend_rtt.c...
compiling nrf_log_default_backends.c...
compiling SEGGER_RTT.c...
compiling nrf_log_str_formatter.c...
compiling nrf_log_frontend.c...
compiling SEGGER_RTT_Syscalls_KEIL.c...
compiling SEGGER_RTT_printf.c...
compiling nrf_sdh_ble.c...
compiling nrf_sdh.c...
compiling nrf_sdh_soc.c...
linking...
Program Size: Code=48016 RO-data=7908 RW-data=1300 ZI-data=8420  
FromELF: creating hex file...
".\_build\nrf52820_xxaa.axf" - 0 Error(s), 0 Warning(s).

<h2>Software Packages used:</h2>

Package Vendor: ARM
                http://www.keil.com/pack/ARM.CMSIS.5.6.0.pack
                ARM.CMSIS.5.6.0
                CMSIS (Cortex Microcontroller Software Interface Standard)
   * Component: CORE Version: 5.3.0

Package Vendor: NordicSemiconductor
                http://developer.nordicsemi.com/nRF5_SDK/pieces/nRF_DeviceFamilyPack/NordicSemiconductor.nRF_DeviceFamilyPack.8.40.3.pack
                NordicSemiconductor.nRF_DeviceFamilyPack.8.40.3
                Nordic Semiconductor nRF ARM devices Device Family Pack with BSD license.
   * Component: Startup Version: 8.40.3

<h2>Collection of Component include folders:</h2>
  .\RTE\_nrf52820_xxaa
  C:\Users\w0011\AppData\Local\Arm\Packs\ARM\CMSIS\5.6.0\CMSIS\Core\Include
  C:\Users\w0011\AppData\Local\Arm\Packs\NordicSemiconductor\nRF_DeviceFamilyPack\8.40.3\Device\Include

<h2>Collection of Component Files used:</h2>

   * Component: ARM::CMSIS:CORE:5.3.0

   * Component: NordicSemiconductor::Device:Startup:8.40.3
      Source file:   Device\Source\system_nrf52.c
      Include file:  Device\Include\system_nrf.h
      Include file:  Device\Include\system_nrf52820.h
      Source file:   Device\Source\arm\arm_startup_nrf52820.s
Build Time Elapsed:  00:00:07
</pre>
</body>
</html>
