Component: ARM Compiler 5.06 update 6 (build 750) Tool: armlink [4d35ed]

==============================================================================

Section Cross References

    main.o(i.advertising_init) refers to memseta.o(.text) for __aeabi_memclr4
    main.o(i.advertising_init) refers to ble_advertising.o(i.ble_advertising_init) for ble_advertising_init
    main.o(i.advertising_init) refers to app_error.o(i.app_error_handler_bare) for app_error_handler_bare
    main.o(i.advertising_init) refers to ble_advertising.o(i.ble_advertising_conn_cfg_tag_set) for ble_advertising_conn_cfg_tag_set
    main.o(i.advertising_init) refers to main.o(.data) for .data
    main.o(i.advertising_init) refers to main.o(i.on_adv_evt) for on_adv_evt
    main.o(i.advertising_init) refers to main.o(i.ble_advertising_error_handler) for ble_advertising_error_handler
    main.o(i.advertising_init) refers to main.o(.bss) for .bss
    main.o(i.advertising_start) refers to nrf_log_frontend.o(i.nrf_log_frontend_std_0) for nrf_log_frontend_std_0
    main.o(i.advertising_start) refers to peer_manager.o(i.pm_peers_delete) for pm_peers_delete
    main.o(i.advertising_start) refers to main.o(i.whitelist_set) for whitelist_set
    main.o(i.advertising_start) refers to ble_advertising.o(i.ble_advertising_start) for ble_advertising_start
    main.o(i.advertising_start) refers to app_error.o(i.app_error_handler_bare) for app_error_handler_bare
    main.o(i.advertising_start) refers to nrf_log_frontend.o(log_const_data) for m_nrf_log_app_logs_data_const
    main.o(i.advertising_start) refers to main.o(.bss) for .bss
    main.o(i.assert_nrf_callback) refers to app_error_handler_keil.o(.emb_text) for app_error_handler
    main.o(i.battery_level_meas_timeout_handler) refers to sensorsim.o(i.sensorsim_measure) for sensorsim_measure
    main.o(i.battery_level_meas_timeout_handler) refers to ble_bas.o(i.ble_bas_battery_level_update) for ble_bas_battery_level_update
    main.o(i.battery_level_meas_timeout_handler) refers to app_error.o(i.app_error_handler_bare) for app_error_handler_bare
    main.o(i.battery_level_meas_timeout_handler) refers to main.o(.bss) for .bss
    main.o(i.battery_level_meas_timeout_handler) refers to main.o(.data) for .data
    main.o(i.ble_advertising_error_handler) refers to app_error.o(i.app_error_handler_bare) for app_error_handler_bare
    main.o(i.ble_evt_handler) refers to app_error.o(i.app_error_handler_bare) for app_error_handler_bare
    main.o(i.ble_evt_handler) refers to main.o(i.buffer_dequeue) for buffer_dequeue
    main.o(i.ble_evt_handler) refers to nrf_log_frontend.o(i.nrf_log_frontend_std_0) for nrf_log_frontend_std_0
    main.o(i.ble_evt_handler) refers to bsp.o(i.bsp_indication_set) for bsp_indication_set
    main.o(i.ble_evt_handler) refers to nrf_ble_qwr.o(i.nrf_ble_qwr_conn_handle_assign) for nrf_ble_qwr_conn_handle_assign
    main.o(i.ble_evt_handler) refers to nrf_log_frontend.o(log_const_data) for m_nrf_log_app_logs_data_const
    main.o(i.ble_evt_handler) refers to main.o(.data) for .data
    main.o(i.ble_evt_handler) refers to main.o(.bss) for .bss
    main.o(i.bsp_event_handler) refers to main.o(i.keys_send) for keys_send
    main.o(i.bsp_event_handler) refers to main.o(i.sleep_mode_enter) for sleep_mode_enter
    main.o(i.bsp_event_handler) refers to app_error.o(i.app_error_handler_bare) for app_error_handler_bare
    main.o(i.bsp_event_handler) refers to ble_advertising.o(i.ble_advertising_restart_without_whitelist) for ble_advertising_restart_without_whitelist
    main.o(i.bsp_event_handler) refers to main.o(.data) for .data
    main.o(i.bsp_event_handler) refers to main.o(.bss) for .bss
    main.o(i.buffer_dequeue) refers to main.o(i.send_key_scan_press_release) for send_key_scan_press_release
    main.o(i.buffer_dequeue) refers to main.o(.bss) for .bss
    main.o(i.buffer_enqueue) refers to main.o(.bss) for .bss
    main.o(i.conn_params_error_handler) refers to app_error.o(i.app_error_handler_bare) for app_error_handler_bare
    main.o(i.gap_params_init) refers to app_error.o(i.app_error_handler_bare) for app_error_handler_bare
    main.o(i.hids_init) refers to memseta.o(.text) for __aeabi_memclr4
    main.o(i.hids_init) refers to ble_hids.o(i.ble_hids_init) for ble_hids_init
    main.o(i.hids_init) refers to app_error.o(i.app_error_handler_bare) for app_error_handler_bare
    main.o(i.hids_init) refers to main.o(.data) for .data
    main.o(i.hids_init) refers to main.o(i.on_hids_evt) for on_hids_evt
    main.o(i.hids_init) refers to main.o(i.service_error_handler) for service_error_handler
    main.o(i.identities_set) refers to peer_manager.o(i.pm_peer_id_list) for pm_peer_id_list
    main.o(i.identities_set) refers to app_error.o(i.app_error_handler_bare) for app_error_handler_bare
    main.o(i.identities_set) refers to peer_manager.o(i.pm_device_identities_list_set) for pm_device_identities_list_set
[...]
    0x000194dc   0x000194dc   0x00000012   Code   RO         7528    .text               mc_w.l(strcpy.o)
    0x000194ee   0x000194ee   0x00000020   Code   RO         7547    .text               mc_w.l(llushr.o)
    0x0001950e   0x0001950e   0x00000002   PAD
    0x00019510   0x00019510   0x00000024   Code   RO         7550    .text               mc_w.l(init.o)
    0x00019534   0x00019534   0x00000056   Code   RO         7560    .text               mc_w.l(__dczerorl2.o)
    0x0001958a   0x0001958a   0x00000002   PAD
    0x0001958c   0x0001958c   0x000000a4   Code   RO         3765    i.GPIOTE_IRQHandler  nrfx_gpiote.o
    0x00019630   0x00019630   0x00000050   Code   RO         3626    i.POWER_CLOCK_IRQHandler  nrfx_clock.o
    0x00019680   0x00019680   0x00000010   Code   RO         4967    i.RTC1_IRQHandler   drv_rtc.o
    0x00019690   0x00019690   0x00000004   Code   RO         6856    i.SEGGER_RTT_Init   segger_rtt.o
    0x00019694   0x00019694   0x0000005c   Code   RO         6870    i.SEGGER_RTT_WriteNoLock  segger_rtt.o
    0x000196f0   0x000196f0   0x00000020   Code   RO         7204    i.SWI2_EGU2_IRQHandler  nrf_sdh.o
    0x00019710   0x00019710   0x00000194   Code   RO         7427    i.SystemInit        system_nrf52.o
    0x000198a4   0x000198a4   0x0000000c   Code   RO         4073    i.UARTE0_UART0_IRQHandler  nrfx_prs.o
    0x000198b0   0x000198b0   0x00000068   Code   RO         6874    i._DoInit           segger_rtt.o
    0x00019918   0x00019918   0x00000016   Code   RO         6875    i._GetAvailWriteSpace  segger_rtt.o
    0x0001992e   0x0001992e   0x0000005a   Code   RO         6877    i._WriteBlocking    segger_rtt.o
    0x00019988   0x00019988   0x00000042   Code   RO         6878    i._WriteNoCheck     segger_rtt.o
    0x000199ca   0x000199ca   0x0000000e   Code   RO         7554    i.__scatterload_copy  mc_w.l(handlers.o)
    0x000199d8   0x000199d8   0x00000002   Code   RO         7555    i.__scatterload_null  mc_w.l(handlers.o)
    0x000199da   0x000199da   0x0000000e   Code   RO         7556    i.__scatterload_zeroinit  mc_w.l(handlers.o)
    0x000199e8   0x000199e8   0x00000024   Code   RO         7205    i.__sd_nvic_app_accessible_irq  nrf_sdh.o
    0x00019a0c   0x00019a0c   0x0000013c   Code   RO         2595    i._conn_secure      peer_manager_handler.o
    0x00019b48   0x00019b48   0x00000026   Code   RO         1652    i.addr_compare      id_manager.o
    0x00019b6e   0x00019b6e   0x0000000c   Code   RO         5891    i.addr_is_aligned32  nrf_fstorage.o
    0x00019b7a   0x00019b7a   0x00000018   Code   RO         5892    i.addr_is_within_bounds  nrf_fstorage.o
    0x00019b92   0x00019b92   0x00000008   Code   RO          969    i.adv_set_data_size_max_get  ble_advertising.o
    0x00019b9a   0x00019b9a   0x00000036   Code   RO          735    i.advertising_buttons_configure  bsp_btn_ble.o
    0x00019bd0   0x00019bd0   0x00000088   Code   RO            4    i.advertising_init  main.o
    0x00019c58   0x00019c58   0x00000058   Code   RO            5    i.advertising_start  main.o
    0x00019cb0   0x00019cb0   0x00000052   Code   RO         1653    i.ah                id_manager.o
    0x00019d02   0x00019d02   0x00000006   Code   RO          618    i.alert_timer_handler  bsp.o
    0x00019d08   0x00019d08   0x0000000c   Code   RO         2739    i.allow_repairing   security_dispatcher.o
    0x00019d14   0x00019d14   0x00000024   Code   RO         4476    i.app_button_enable  app_button.o
    0x00019d38   0x00019d38   0x00000080   Code   RO         4477    i.app_button_init   app_button.o
    0x00019db8   0x00019db8   0x00000084   Code   RO         4634    i.app_error_fault_handler  app_error_weak.o
    0x00019e3c   0x00019e3c   0x00000016   Code   RO         4574    i.app_error_handler_bare  app_error.o
    0x00019e52   0x00019e52   0x00000002   PAD
    0x00019e54   0x00019e54   0x000000a0   Code   RO         4677    i.app_sched_event_put  app_scheduler.o
    0x00019ef4   0x00019ef4   0x00000040   Code   RO         4678    i.app_sched_execute  app_scheduler.o
    0x00019f34   0x00019f34   0x0000002c   Code   RO         4679    i.app_sched_init    app_scheduler.o
    0x00019f60   0x00019f60   0x0000000c   Code   RO         4726    i.app_timer_cnt_get  app_timer2.o
    0x00019f6c   0x00019f6c   0x00000020   Code   RO         4727    i.app_timer_create  app_timer2.o
    0x00019f8c   0x00019f8c   0x0000005c   Code   RO         4728    i.app_timer_init    app_timer2.o
    0x00019fe8   0x00019fe8   0x00000054   Code   RO         4731    i.app_timer_start   app_timer2.o
    0x0001a03c   0x0001a03c   0x00000044   Code   RO         4732    i.app_timer_stop    app_timer2.o
    0x0001a080   0x0001a080   0x00000048   Code   RO         4872    i.app_util_critical_region_enter  app_util_platform.o
    0x0001a0c8   0x0001a0c8   0x00000034   Code   RO         4873    i.app_util_critical_region_exit  app_util_platform.o
    0x0001a0fc   0x0001a0fc   0x00000004   Code   RO         1391    i.apply_pending_handle  gatt_cache_manager.o
    0x0001a100   0x0001a100   0x00000004   Code   RO         7206    i.appsh_events_poll  nrf_sdh.o
    0x0001a104   0x0001a104   0x00000180   Code   RO         2740    i.auth_status_success_process  security_dispatcher.o
    0x0001a284   0x0001a284   0x0000009c   Code   RO         3055    i.battery_level_char_add  ble_bas.o
    0x0001a320   0x0001a320   0x00000048   Code   RO            7    i.battery_level_meas_timeout_handler  main.o
    0x0001a368   0x0001a368   0x0000000a   Code   RO         3056    i.battery_notification_send  ble_bas.o
    0x0001a372   0x0001a372   0x00000048   Code   RO         1305    i.blcm_link_ctx_get  ble_link_ctx_manager.o
    0x0001a3ba   0x0001a3ba   0x00000182   Code   RO          863    i.ble_advdata_encode  ble_advdata.o
    0x0001a53c   0x0001a53c   0x00000020   Code   RO          865    i.ble_advdata_parse  ble_advdata.o
    0x0001a55c   0x0001a55c   0x00000046   Code   RO          866    i.ble_advdata_search  ble_advdata.o
    0x0001a5a2   0x0001a5a2   0x00000006   Code   RO          971    i.ble_advertising_conn_cfg_tag_set  ble_advertising.o
    0x0001a5a8   0x0001a5a8   0x00000004   Code   RO            8    i.ble_advertising_error_handler  main.o
    0x0001a5ac   0x0001a5ac   0x000000f8   Code   RO          972    i.ble_advertising_init  ble_advertising.o
    0x0001a6a4   0x0001a6a4   0x0000006a   Code   RO          974    i.ble_advertising_on_ble_evt  ble_advertising.o
    0x0001a70e   0x0001a70e   0x00000022   Code   RO          975    i.ble_advertising_peer_addr_reply  ble_advertising.o
    0x0001a730   0x0001a730   0x0000003a   Code   RO          976    i.ble_advertising_restart_without_whitelist  ble_advertising.o
    0x0001a76a   0x0001a76a   0x00000202   Code   RO          977    i.ble_advertising_start  ble_advertising.o
    0x0001a96c   0x0001a96c   0x00000024   Code   RO          978    i.ble_advertising_whitelist_reply  ble_advertising.o
    0x0001a990   0x0001a990   0x000000c0   Code   RO         3057    i.ble_bas_battery_level_update  ble_bas.o
    0x0001aa50   0x0001aa50   0x0000003e   Code   RO         3059    i.ble_bas_init      ble_bas.o
    0x0001aa8e   0x0001aa8e   0x00000052   Code   RO         3060    i.ble_bas_on_ble_evt  ble_bas.o
    0x0001aae0   0x0001aae0   0x00000068   Code   RO         1062    i.ble_conn_params_init  ble_conn_params.o
    0x0001ab48   0x0001ab48   0x0000000c   Code   RO         1136    i.ble_conn_state_conn_handles  ble_conn_state.o
    0x0001ab54   0x0001ab54   0x00000012   Code   RO         1137    i.ble_conn_state_conn_idx  ble_conn_state.o
    0x0001ab66   0x0001ab66   0x00000002   PAD
    0x0001ab68   0x0001ab68   0x00000020   Code   RO         1138    i.ble_conn_state_encrypted  ble_conn_state.o
    0x0001ab88   0x0001ab88   0x0000002c   Code   RO         1140    i.ble_conn_state_for_each_set_user_flag  ble_conn_state.o
    0x0001abb4   0x0001abb4   0x00000020   Code   RO         1142    i.ble_conn_state_lesc  ble_conn_state.o
    0x0001abd4   0x0001abd4   0x00000020   Code   RO         1143    i.ble_conn_state_mitm_protected  ble_conn_state.o
    0x0001abf4   0x0001abf4   0x00000010   Code   RO         1146    i.ble_conn_state_role  ble_conn_state.o
    0x0001ac04   0x0001ac04   0x00000024   Code   RO         1147    i.ble_conn_state_status  ble_conn_state.o
    0x0001ac28   0x0001ac28   0x00000018   Code   RO         1148    i.ble_conn_state_user_flag_acquire  ble_conn_state.o
    0x0001ac40   0x0001ac40   0x00000030   Code   RO         1149    i.ble_conn_state_user_flag_get  ble_conn_state.o
    0x0001ac70   0x0001ac70   0x00000038   Code   RO         1150    i.ble_conn_state_user_flag_set  ble_conn_state.o
    0x0001aca8   0x0001aca8   0x00000014   Code   RO         1151    i.ble_conn_state_valid  ble_conn_state.o
    0x0001acbc   0x0001acbc   0x00000060   Code   RO          869    i.ble_device_addr_encode  ble_advdata.o
    0x0001ad1c   0x0001ad1c   0x0000013c   Code   RO         3115    i.ble_dis_init      ble_dis.o
    0x0001ae58   0x0001ae58   0x000000d4   Code   RO            9    i.ble_evt_handler   main.o
    0x0001af2c   0x0001af2c   0x00000070   Code   RO          736    i.ble_evt_handler   bsp_btn_ble.o
    0x0001af9c   0x0001af9c   0x000000fc   Code   RO         1064    i.ble_evt_handler   ble_conn_params.o
    0x0001b098   0x0001b098   0x00000108   Code   RO         1152    i.ble_evt_handler   ble_conn_state.o
    0x0001b1a0   0x0001b1a0   0x00000084   Code   RO         2283    i.ble_evt_handler   peer_manager.o
    0x0001b224   0x0001b224   0x00000082   Code   RO         3156    i.ble_hids_boot_kb_inp_rep_send  ble_hids.o
    0x0001b2a6   0x0001b2a6   0x00000270   Code   RO         3158    i.ble_hids_init     ble_hids.o
    0x0001b516   0x0001b516   0x00000002   PAD
    0x0001b518   0x0001b518   0x000000c4   Code   RO         3159    i.ble_hids_inp_rep_send  ble_hids.o
    0x0001b5dc   0x0001b5dc   0x00000022   Code   RO         3160    i.ble_hids_on_ble_evt  ble_hids.o
    0x0001b5fe   0x0001b5fe   0x00000002   PAD
    0x0001b600   0x0001b600   0x00000096   Code   RO         3161    i.ble_hids_outp_rep_get  ble_hids.o
    0x0001b696   0x0001b696   0x00000012   Code   RO         1329    i.ble_srv_ascii_to_utf8  ble_srv_common.o
    0x0001b6a8   0x0001b6a8   0x00000008   Code   RO         1331    i.ble_srv_is_notification_enabled  ble_srv_common.o
    0x0001b6b0   0x0001b6b0   0x0000000c   Code   RO         1332    i.ble_srv_report_ref_encode  ble_srv_common.o
    0x0001b6bc   0x0001b6bc   0x0000006c   Code   RO         3162    i.boot_inp_rep_char_add  ble_hids.o
    0x0001b728   0x0001b728   0x0000000c   Code   RO          505    i.bsp_board_button_idx_to_pin  boards.o
    0x0001b734   0x0001b734   0x00000020   Code   RO          506    i.bsp_board_button_state_get  boards.o
    0x0001b754   0x0001b754   0x00000054   Code   RO          507    i.bsp_board_init    boards.o
    0x0001b7a8   0x0001b7a8   0x00000024   Code   RO          509    i.bsp_board_led_invert  boards.o
    0x0001b7cc   0x0001b7cc   0x00000010   Code   RO          510    i.bsp_board_led_off  boards.o
    0x0001b7dc   0x0001b7dc   0x00000010   Code   RO          511    i.bsp_board_led_on  boards.o
    0x0001b7ec   0x0001b7ec   0x00000020   Code   RO          512    i.bsp_board_led_state_get  boards.o
    0x0001b80c   0x0001b80c   0x00000012   Code   RO          513    i.bsp_board_leds_off  boards.o
    0x0001b81e   0x0001b81e   0x00000012   Code   RO          514    i.bsp_board_leds_on  boards.o
    0x0001b830   0x0001b830   0x00000024   Code   RO          515    i.bsp_board_pin_to_button_idx  boards.o
    0x0001b854   0x0001b854   0x00000038   Code   RO          737    i.bsp_btn_ble_init  bsp_btn_ble.o
    0x0001b88c   0x0001b88c   0x0000001e   Code   RO          738    i.bsp_btn_ble_sleep_mode_prepare  bsp_btn_ble.o
    0x0001b8aa   0x0001b8aa   0x00000002   PAD
    0x0001b8ac   0x0001b8ac   0x00000090   Code   RO          619    i.bsp_button_event_handler  bsp.o
    0x0001b93c   0x0001b93c   0x0000000c   Code   RO          620    i.bsp_button_is_pressed  bsp.o
    0x0001b948   0x0001b948   0x00000078   Code   RO           10    i.bsp_event_handler  main.o
    0x0001b9c0   0x0001b9c0   0x00000044   Code   RO          623    i.bsp_event_to_button_action_assign  bsp.o
    0x0001ba04   0x0001ba04   0x00000018   Code   RO          624    i.bsp_indication_set  bsp.o
    0x0001ba1c   0x0001ba1c   0x00000094   Code   RO          625    i.bsp_init          bsp.o
    0x0001bab0   0x0001bab0   0x000001c8   Code   RO          626    i.bsp_led_indication  bsp.o
    0x0001bc78   0x0001bc78   0x00000006   Code   RO          628    i.bsp_wakeup_button_enable  bsp.o
    0x0001bc7e   0x0001bc7e   0x00000002   PAD
    0x0001bc80   0x0001bc80   0x00000094   Code   RO         6604    i.buf_prealloc      nrf_log_frontend.o
    0x0001bd14   0x0001bd14   0x0000002e   Code   RO         5851    i.buffer_add        nrf_fprintf_format.o
    0x0001bd42   0x0001bd42   0x00000002   PAD
    0x0001bd44   0x0001bd44   0x00000078   Code   RO           11    i.buffer_dequeue    main.o
    0x0001bdbc   0x0001bdbc   0x00000050   Code   RO           12    i.buffer_enqueue    main.o
    0x0001be0c   0x0001be0c   0x00000018   Code   RO         6605    i.buffer_is_empty   nrf_log_frontend.o
    0x0001be24   0x0001be24   0x00000028   Code   RO         4479    i.button_get        app_button.o
    0x0001be4c   0x0001be4c   0x00000008   Code   RO          629    i.button_timer_handler  bsp.o
    0x0001be54   0x0001be54   0x00000028   Code   RO         1392    i.car_update_needed  gatt_cache_manager.o
    0x0001be7c   0x0001be7c   0x00000040   Code   RO         1393    i.car_update_pending_handle  gatt_cache_manager.o
    0x0001bebc   0x0001bebc   0x0000001c   Code   RO         3766    i.channel_free      nrfx_gpiote.o
    0x0001bed8   0x0001bed8   0x00000048   Code   RO         3767    i.channel_port_alloc  nrfx_gpiote.o
    0x0001bf20   0x0001bf20   0x00000010   Code   RO         3768    i.channel_port_get  nrfx_gpiote.o
    0x0001bf30   0x0001bf30   0x00000060   Code   RO         3116    i.char_add          ble_dis.o
    0x0001bf90   0x0001bf90   0x00000190   Code   RO         1333    i.characteristic_add  ble_srv_common.o
    0x0001c120   0x0001c120   0x0000003e   Code   RO         2193    i.claim             peer_id.o
    0x0001c15e   0x0001c15e   0x00000002   PAD
    0x0001c160   0x0001c160   0x00000028   Code   RO         3281    i.clock_clk_started_notify  nrf_drv_clock.o
    0x0001c188   0x0001c188   0x0000001c   Code   RO         3282    i.clock_irq_handler  nrf_drv_clock.o
    0x0001c1a4   0x0001c1a4   0x00000018   Code   RO         4734    i.compare_func      app_timer2.o
    0x0001c1bc   0x0001c1bc   0x0000003e   Code   RO         1153    i.conn_handle_list_get  ble_conn_state.o
    0x0001c1fa   0x0001c1fa   0x00000088   Code   RO          870    i.conn_int_encode   ble_advdata.o
    0x0001c282   0x0001c282   0x00000004   Code   RO           13    i.conn_params_error_handler  main.o
    0x0001c286   0x0001c286   0x00000002   PAD
    0x0001c288   0x0001c288   0x00000048   Code   RO         1065    i.conn_params_negotiation  ble_conn_params.o
    0x0001c2d0   0x0001c2d0   0x00000044   Code   RO         2741    i.conn_sec_failure  security_dispatcher.o
    0x0001c314   0x0001c314   0x00000004   Code   RO         2596    i.conn_secure       peer_manager_handler.o
    0x0001c318   0x0001c318   0x00000030   Code   RO         1394    i.db_update_pending_handle  gatt_cache_manager.o
    0x0001c348   0x0001c348   0x0000008c   Code   RO         5136    i.delete_execute    fds.o
    0x0001c3d4   0x0001c3d4   0x000000aa   Code   RO         1334    i.descriptor_add    ble_srv_common.o
    0x0001c47e   0x0001c47e   0x00000002   PAD
    0x0001c480   0x0001c480   0x00000048   Code   RO         4480    i.detection_delay_timeout_handler  app_button.o
    0x0001c4c8   0x0001c4c8   0x00000014   Code   RO         6606    i.dropped_sat16_get  nrf_log_frontend.o
    0x0001c4dc   0x0001c4dc   0x00000014   Code   RO         4968    i.drv_rtc_compare_disable  drv_rtc.o
    0x0001c4f0   0x0001c4f0   0x0000000e   Code   RO         4971    i.drv_rtc_compare_pending  drv_rtc.o
    0x0001c4fe   0x0001c4fe   0x00000050   Code   RO         4972    i.drv_rtc_compare_set  drv_rtc.o
    0x0001c54e   0x0001c54e   0x00000008   Code   RO         4973    i.drv_rtc_counter_get  drv_rtc.o
    0x0001c556   0x0001c556   0x00000002   PAD
    0x0001c558   0x0001c558   0x000000d8   Code   RO         4974    i.drv_rtc_init      drv_rtc.o
    0x0001c630   0x0001c630   0x0000001e   Code   RO         4975    i.drv_rtc_irq_trigger  drv_rtc.o
    0x0001c64e   0x0001c64e   0x00000008   Code   RO         4977    i.drv_rtc_overflow_enable  drv_rtc.o
    0x0001c656   0x0001c656   0x00000008   Code   RO         4978    i.drv_rtc_overflow_pending  drv_rtc.o
    0x0001c65e   0x0001c65e   0x00000008   Code   RO         4979    i.drv_rtc_start     drv_rtc.o
    0x0001c666   0x0001c666   0x00000008   Code   RO         4980    i.drv_rtc_stop      drv_rtc.o
    0x0001c66e   0x0001c66e   0x000000de   Code   RO         4985    i.drv_rtc_windowed_compare_set  drv_rtc.o
    0x0001c74c   0x0001c74c   0x0000000a   Code   RO         2742    i.encryption_failure  security_dispatcher.o
    0x0001c756   0x0001c756   0x00000002   PAD
    0x0001c758   0x0001c758   0x0000004c   Code   RO         5978    i.erase             nrf_fstorage_sd.o
    0x0001c7a4   0x0001c7a4   0x00000074   Code   RO         5137    i.event_prepare     fds.o
    0x0001c818   0x0001c818   0x00000020   Code   RO         5138    i.event_send        fds.o
    0x0001c838   0x0001c838   0x00000054   Code   RO         5979    i.event_send        nrf_fstorage_sd.o
    0x0001c88c   0x0001c88c   0x00000098   Code   RO         2880    i.events_send_from_err_code  security_manager.o
    0x0001c924   0x0001c924   0x00000012   Code   RO         4986    i.evt_enable        drv_rtc.o
    0x0001c936   0x0001c936   0x00000002   PAD
    0x0001c938   0x0001c938   0x000000e0   Code   RO         4481    i.evt_handle        app_button.o
    0x0001ca18   0x0001ca18   0x00000014   Code   RO         4987    i.evt_pending       drv_rtc.o
    0x0001ca2c   0x0001ca2c   0x0000001c   Code   RO         1395    i.evt_send          gatt_cache_manager.o
    0x0001ca48   0x0001ca48   0x0000001c   Code   RO         1557    i.evt_send          gatts_cache_manager.o
    0x0001ca64   0x0001ca64   0x0000002c   Code   RO         2284    i.evt_send          peer_manager.o
    0x0001ca90   0x0001ca90   0x0000001c   Code   RO         2743    i.evt_send          security_dispatcher.o
    0x0001caac   0x0001caac   0x0000000c   Code   RO         2881    i.evt_send          security_manager.o
    0x0001cab8   0x0001cab8   0x000000e0   Code   RO         1934    i.fds_evt_handler   peer_data_storage.o
    0x0001cb98   0x0001cb98   0x00000048   Code   RO         5140    i.fds_file_delete   fds.o
    0x0001cbe0   0x0001cbe0   0x00000040   Code   RO         5141    i.fds_gc            fds.o
    0x0001cc20   0x0001cc20   0x000000e8   Code   RO         5142    i.fds_init          fds.o
    0x0001cd08   0x0001cd08   0x00000048   Code   RO         5143    i.fds_record_close  fds.o
    0x0001cd50   0x0001cd50   0x0000000e   Code   RO         5145    i.fds_record_find   fds.o
    0x0001cd5e   0x0001cd5e   0x00000010   Code   RO         5146    i.fds_record_find_by_key  fds.o
    0x0001cd6e   0x0001cd6e   0x00000010   Code   RO         5147    i.fds_record_find_in_file  fds.o
    0x0001cd7e   0x0001cd7e   0x00000012   Code   RO         5148    i.fds_record_id_from_desc  fds.o
    0x0001cd90   0x0001cd90   0x0000004c   Code   RO         5150    i.fds_record_open   fds.o
    0x0001cddc   0x0001cddc   0x00000010   Code   RO         5151    i.fds_record_update  fds.o
    0x0001cdec   0x0001cdec   0x00000008   Code   RO         5152    i.fds_record_write  fds.o
    0x0001cdf4   0x0001cdf4   0x00000030   Code   RO         5154    i.fds_register      fds.o
    0x0001ce24   0x0001ce24   0x000000a0   Code   RO         5157    i.fds_stat          fds.o
    0x0001cec4   0x0001cec4   0x00000014   Code   RO         1935    i.file_id_within_pm_range  peer_data_storage.o
    0x0001ced8   0x0001ced8   0x00000012   Code   RO         2744    i.flag_id_init      security_dispatcher.o
    0x0001ceea   0x0001ceea   0x00000012   Code   RO         2882    i.flag_id_init      security_manager.o
    0x0001cefc   0x0001cefc   0x0000000a   Code   RO         1154    i.flag_toggle       ble_conn_state.o
    0x0001cf06   0x0001cf06   0x00000028   Code   RO          979    i.flags_set         ble_advertising.o
    0x0001cf2e   0x0001cf2e   0x00000002   PAD
    0x0001cf30   0x0001cf30   0x00000030   Code   RO         2883    i.flags_set_from_err_code  security_manager.o
    0x0001cf60   0x0001cf60   0x00000030   Code   RO         1155    i.for_each_set_flag  ble_conn_state.o
    0x0001cf90   0x0001cf90   0x00000006   Code   RO         5158    i.fs_event_handler  fds.o
    0x0001cf96   0x0001cf96   0x00000002   PAD
    0x0001cf98   0x0001cf98   0x0000006c   Code   RO           14    i.gap_params_init   main.o
    0x0001d004   0x0001d004   0x00000080   Code   RO         5159    i.gc_execute        fds.o
    0x0001d084   0x0001d084   0x0000004c   Code   RO         5160    i.gc_next_page      fds.o
    0x0001d0d0   0x0001d0d0   0x00000040   Code   RO         5161    i.gc_page_erase     fds.o
    0x0001d110   0x0001d110   0x00000034   Code   RO         5162    i.gc_record_copy    fds.o
    0x0001d144   0x0001d144   0x00000024   Code   RO         5163    i.gc_record_find_next  fds.o
    0x0001d168   0x0001d168   0x00000070   Code   RO         5164    i.gc_state_advance  fds.o
    0x0001d1d8   0x0001d1d8   0x00000030   Code   RO         5165    i.gc_swap_pages     fds.o
    0x0001d208   0x0001d208   0x00000230   Code   RO         1396    i.gcm_ble_evt_handler  gatt_cache_manager.o
    0x0001d438   0x0001d438   0x0000003c   Code   RO         1397    i.gcm_im_evt_handler  gatt_cache_manager.o
    0x0001d474   0x0001d474   0x00000094   Code   RO         1398    i.gcm_init          gatt_cache_manager.o
    0x0001d508   0x0001d508   0x00000088   Code   RO         1401    i.gcm_pdb_evt_handler  gatt_cache_manager.o
    0x0001d590   0x0001d590   0x00000034   Code   RO         4735    i.get_now           app_timer2.o
    0x0001d5c4   0x0001d5c4   0x0000003c   Code   RO         4482    i.gpiote_event_handler  app_button.o
    0x0001d600   0x0001d600   0x0000001c   Code   RO         1558    i.gscm_db_change_notification_done  gatts_cache_manager.o
    0x0001d61c   0x0001d61c   0x00000014   Code   RO         1559    i.gscm_init         gatts_cache_manager.o
    0x0001d630   0x0001d630   0x00000090   Code   RO         1561    i.gscm_local_db_cache_apply  gatts_cache_manager.o
    0x0001d6c0   0x0001d6c0   0x00000148   Code   RO         1562    i.gscm_local_db_cache_update  gatts_cache_manager.o
    0x0001d808   0x0001d808   0x00000018   Code   RO         1563    i.gscm_pdb_evt_handler  gatts_cache_manager.o
    0x0001d820   0x0001d820   0x0000001e   Code   RO         1564    i.gscm_service_changed_ind_needed  gatts_cache_manager.o
    0x0001d83e   0x0001d83e   0x00000002   PAD
    0x0001d840   0x0001d840   0x0000005c   Code   RO         1565    i.gscm_service_changed_ind_send  gatts_cache_manager.o
    0x0001d89c   0x0001d89c   0x0000002c   Code   RO         5166    i.header_check      fds.o
    0x0001d8c8   0x0001d8c8   0x00000012   Code   RO         5167    i.header_has_next   fds.o
    0x0001d8da   0x0001d8da   0x00000062   Code   RO         3163    i.hid_information_char_add  ble_hids.o
    0x0001d93c   0x0001d93c   0x000000e4   Code   RO           15    i.hids_init         main.o
    0x0001da20   0x0001da20   0x00000030   Code   RO           16    i.identities_set    main.o
    0x0001da50   0x0001da50   0x00000046   Code   RO         1654    i.im_address_resolve  id_manager.o
    0x0001da96   0x0001da96   0x00000002   PAD
    0x0001da98   0x0001da98   0x00000038   Code   RO         1655    i.im_ble_addr_get   id_manager.o
    0x0001dad0   0x0001dad0   0x000000dc   Code   RO         1656    i.im_ble_evt_handler  id_manager.o
    0x0001dbac   0x0001dbac   0x00000040   Code   RO         1657    i.im_conn_handle_get  id_manager.o
    0x0001dbec   0x0001dbec   0x000000ec   Code   RO         1658    i.im_device_identities_list_set  id_manager.o
    0x0001dcd8   0x0001dcd8   0x00000038   Code   RO         1659    i.im_find_duplicate_bonding_data  id_manager.o
    0x0001dd10   0x0001dd10   0x00000072   Code   RO         1662    i.im_is_duplicate_bonding_data  id_manager.o
    0x0001dd82   0x0001dd82   0x00000018   Code   RO         1663    i.im_master_id_is_valid  id_manager.o
    0x0001dd9a   0x0001dd9a   0x0000002a   Code   RO         1664    i.im_master_ids_compare  id_manager.o
    0x0001ddc4   0x0001ddc4   0x00000014   Code   RO         1665    i.im_new_peer_id    id_manager.o
    0x0001ddd8   0x0001ddd8   0x0000002c   Code   RO         1666    i.im_peer_free      id_manager.o
    0x0001de04   0x0001de04   0x00000024   Code   RO         1667    i.im_peer_id_get_by_conn_handle  id_manager.o
    0x0001de28   0x0001de28   0x0000003c   Code   RO         1668    i.im_peer_id_get_by_master_id  id_manager.o
    0x0001de64   0x0001de64   0x00000038   Code   RO         1671    i.im_whitelist_get  id_manager.o
    0x0001de9c   0x0001de9c   0x00000074   Code   RO         1672    i.im_whitelist_set  id_manager.o
    0x0001df10   0x0001df10   0x00000034   Code   RO         5980    i.init              nrf_fstorage_sd.o
    0x0001df44   0x0001df44   0x000000c4   Code   RO         5168    i.init_execute      fds.o
    0x0001e008   0x0001e008   0x0000006c   Code   RO         3164    i.inp_rep_characteristics_add  ble_hids.o
    0x0001e074   0x0001e074   0x00000014   Code   RO         1066    i.instance_get      ble_conn_params.o
    0x0001e088   0x0001e088   0x000000a6   Code   RO         5852    i.int_print         nrf_fprintf_format.o
    0x0001e12e   0x0001e12e   0x00000034   Code   RO         6607    i.invalid_packets_omit  nrf_log_frontend.o
    0x0001e162   0x0001e162   0x00000002   PAD
    0x0001e164   0x0001e164   0x00000010   Code   RO         5981    i.is_busy           nrf_fstorage_sd.o
    0x0001e174   0x0001e174   0x00000044   Code   RO         1067    i.is_conn_params_ok  ble_conn_params.o
    0x0001e1b8   0x0001e1b8   0x00000014   Code   RO         1673    i.is_valid_irk      id_manager.o
    0x0001e1cc   0x0001e1cc   0x0000000c   Code   RO         5169    i.is_word_aligned   fds.o
    0x0001e1d8   0x0001e1d8   0x0000004c   Code   RO           17    i.keys_send         main.o
    0x0001e224   0x0001e224   0x00000030   Code   RO          630    i.leds_off          bsp.o
    0x0001e254   0x0001e254   0x00000014   Code   RO          631    i.leds_timer_handler  bsp.o
    0x0001e268   0x0001e268   0x0000000e   Code   RO         1818    i.link_init         nrf_ble_gatt.o
    0x0001e276   0x0001e276   0x00000002   PAD
    0x0001e278   0x0001e278   0x000000d0   Code   RO         2884    i.link_secure       security_manager.o
    0x0001e348   0x0001e348   0x0000003c   Code   RO         2745    i.link_secure_failure  security_dispatcher.o
    0x0001e384   0x0001e384   0x0000002c   Code   RO         2885    i.link_secure_pending_handle  security_manager.o
    0x0001e3b0   0x0001e3b0   0x000000a8   Code   RO         1402    i.local_db_apply_in_evt  gatt_cache_manager.o
    0x0001e458   0x0001e458   0x00000010   Code   RO         1403    i.local_db_update   gatt_cache_manager.o
    0x0001e468   0x0001e468   0x00000114   Code   RO         1404    i.local_db_update_in_evt  gatt_cache_manager.o
    0x0001e57c   0x0001e57c   0x00000002   Code   RO         6608    i.log_pending_hook  nrf_log_frontend.o
    0x0001e57e   0x0001e57e   0x00000002   PAD
    0x0001e580   0x0001e580   0x000000a4   Code   RO         6609    i.log_skip          nrf_log_frontend.o
    0x0001e624   0x0001e624   0x000001b8   Code   RO           18    i.main              main.o
    0x0001e7dc   0x0001e7dc   0x00000012   Code   RO         3165    i.make_char_id      ble_hids.o
    0x0001e7ee   0x0001e7ee   0x00000064   Code   RO          871    i.manuf_specific_data_encode  ble_advdata.o
    0x0001e852   0x0001e852   0x0000007e   Code   RO         6090    i.memobj_op         nrf_memobj.o
    0x0001e8d0   0x0001e8d0   0x00000030   Code   RO         6610    i.module_idx_get    nrf_log_frontend.o
    0x0001e900   0x0001e900   0x00000008   Code   RO         2692    i.mutex_lock_status_get  pm_buffer.o
    0x0001e908   0x0001e908   0x000000a6   Code   RO          872    i.name_encode       ble_advdata.o
    0x0001e9ae   0x0001e9ae   0x00000002   PAD
    0x0001e9b0   0x0001e9b0   0x00000014   Code   RO         2886    i.new_context_get   security_manager.o
    0x0001e9c4   0x0001e9c4   0x00000032   Code   RO         2887    i.new_evt           security_manager.o
    0x0001e9f6   0x0001e9f6   0x00000030   Code   RO         2194    i.next_id_get       peer_id.o
    0x0001ea26   0x0001ea26   0x00000010   Code   RO         5505    i.nrf_atfifo_clear  nrf_atfifo.o
    0x0001ea36   0x0001ea36   0x00000026   Code   RO         5507    i.nrf_atfifo_init   nrf_atfifo.o
    0x0001ea5c   0x0001ea5c   0x00000016   Code   RO         5508    i.nrf_atfifo_item_alloc  nrf_atfifo.o
    0x0001ea72   0x0001ea72   0x00000016   Code   RO         5509    i.nrf_atfifo_item_free  nrf_atfifo.o
    0x0001ea88   0x0001ea88   0x00000016   Code   RO         5510    i.nrf_atfifo_item_get  nrf_atfifo.o
    0x0001ea9e   0x0001ea9e   0x00000016   Code   RO         5511    i.nrf_atfifo_item_put  nrf_atfifo.o
    0x0001eab4   0x0001eab4   0x00000016   Code   RO         5573    i.nrf_atflags_clear  nrf_atflags.o
    0x0001eaca   0x0001eaca   0x00000020   Code   RO         5575    i.nrf_atflags_fetch_set  nrf_atflags.o
    0x0001eaea   0x0001eaea   0x0000004a   Code   RO         5577    i.nrf_atflags_find_and_set_flag  nrf_atflags.o
    0x0001eb34   0x0001eb34   0x00000016   Code   RO         5578    i.nrf_atflags_get   nrf_atflags.o
    0x0001eb4a   0x0001eb4a   0x00000014   Code   RO         5580    i.nrf_atflags_set   nrf_atflags.o
    0x0001eb5e   0x0001eb5e   0x00000006   Code   RO         5641    i.nrf_atomic_flag_clear_fetch  nrf_atomic.o
    0x0001eb64   0x0001eb64   0x00000006   Code   RO         5642    i.nrf_atomic_flag_set  nrf_atomic.o
    0x0001eb6a   0x0001eb6a   0x00000006   Code   RO         5643    i.nrf_atomic_flag_set_fetch  nrf_atomic.o
    0x0001eb70   0x0001eb70   0x0000000c   Code   RO         5644    i.nrf_atomic_u32_add  nrf_atomic.o
    0x0001eb7c   0x0001eb7c   0x0000000c   Code   RO         5645    i.nrf_atomic_u32_and  nrf_atomic.o
    0x0001eb88   0x0001eb88   0x0000000a   Code   RO         5647    i.nrf_atomic_u32_fetch_add  nrf_atomic.o
    0x0001eb92   0x0001eb92   0x0000000a   Code   RO         5648    i.nrf_atomic_u32_fetch_and  nrf_atomic.o
    0x0001eb9c   0x0001eb9c   0x0000000a   Code   RO         5649    i.nrf_atomic_u32_fetch_or  nrf_atomic.o
    0x0001eba6   0x0001eba6   0x0000000a   Code   RO         5650    i.nrf_atomic_u32_fetch_store  nrf_atomic.o
    0x0001ebb0   0x0001ebb0   0x0000000c   Code   RO         5654    i.nrf_atomic_u32_or  nrf_atomic.o
    0x0001ebbc   0x0001ebbc   0x0000000c   Code   RO         5656    i.nrf_atomic_u32_sub  nrf_atomic.o
    0x0001ebc8   0x0001ebc8   0x00000044   Code   RO         5775    i.nrf_balloc_alloc  nrf_balloc.o
    0x0001ec0c   0x0001ec0c   0x00000030   Code   RO         5776    i.nrf_balloc_free   nrf_balloc.o
    0x0001ec3c   0x0001ec3c   0x00000030   Code   RO         5777    i.nrf_balloc_init   nrf_balloc.o
    0x0001ec6c   0x0001ec6c   0x00000010   Code   RO         3769    i.nrf_bitmask_bit_is_set  nrfx_gpiote.o
    0x0001ec7c   0x0001ec7c   0x00000022   Code   RO         1822    i.nrf_ble_gatt_init  nrf_ble_gatt.o
    0x0001ec9e   0x0001ec9e   0x00000002   PAD
    0x0001eca0   0x0001eca0   0x000000f4   Code   RO         1823    i.nrf_ble_gatt_on_ble_evt  nrf_ble_gatt.o
    0x0001ed94   0x0001ed94   0x00000016   Code   RO         1893    i.nrf_ble_qwr_conn_handle_assign  nrf_ble_qwr.o
    0x0001edaa   0x0001edaa   0x00000024   Code   RO         1894    i.nrf_ble_qwr_init  nrf_ble_qwr.o
    0x0001edce   0x0001edce   0x000000b6   Code   RO         1895    i.nrf_ble_qwr_on_ble_evt  nrf_ble_qwr.o
    0x0001ee84   0x0001ee84   0x0000000e   Code   RO         3627    i.nrf_clock_event_check  nrfx_clock.o
    0x0001ee92   0x0001ee92   0x00000010   Code   RO         3628    i.nrf_clock_event_clear  nrfx_clock.o
    0x0001eea2   0x0001eea2   0x00000002   PAD
    0x0001eea4   0x0001eea4   0x00000040   Code   RO         3289    i.nrf_drv_clock_init  nrf_drv_clock.o
    0x0001eee4   0x0001eee4   0x00000034   Code   RO         3293    i.nrf_drv_clock_lfclk_release  nrf_drv_clock.o
    0x0001ef18   0x0001ef18   0x0000001a   Code   RO         5812    i.nrf_fprintf       nrf_fprintf.o
    0x0001ef32   0x0001ef32   0x00000018   Code   RO         5813    i.nrf_fprintf_buffer_flush  nrf_fprintf.o
    0x0001ef4a   0x0001ef4a   0x000001da   Code   RO         5853    i.nrf_fprintf_fmt   nrf_fprintf_format.o
    0x0001f124   0x0001f124   0x00000138   Code   RO         5893    i.nrf_fstorage_erase  nrf_fstorage.o
    0x0001f25c   0x0001f25c   0x00000094   Code   RO         5894    i.nrf_fstorage_init  nrf_fstorage.o
    0x0001f2f0   0x0001f2f0   0x00000018   Code   RO         5982    i.nrf_fstorage_sdh_req_handler  nrf_fstorage_sd.o
    0x0001f308   0x0001f308   0x00000020   Code   RO         5983    i.nrf_fstorage_sdh_state_handler  nrf_fstorage_sd.o
    0x0001f328   0x0001f328   0x000000a4   Code   RO         5984    i.nrf_fstorage_sys_evt_handler  nrf_fstorage_sd.o
    0x0001f3cc   0x0001f3cc   0x000001dc   Code   RO         5900    i.nrf_fstorage_write  nrf_fstorage.o
    0x0001f5a8   0x0001f5a8   0x00000024   Code   RO          517    i.nrf_gpio_cfg      boards.o
    0x0001f5cc   0x0001f5cc   0x00000024   Code   RO         3770    i.nrf_gpio_cfg      nrfx_gpiote.o
    0x0001f5f0   0x0001f5f0   0x00000022   Code   RO         3772    i.nrf_gpio_cfg_sense_set  nrfx_gpiote.o
    0x0001f612   0x0001f612   0x00000002   PAD
    0x0001f614   0x0001f614   0x0000002c   Code   RO         3773    i.nrf_gpio_latches_read_and_clear  nrfx_gpiote.o
    0x0001f640   0x0001f640   0x00000040   Code   RO         3774    i.nrf_gpio_pin_present_check  nrfx_gpiote.o
    0x0001f680   0x0001f680   0x00000016   Code   RO          518    i.nrf_gpio_pin_write  boards.o
    0x0001f696   0x0001f696   0x00000002   PAD
    0x0001f698   0x0001f698   0x00000014   Code   RO         3775    i.nrf_gpiote_event_clear  nrfx_gpiote.o
    0x0001f6ac   0x0001f6ac   0x00000010   Code   RO         3776    i.nrf_gpiote_event_is_set  nrfx_gpiote.o
    0x0001f6bc   0x0001f6bc   0x0000005c   Code   RO         6611    i.nrf_log_backend_add  nrf_log_frontend.o
    0x0001f718   0x0001f718   0x00000002   Code   RO         6447    i.nrf_log_backend_rtt_flush  nrf_log_backend_rtt.o
    0x0001f71a   0x0001f71a   0x00000004   Code   RO         6448    i.nrf_log_backend_rtt_init  nrf_log_backend_rtt.o
    0x0001f71e   0x0001f71e   0x00000002   Code   RO         6449    i.nrf_log_backend_rtt_panic_set  nrf_log_backend_rtt.o
    0x0001f720   0x0001f720   0x00000018   Code   RO         6450    i.nrf_log_backend_rtt_put  nrf_log_backend_rtt.o
    0x0001f738   0x0001f738   0x000000c8   Code   RO         6516    i.nrf_log_backend_serial_put  nrf_log_backend_serial.o
    0x0001f800   0x0001f800   0x00000030   Code   RO         6613    i.nrf_log_color_id_get  nrf_log_frontend.o
    0x0001f830   0x0001f830   0x0000001c   Code   RO         6568    i.nrf_log_default_backends_init  nrf_log_default_backends.o
    0x0001f84c   0x0001f84c   0x00000238   Code   RO         6614    i.nrf_log_frontend_dequeue  nrf_log_frontend.o
    0x0001fa84   0x0001fa84   0x00000008   Code   RO         6616    i.nrf_log_frontend_std_0  nrf_log_frontend.o
    0x0001fa8c   0x0001fa8c   0x0000000e   Code   RO         6617    i.nrf_log_frontend_std_1  nrf_log_frontend.o
    0x0001fa9a   0x0001fa9a   0x00000010   Code   RO         6618    i.nrf_log_frontend_std_2  nrf_log_frontend.o
    0x0001faaa   0x0001faaa   0x00000012   Code   RO         6619    i.nrf_log_frontend_std_3  nrf_log_frontend.o
    0x0001fabc   0x0001fabc   0x00000014   Code   RO         6620    i.nrf_log_frontend_std_4  nrf_log_frontend.o
    0x0001fad0   0x0001fad0   0x000000b0   Code   RO         6797    i.nrf_log_hexdump_entry_process  nrf_log_str_formatter.o
    0x0001fb80   0x0001fb80   0x00000028   Code   RO         6623    i.nrf_log_init      nrf_log_frontend.o
    0x0001fba8   0x0001fba8   0x00000014   Code   RO         6624    i.nrf_log_module_cnt_get  nrf_log_frontend.o
    0x0001fbbc   0x0001fbbc   0x0000001c   Code   RO         6627    i.nrf_log_module_name_get  nrf_log_frontend.o
    0x0001fbd8   0x0001fbd8   0x00000028   Code   RO         6628    i.nrf_log_panic     nrf_log_frontend.o
    0x0001fc00   0x0001fc00   0x000000b6   Code   RO         6798    i.nrf_log_std_entry_process  nrf_log_str_formatter.o
    0x0001fcb6   0x0001fcb6   0x00000060   Code   RO         6091    i.nrf_memobj_alloc  nrf_memobj.o
    0x0001fd16   0x0001fd16   0x00000032   Code   RO         6092    i.nrf_memobj_free   nrf_memobj.o
    0x0001fd48   0x0001fd48   0x00000008   Code   RO         6093    i.nrf_memobj_get    nrf_memobj.o
    0x0001fd50   0x0001fd50   0x00000004   Code   RO         6094    i.nrf_memobj_pool_init  nrf_memobj.o
    0x0001fd54   0x0001fd54   0x0000001e   Code   RO         6095    i.nrf_memobj_put    nrf_memobj.o
    0x0001fd72   0x0001fd72   0x00000010   Code   RO         6096    i.nrf_memobj_read   nrf_memobj.o
    0x0001fd82   0x0001fd82   0x00000010   Code   RO         6097    i.nrf_memobj_write  nrf_memobj.o
    0x0001fd92   0x0001fd92   0x00000002   PAD
    0x0001fd94   0x0001fd94   0x00000028   Code   RO         6169    i.nrf_pwr_mgmt_init  nrf_pwr_mgmt.o
    0x0001fdbc   0x0001fdbc   0x00000014   Code   RO         6170    i.nrf_pwr_mgmt_run  nrf_pwr_mgmt.o
    0x0001fdd0   0x0001fdd0   0x00000004   Code   RO           19    i.nrf_qwr_error_handler  main.o
    0x0001fdd4   0x0001fdd4   0x0000001c   Code   RO         6236    i.nrf_ringbuf_init  nrf_ringbuf.o
    0x0001fdf0   0x0001fdf0   0x0000000c   Code   RO         4988    i.nrf_rtc_event_clear  drv_rtc.o
    0x0001fdfc   0x0001fdfc   0x00000014   Code   RO         7330    i.nrf_sdh_ble_app_ram_start_get  nrf_sdh_ble.o
    0x0001fe10   0x0001fe10   0x000000f8   Code   RO         7331    i.nrf_sdh_ble_default_cfg_set  nrf_sdh_ble.o
    0x0001ff08   0x0001ff08   0x00000130   Code   RO         7332    i.nrf_sdh_ble_enable  nrf_sdh_ble.o
    0x00020038   0x00020038   0x0000005c   Code   RO         7333    i.nrf_sdh_ble_evts_poll  nrf_sdh_ble.o
    0x00020094   0x00020094   0x00000054   Code   RO         7207    i.nrf_sdh_disable_request  nrf_sdh.o
    0x000200e8   0x000200e8   0x00000074   Code   RO         7208    i.nrf_sdh_enable_request  nrf_sdh.o
    0x0002015c   0x0002015c   0x00000024   Code   RO         7209    i.nrf_sdh_evts_poll  nrf_sdh.o
    0x00020180   0x00020180   0x0000000c   Code   RO         7210    i.nrf_sdh_is_enabled  nrf_sdh.o
    0x0002018c   0x0002018c   0x0000001c   Code   RO         7212    i.nrf_sdh_request_continue  nrf_sdh.o
    0x000201a8   0x000201a8   0x0000003c   Code   RO         7384    i.nrf_sdh_soc_evts_poll  nrf_sdh_soc.o
    0x000201e4   0x000201e4   0x0000000a   Code   RO         6294    i.nrf_section_iter_init  nrf_section_iter.o
    0x000201ee   0x000201ee   0x00000024   Code   RO         6295    i.nrf_section_iter_item_set  nrf_section_iter.o
    0x00020212   0x00020212   0x00000020   Code   RO         6296    i.nrf_section_iter_next  nrf_section_iter.o
    0x00020232   0x00020232   0x00000022   Code   RO         6329    i.nrf_sortlist_add  nrf_sortlist.o
    0x00020254   0x00020254   0x00000006   Code   RO         6331    i.nrf_sortlist_peek  nrf_sortlist.o
    0x0002025a   0x0002025a   0x0000000e   Code   RO         6332    i.nrf_sortlist_pop  nrf_sortlist.o
    0x00020268   0x00020268   0x0000001e   Code   RO         6333    i.nrf_sortlist_remove  nrf_sortlist.o
    0x00020286   0x00020286   0x00000002   PAD
    0x00020288   0x00020288   0x00000038   Code   RO         6385    i.nrf_strerror_find  nrf_strerror.o
    0x000202c0   0x000202c0   0x00000014   Code   RO         6386    i.nrf_strerror_get  nrf_strerror.o
    0x000202d4   0x000202d4   0x00000010   Code   RO         3296    i.nrf_wdt_started   nrf_drv_clock.o
    0x000202e4   0x000202e4   0x0000002c   Code   RO         3633    i.nrfx_clock_enable  nrfx_clock.o
    0x00020310   0x00020310   0x0000001c   Code   RO         3636    i.nrfx_clock_init   nrfx_clock.o
    0x0002032c   0x0002032c   0x00000030   Code   RO         3639    i.nrfx_clock_lfclk_stop  nrfx_clock.o
    0x0002035c   0x0002035c   0x00000010   Code   RO         4989    i.nrfx_coredep_delay_us  drv_rtc.o
    0x0002036c   0x0002036c   0x000000a0   Code   RO         3782    i.nrfx_gpiote_in_event_enable  nrfx_gpiote.o
    0x0002040c   0x0002040c   0x000000cc   Code   RO         3784    i.nrfx_gpiote_in_init  nrfx_gpiote.o
    0x000204d8   0x000204d8   0x00000014   Code   RO         3785    i.nrfx_gpiote_in_is_set  nrfx_gpiote.o
    0x000204ec   0x000204ec   0x00000074   Code   RO         3787    i.nrfx_gpiote_init  nrfx_gpiote.o
    0x00020560   0x00020560   0x00000014   Code   RO         3788    i.nrfx_gpiote_is_init  nrfx_gpiote.o
    0x00020574   0x00020574   0x00000018   Code   RO         7428    i.nvmc_config       system_nrf52.o
    0x0002058c   0x0002058c   0x000001a0   Code   RO           20    i.on_adv_evt        main.o
    0x0002072c   0x0002072c   0x000000ac   Code   RO         3166    i.on_connect        ble_hids.o
    0x000207d8   0x000207d8   0x0000008c   Code   RO         1824    i.on_connected_evt  nrf_ble_gatt.o
    0x00020864   0x00020864   0x000000b0   Code   RO         1825    i.on_exchange_mtu_request_evt  nrf_ble_gatt.o
    0x00020914   0x00020914   0x000000d0   Code   RO           21    i.on_hid_rep_char_write  main.o
    0x000209e4   0x000209e4   0x00000028   Code   RO           22    i.on_hids_evt       main.o
    0x00020a0c   0x00020a0c   0x0000005e   Code   RO         3167    i.on_protocol_mode_read_auth  ble_hids.o
    0x00020a6a   0x00020a6a   0x0000003c   Code   RO         3168    i.on_report_cccd_write  ble_hids.o
    0x00020aa6   0x00020aa6   0x00000084   Code   RO         3169    i.on_report_value_read_auth  ble_hids.o
    0x00020b2a   0x00020b2a   0x00000076   Code   RO         3170    i.on_report_value_write  ble_hids.o
    0x00020ba0   0x00020ba0   0x000000ce   Code   RO         3171    i.on_rw_authorize_request  ble_hids.o
    0x00020c6e   0x00020c6e   0x00000002   PAD
    0x00020c70   0x00020c70   0x000001a8   Code   RO         3172    i.on_write          ble_hids.o
    0x00020e18   0x00020e18   0x00000024   Code   RO         5170    i.page_identify     fds.o
    0x00020e3c   0x00020e3c   0x0000001c   Code   RO         5171    i.page_offsets_update  fds.o
    0x00020e58   0x00020e58   0x0000006c   Code   RO         5172    i.page_scan         fds.o
    0x00020ec4   0x00020ec4   0x0000001c   Code   RO         5173    i.page_tag_write_data  fds.o
    0x00020ee0   0x00020ee0   0x00000024   Code   RO         5174    i.page_tag_write_swap  fds.o
    0x00020f04   0x00020f04   0x00000130   Code   RO         5175    i.pages_init        fds.o
    0x00021034   0x00021034   0x0000000c   Code   RO         2746    i.pairing           security_dispatcher.o
    0x00021040   0x00021040   0x00000074   Code   RO         2747    i.pairing_failure   security_dispatcher.o
    0x000210b4   0x000210b4   0x0000002e   Code   RO         2748    i.pairing_success_evt_send  security_dispatcher.o
    0x000210e2   0x000210e2   0x00000006   Code   RO         2888    i.params_reply_pending_handle  security_manager.o
    0x000210e8   0x000210e8   0x00000020   Code   RO         2889    i.params_req_send   security_manager.o
    0x00021108   0x00021108   0x0000001c   Code   RO         2074    i.pdb_evt_send      peer_database.o
    0x00021124   0x00021124   0x00000090   Code   RO         2075    i.pdb_init          peer_database.o
    0x000211b4   0x000211b4   0x0000007c   Code   RO         2076    i.pdb_pds_evt_handler  peer_database.o
    0x00021230   0x00021230   0x00000006   Code   RO         2077    i.pdb_peer_data_ptr_get  peer_database.o
    0x00021236   0x00021236   0x00000002   PAD
    0x00021238   0x00021238   0x0000008c   Code   RO         2078    i.pdb_peer_free     peer_database.o
    0x000212c4   0x000212c4   0x000000dc   Code   RO         2079    i.pdb_write_buf_get  peer_database.o
    0x000213a0   0x000213a0   0x00000014   Code   RO         2080    i.pdb_write_buf_release  peer_database.o
    0x000213b4   0x000213b4   0x00000036   Code   RO         2081    i.pdb_write_buf_store  peer_database.o
    0x000213ea   0x000213ea   0x00000002   PAD
    0x000213ec   0x000213ec   0x00000010   Code   RO         1936    i.pds_evt_send      peer_data_storage.o
    0x000213fc   0x000213fc   0x000000dc   Code   RO         1937    i.pds_init          peer_data_storage.o
    0x000214d8   0x000214d8   0x00000004   Code   RO         1938    i.pds_next_deleted_peer_id_get  peer_data_storage.o
    0x000214dc   0x000214dc   0x00000004   Code   RO         1939    i.pds_next_peer_id_get  peer_data_storage.o
    0x000214e0   0x000214e0   0x00000058   Code   RO         1942    i.pds_peer_data_iterate  peer_data_storage.o
    0x00021538   0x00021538   0x00000010   Code   RO         1943    i.pds_peer_data_iterate_prepare  peer_data_storage.o
    0x00021548   0x00021548   0x00000072   Code   RO         1944    i.pds_peer_data_read  peer_data_storage.o
    0x000215ba   0x000215ba   0x00000002   PAD
    0x000215bc   0x000215bc   0x000000b4   Code   RO         1945    i.pds_peer_data_store  peer_data_storage.o
    0x00021670   0x00021670   0x00000008   Code   RO         1946    i.pds_peer_id_allocate  peer_data_storage.o
    0x00021678   0x00021678   0x00000016   Code   RO         1947    i.pds_peer_id_free  peer_data_storage.o
    0x0002168e   0x0002168e   0x00000004   Code   RO         1948    i.pds_peer_id_is_allocated  peer_data_storage.o
    0x00021692   0x00021692   0x00000004   Code   RO         1949    i.pds_peer_id_is_deleted  peer_data_storage.o
    0x00021696   0x00021696   0x00000002   PAD
    0x00021698   0x00021698   0x000000a8   Code   RO         1950    i.peer_data_delete_process  peer_data_storage.o
    0x00021740   0x00021740   0x00000030   Code   RO         1951    i.peer_data_find    peer_data_storage.o
    0x00021770   0x00021770   0x00000024   Code   RO         1952    i.peer_data_id_is_valid  peer_data_storage.o
    0x00021794   0x00021794   0x0000001a   Code   RO         2082    i.peer_data_point_to_buffer  peer_database.o
    0x000217ae   0x000217ae   0x00000002   PAD
    0x000217b0   0x000217b0   0x0000000c   Code   RO         2195    i.peer_id_allocate  peer_id.o
    0x000217bc   0x000217bc   0x00000024   Code   RO         2196    i.peer_id_delete    peer_id.o
    0x000217e0   0x000217e0   0x0000001c   Code   RO         2197    i.peer_id_free      peer_id.o
    0x000217fc   0x000217fc   0x0000000c   Code   RO         2198    i.peer_id_get_next_deleted  peer_id.o
    0x00021808   0x00021808   0x00000030   Code   RO         2199    i.peer_id_get_next_used  peer_id.o
    0x00021838   0x00021838   0x0000000c   Code   RO         2200    i.peer_id_init      peer_id.o
    0x00021844   0x00021844   0x00000014   Code   RO         2201    i.peer_id_is_allocated  peer_id.o
    0x00021858   0x00021858   0x00000014   Code   RO         2202    i.peer_id_is_deleted  peer_id.o
    0x0002186c   0x0002186c   0x0000006c   Code   RO           23    i.peer_manager_init  main.o
    0x000218d8   0x000218d8   0x000000c0   Code   RO         1674    i.peers_id_keys_get  id_manager.o
    0x00021998   0x00021998   0x00000012   Code   RO          980    i.phy_is_valid      ble_advertising.o
    0x000219aa   0x000219aa   0x00000002   PAD
    0x000219ac   0x000219ac   0x0000001c   Code   RO         3806    i.pin_configured_set  nrfx_gpiote.o
    0x000219c8   0x000219c8   0x00000018   Code   RO         3807    i.pin_in_use_by_port  nrfx_gpiote.o
    0x000219e0   0x000219e0   0x00000018   Code   RO         3808    i.pin_in_use_by_te  nrfx_gpiote.o
    0x000219f8   0x000219f8   0x00000064   Code   RO         2693    i.pm_buffer_block_acquire  pm_buffer.o
    0x00021a5c   0x00021a5c   0x00000024   Code   RO         2694    i.pm_buffer_init    pm_buffer.o
    0x00021a80   0x00021a80   0x00000028   Code   RO         2695    i.pm_buffer_ptr_get  pm_buffer.o
    0x00021aa8   0x00021aa8   0x00000032   Code   RO         2696    i.pm_buffer_release  pm_buffer.o
    0x00021ada   0x00021ada   0x00000002   PAD
    0x00021adc   0x00021adc   0x00000014   Code   RO         2290    i.pm_conn_sec_status_get  peer_manager.o
    0x00021af0   0x00021af0   0x0000001c   Code   RO         2291    i.pm_conn_secure    peer_manager.o
    0x00021b0c   0x00021b0c   0x00000014   Code   RO         2292    i.pm_device_identities_list_set  peer_manager.o
    0x00021b20   0x00021b20   0x000000a0   Code   RO           24    i.pm_evt_handler    main.o
    0x00021bc0   0x00021bc0   0x00000004   Code   RO         2293    i.pm_gcm_evt_handler  peer_manager.o
    0x00021bc4   0x00021bc4   0x00000004   Code   RO         2294    i.pm_gscm_evt_handler  peer_manager.o
    0x00021bc8   0x00021bc8   0x00000068   Code   RO         2598    i.pm_handler_disconnect_on_sec_failure  peer_manager_handler.o
    0x00021c30   0x00021c30   0x00000244   Code   RO         2599    i.pm_handler_flash_clean  peer_manager_handler.o
    0x00021e74   0x00021e74   0x0000001c   Code   RO         2600    i.pm_handler_flash_clean_on_return  peer_manager_handler.o
    0x00021e90   0x00021e90   0x00000054   Code   RO         2601    i.pm_handler_on_pm_evt  peer_manager_handler.o
    0x00021ee4   0x00021ee4   0x00000310   Code   RO         2602    i.pm_handler_pm_evt_log  peer_manager_handler.o
    0x000221f4   0x000221f4   0x00000004   Code   RO         2297    i.pm_im_evt_handler  peer_manager.o
    0x000221f8   0x000221f8   0x000001c0   Code   RO         2298    i.pm_init           peer_manager.o
    0x000223b8   0x000223b8   0x00000028   Code   RO         2301    i.pm_next_peer_id_get  peer_manager.o
    0x000223e0   0x000223e0   0x00000118   Code   RO         2302    i.pm_pdb_evt_handler  peer_manager.o
    0x000224f8   0x000224f8   0x00000012   Code   RO         2306    i.pm_peer_data_bonding_load  peer_manager.o
    0x0002250a   0x0002250a   0x00000002   PAD
    0x0002250c   0x0002250c   0x00000028   Code   RO         2309    i.pm_peer_data_load  peer_manager.o
    0x00022534   0x00022534   0x00000014   Code   RO         2313    i.pm_peer_delete    peer_manager.o
    0x00022548   0x00022548   0x00000110   Code   RO         2315    i.pm_peer_id_list   peer_manager.o
    0x00022658   0x00022658   0x0000011c   Code   RO         2317    i.pm_peer_rank_highest  peer_manager.o
    0x00022774   0x00022774   0x000000e8   Code   RO         2318    i.pm_peer_ranks_get  peer_manager.o
    0x0002285c   0x0002285c   0x00000094   Code   RO         2319    i.pm_peers_delete   peer_manager.o
    0x000228f0   0x000228f0   0x0000002c   Code   RO         2322    i.pm_register       peer_manager.o
    0x0002291c   0x0002291c   0x00000014   Code   RO         2324    i.pm_sec_params_set  peer_manager.o
    0x00022930   0x00022930   0x0000000a   Code   RO         2325    i.pm_sm_evt_handler  peer_manager.o
    0x0002293a   0x0002293a   0x00000002   PAD
    0x0002293c   0x0002293c   0x0000002c   Code   RO         2326    i.pm_whitelist_get  peer_manager.o
    0x00022968   0x00022968   0x00000014   Code   RO         2327    i.pm_whitelist_set  peer_manager.o
    0x0002297c   0x0002297c   0x00000034   Code   RO         3117    i.pnp_id_encode     ble_dis.o
    0x000229b0   0x000229b0   0x000000b4   Code   RO         3809    i.port_event_handle  nrfx_gpiote.o
    0x00022a64   0x00022a64   0x00000010   Code   RO         3810    i.port_handler_polarity_get  nrfx_gpiote.o
    0x00022a74   0x00022a74   0x0000003c   Code   RO         6800    i.postfix_process   nrf_log_str_formatter.o
    0x00022ab0   0x00022ab0   0x00000098   Code   RO         6801    i.prefix_process    nrf_log_str_formatter.o
    0x00022b48   0x00022b48   0x0000001c   Code   RO         5176    i.queue_buf_get     fds.o
    0x00022b64   0x00022b64   0x00000010   Code   RO         5177    i.queue_buf_store   fds.o
    0x00022b74   0x00022b74   0x00000014   Code   RO         5985    i.queue_free        nrf_fstorage_sd.o
    0x00022b88   0x00022b88   0x000000a4   Code   RO         5178    i.queue_process     fds.o
    0x00022c2c   0x00022c2c   0x000000a0   Code   RO         5986    i.queue_process     nrf_fstorage_sd.o
    0x00022ccc   0x00022ccc   0x0000001c   Code   RO         5179    i.queue_start       fds.o
    0x00022ce8   0x00022ce8   0x00000024   Code   RO         5987    i.queue_start       nrf_fstorage_sd.o
    0x00022d0c   0x00022d0c   0x0000001c   Code   RO         2605    i.rank_highest      peer_manager_handler.o
    0x00022d28   0x00022d28   0x00000030   Code   RO         2328    i.rank_vars_update  peer_manager.o
    0x00022d58   0x00022d58   0x0000000e   Code   RO         5988    i.read              nrf_fstorage_sd.o
    0x00022d66   0x00022d66   0x00000002   PAD
    0x00022d68   0x00022d68   0x000000a8   Code   RO         2083    i.reattempt_previous_operations  peer_database.o
    0x00022e10   0x00022e10   0x00000090   Code   RO         5180    i.record_find       fds.o
    0x00022ea0   0x00022ea0   0x000000a0   Code   RO         5181    i.record_find_by_desc  fds.o
    0x00022f40   0x00022f40   0x0000005c   Code   RO         5182    i.record_find_next  fds.o
    0x00022f9c   0x00022f9c   0x0000003c   Code   RO         5183    i.record_header_flag_dirty  fds.o
    0x00022fd8   0x00022fd8   0x00000088   Code   RO         5184    i.records_stat      fds.o
    0x00023060   0x00023060   0x00000010   Code   RO         2204    i.release           peer_id.o
    0x00023070   0x00023070   0x0000009a   Code   RO         3173    i.rep_char_add      ble_hids.o
    0x0002310a   0x0002310a   0x000000be   Code   RO         3174    i.rep_map_char_add  ble_hids.o
    0x000231c8   0x000231c8   0x000000f2   Code   RO         3175    i.rep_value_identify  ble_hids.o
    0x000232ba   0x000232ba   0x00000004   Code   RO         5989    i.rmap              nrf_fstorage_sd.o
    0x000232be   0x000232be   0x00000002   PAD
    0x000232c0   0x000232c0   0x0000005c   Code   RO         4736    i.rtc_irq           app_timer2.o
    0x0002331c   0x0002331c   0x0000006c   Code   RO         4737    i.rtc_schedule      app_timer2.o
    0x00023388   0x00023388   0x0000008c   Code   RO         4738    i.rtc_update        app_timer2.o
    0x00023414   0x00023414   0x00000024   Code   RO         1405    i.sc_send_pending_handle  gatt_cache_manager.o
    0x00023438   0x00023438   0x00000008   Code   RO         4739    i.scheduled_timeout_handler  app_timer2.o
    0x00023440   0x00023440   0x00000058   Code   RO         3297    i.sd_state_evt_handler  nrf_drv_clock.o
    0x00023498   0x00023498   0x00000030   Code   RO         7215    i.sdh_request_observer_notify  nrf_sdh.o
    0x000234c8   0x000234c8   0x0000002c   Code   RO         7216    i.sdh_state_observer_notify  nrf_sdh.o
    0x000234f4   0x000234f4   0x000000d8   Code   RO         2749    i.sec_info_request_process  security_dispatcher.o
    0x000235cc   0x000235cc   0x000000f4   Code   RO         2750    i.sec_keyset_fill   security_dispatcher.o
    0x000236c0   0x000236c0   0x00000076   Code   RO         2890    i.sec_params_verify  security_manager.o
    0x00023736   0x00023736   0x00000002   PAD
    0x00023738   0x00023738   0x00000060   Code   RO         2751    i.sec_proc_start    security_dispatcher.o
    0x00023798   0x00023798   0x0000005c   Code   RO         2891    i.sec_req_process   security_manager.o
    0x000237f4   0x000237f4   0x00000022   Code   RO         2752    i.send_config_req   security_dispatcher.o
    0x00023816   0x00023816   0x00000002   PAD
    0x00023818   0x00023818   0x00000010   Code   RO         1068    i.send_error_evt    ble_conn_params.o
    0x00023828   0x00023828   0x00000080   Code   RO           25    i.send_key_scan_press_release  main.o
    0x000238a8   0x000238a8   0x00000028   Code   RO         1406    i.send_unexpected_error  gatt_cache_manager.o
    0x000238d0   0x000238d0   0x00000028   Code   RO         2753    i.send_unexpected_error  security_dispatcher.o
    0x000238f8   0x000238f8   0x0000001c   Code   RO         6415    i.sensorsim_decrement  sensorsim.o
    0x00023914   0x00023914   0x0000001c   Code   RO         6416    i.sensorsim_increment  sensorsim.o
    0x00023930   0x00023930   0x00000016   Code   RO         6417    i.sensorsim_init    sensorsim.o
    0x00023946   0x00023946   0x0000001a   Code   RO         6418    i.sensorsim_measure  sensorsim.o
    0x00023960   0x00023960   0x00000050   Code   RO         6451    i.serial_tx         nrf_log_backend_rtt.o
    0x000239b0   0x000239b0   0x00000014   Code   RO         1407    i.service_changed_pending_flags_check  gatt_cache_manager.o
    0x000239c4   0x000239c4   0x00000094   Code   RO         1566    i.service_changed_pending_set  gatts_cache_manager.o
    0x00023a58   0x00023a58   0x00000168   Code   RO         1408    i.service_changed_send_in_evt  gatt_cache_manager.o
    0x00023bc0   0x00023bc0   0x00000088   Code   RO          873    i.service_data_encode  ble_advdata.o
    0x00023c48   0x00023c48   0x00000004   Code   RO           26    i.service_error_handler  main.o
    0x00023c4c   0x00023c4c   0x000000ac   Code   RO           27    i.services_init     main.o
    0x00023cf8   0x00023cf8   0x00000030   Code   RO         1335    i.set_security_req  ble_srv_common.o
    0x00023d28   0x00023d28   0x00000028   Code   RO           28    i.sleep_mode_enter  main.o
    0x00023d50   0x00023d50   0x0000002c   Code   RO         2892    i.sm_ble_evt_handler  security_manager.o
    0x00023d7c   0x00023d7c   0x000000a2   Code   RO         2894    i.sm_conn_sec_status_get  security_manager.o
    0x00023e1e   0x00023e1e   0x00000002   PAD
    0x00023e20   0x00023e20   0x00000058   Code   RO         2895    i.sm_init           security_manager.o
    0x00023e78   0x00023e78   0x0000000a   Code   RO         2897    i.sm_link_secure    security_manager.o
    0x00023e82   0x00023e82   0x00000002   PAD
    0x00023e84   0x00023e84   0x00000044   Code   RO         2898    i.sm_pdb_evt_handler  security_manager.o
    0x00023ec8   0x00023ec8   0x00000028   Code   RO         2899    i.sm_sec_is_sufficient  security_manager.o
    0x00023ef0   0x00023ef0   0x00000034   Code   RO         2901    i.sm_sec_params_set  security_manager.o
    0x00023f24   0x00023f24   0x0000002c   Code   RO         2902    i.sm_smd_evt_handler  security_manager.o
    0x00023f50   0x00023f50   0x000000f4   Code   RO         2754    i.smd_ble_evt_handler  security_dispatcher.o
    0x00024044   0x00024044   0x00000068   Code   RO         2756    i.smd_init          security_dispatcher.o
    0x000240ac   0x000240ac   0x00000028   Code   RO         2757    i.smd_link_secure   security_dispatcher.o
    0x000240d4   0x000240d4   0x000000ac   Code   RO         2758    i.smd_params_reply  security_dispatcher.o
    0x00024180   0x00024180   0x00000040   Code   RO         2903    i.smd_params_reply_perform  security_manager.o
    0x000241c0   0x000241c0   0x00000018   Code   RO         3298    i.soc_evt_handler   nrf_drv_clock.o
    0x000241d8   0x000241d8   0x00000040   Code   RO         7217    i.softdevice_evt_irq_disable  nrf_sdh.o
    0x00024218   0x00024218   0x00000058   Code   RO         7218    i.softdevices_evt_irq_enable  nrf_sdh.o
    0x00024270   0x00024270   0x0000000c   Code   RO         4740    i.sortlist_pop      app_timer2.o
    0x0002427c   0x0002427c   0x00000030   Code   RO         4483    i.state_set         app_button.o
    0x000242ac   0x000242ac   0x00000098   Code   RO         6630    i.std_n             nrf_log_frontend.o
    0x00024344   0x00024344   0x0000006c   Code   RO         1409    i.store_car_value   gatt_cache_manager.o
    0x000243b0   0x000243b0   0x00000042   Code   RO         3118    i.sys_id_encode     ble_dis.o
    0x000243f2   0x000243f2   0x00000002   PAD
    0x000243f4   0x000243f4   0x000000b0   Code   RO         4741    i.timer_expire      app_timer2.o
    0x000244a4   0x000244a4   0x00000080   Code   RO         4742    i.timer_req_process  app_timer2.o
    0x00024524   0x00024524   0x00000038   Code   RO         4743    i.timer_req_schedule  app_timer2.o
    0x0002455c   0x0002455c   0x00000018   Code   RO         4484    i.timer_start       app_button.o
    0x00024574   0x00024574   0x0000000a   Code   RO          874    i.uint16_encode     ble_advdata.o
    0x0002457e   0x0002457e   0x00000002   PAD
    0x00024580   0x00024580   0x00000020   Code   RO         5990    i.uninit            nrf_fstorage_sd.o
    0x000245a0   0x000245a0   0x000000b4   Code   RO         5854    i.unsigned_print    nrf_fprintf_format.o
    0x00024654   0x00024654   0x00000030   Code   RO         1410    i.update_pending_flags_check  gatt_cache_manager.o
    0x00024684   0x00024684   0x00000068   Code   RO         1069    i.update_timeout_handler  ble_conn_params.o
    0x000246ec   0x000246ec   0x00000018   Code   RO          981    i.use_whitelist     ble_advertising.o
    0x00024704   0x00024704   0x0000000c   Code   RO         1156    i.user_flag_is_acquired  ble_conn_state.o
    0x00024710   0x00024710   0x00000024   Code   RO         1896    i.user_mem_reply    nrf_ble_qwr.o
    0x00024734   0x00024734   0x00000020   Code   RO         4485    i.usr_event         app_button.o
    0x00024754   0x00024754   0x00000030   Code   RO          875    i.uuid_list_encode  ble_advdata.o
    0x00024784   0x00024784   0x0000009e   Code   RO          876    i.uuid_list_sized_encode  ble_advdata.o
    0x00024822   0x00024822   0x0000003a   Code   RO          632    i.wakeup_button_cfg  bsp.o
    0x0002485c   0x0002485c   0x00000084   Code   RO           29    i.whitelist_set     main.o
    0x000248e0   0x000248e0   0x00000004   Code   RO         5991    i.wmap              nrf_fstorage_sd.o
    0x000248e4   0x000248e4   0x00000050   Code   RO         5992    i.write             nrf_fstorage_sd.o
    0x00024934   0x00024934   0x0000014c   Code   RO         2084    i.write_buf_store   peer_database.o
    0x00024a80   0x00024a80   0x00000034   Code   RO         2085    i.write_buffer_record_find  peer_database.o
    0x00024ab4   0x00024ab4   0x00000030   Code   RO         2086    i.write_buffer_record_find_next  peer_database.o
    0x00024ae4   0x00024ae4   0x0000001c   Code   RO         2087    i.write_buffer_record_invalidate  peer_database.o
    0x00024b00   0x00024b00   0x0000002c   Code   RO         2088    i.write_buffer_record_release  peer_database.o
    0x00024b2c   0x00024b2c   0x000000f4   Code   RO         5185    i.write_enqueue     fds.o
    0x00024c20   0x00024c20   0x000000f8   Code   RO         5186    i.write_execute     fds.o
    0x00024d18   0x00024d18   0x00000018   Code   RO         5187    i.write_space_free  fds.o
    0x00024d30   0x00024d30   0x00000060   Code   RO         5188    i.write_space_reserve  fds.o
    0x00024d90   0x00024d90   0x00000004   Data   RO           32    .constdata          main.o
    0x00024d94   0x00024d94   0x00000008   Data   RO          519    .constdata          boards.o
    0x00024d9c   0x00024d9c   0x0000002c   Data   RO          634    .constdata          bsp.o
    0x00024dc8   0x00024dc8   0x0000006c   Data   RO         1411    .constdata          gatt_cache_manager.o
    0x00024e34   0x00024e34   0x00000004   Data   RO         1567    .constdata          gatts_cache_manager.o
    0x00024e38   0x00024e38   0x00000010   Data   RO         1568    .constdata          gatts_cache_manager.o
    0x00024e48   0x00024e48   0x00000004   Data   RO         1569    .constdata          gatts_cache_manager.o
    0x00024e4c   0x00024e4c   0x00000008   Data   RO         1676    .constdata          id_manager.o
    0x00024e54   0x00024e54   0x0000000e   Data   RO         1826    .constdata          nrf_ble_gatt.o
    0x00024e62   0x00024e62   0x00000002   PAD
    0x00024e64   0x00024e64   0x00000018   Data   RO         1953    .constdata          peer_data_storage.o
    0x00024e7c   0x00024e7c   0x00000010   Data   RO         2090    .constdata          peer_database.o
    0x00024e8c   0x00024e8c   0x0000002c   Data   RO         2330    .constdata          peer_manager.o
    0x00024eb8   0x00024eb8   0x00000014   Data   RO         2608    .constdata          peer_manager_handler.o
    0x00024ecc   0x00024ecc   0x00000078   Data   RO         2760    .constdata          security_dispatcher.o
    0x00024f44   0x00024f44   0x00000008   Data   RO         2904    .constdata          security_manager.o
    0x00024f4c   0x00024f4c   0x00000004   Data   RO         3812    .constdata          nrfx_gpiote.o
    0x00024f50   0x00024f50   0x00000008   Data   RO         4487    .constdata          app_button.o
    0x00024f58   0x00024f58   0x00000014   Data   RO         4746    .constdata          app_timer2.o
    0x00024f6c   0x00024f6c   0x00000004   PAD
    0x00024f70   0x00024f70   0x00000006   Data   RO         4990    .constdata          drv_rtc.o
    0x00024f76   0x00024f76   0x00000002   PAD
    0x00024f78   0x00024f78   0x00000018   Data   RO         5191    .constdata          fds.o
    0x00024f90   0x00024f90   0x00000010   Data   RO         5855    .constdata          nrf_fprintf_format.o
    0x00024fa0   0x00024fa0   0x0000005e   Data   RO         5901    .constdata          nrf_fstorage.o
    0x00024ffe   0x00024ffe   0x00000002   PAD
    0x00025000   0x00025000   0x00000010   Data   RO         5995    .constdata          nrf_fstorage_sd.o
    0x00025010   0x00025010   0x00000020   Data   RO         5996    .constdata          nrf_fstorage_sd.o
    0x00025030   0x00025030   0x00000018   Data   RO         6174    .constdata          nrf_pwr_mgmt.o
    0x00025048   0x00025048   0x0000000c   Data   RO         6175    .constdata          nrf_pwr_mgmt.o
    0x00025054   0x00025054   0x0000013c   Data   RO         6387    .constdata          nrf_strerror.o
    0x00025190   0x00025190   0x0000000c   Data   RO         6453    .constdata          nrf_log_backend_rtt.o
    0x0002519c   0x0002519c   0x00000004   PAD
    0x000251a0   0x000251a0   0x00000006   Data   RO         6454    .constdata          nrf_log_backend_rtt.o
    0x000251a6   0x000251a6   0x00000002   PAD
    0x000251a8   0x000251a8   0x0000000c   Data   RO         6635    .constdata          nrf_log_frontend.o
    0x000251b4   0x000251b4   0x00000010   Data   RO         7219    .constdata          nrf_sdh.o
    0x000251c4   0x000251c4   0x00000028   Data   RO         7220    .constdata          nrf_sdh.o
    0x000251ec   0x000251ec   0x00000010   Data   RO         7221    .constdata          nrf_sdh.o
    0x000251fc   0x000251fc   0x00000010   Data   RO         7222    .constdata          nrf_sdh.o
    0x0002520c   0x0002520c   0x00000020   Data   RO         7334    .constdata          nrf_sdh_ble.o
    0x0002522c   0x0002522c   0x00000010   Data   RO         7335    .constdata          nrf_sdh_ble.o
    0x0002523c   0x0002523c   0x00000010   Data   RO         7385    .constdata          nrf_sdh_soc.o
    0x0002524c   0x0002524c   0x0000000c   Data   RO         7386    .constdata          nrf_sdh_soc.o
    0x00025258   0x00025258   0x00000081   Data   RO         7491    .constdata          mc_w.l(ctype_o.o)
    0x000252d9   0x000252d9   0x00000003   PAD
    0x000252dc   0x000252dc   0x00000004   Data   RO         7492    .constdata          mc_w.l(ctype_o.o)
    0x000252e0   0x000252e0   0x000001a4   Data   RO         1412    .conststring        gatt_cache_manager.o
    0x00025484   0x00025484   0x0000019c   Data   RO         1570    .conststring        gatts_cache_manager.o
    0x00025620   0x00025620   0x000000f0   Data   RO         1677    .conststring        id_manager.o
    0x00025710   0x00025710   0x000000e8   Data   RO         1954    .conststring        peer_data_storage.o
    0x000257f8   0x000257f8   0x00000180   Data   RO         2091    .conststring        peer_database.o
    0x00025978   0x00025978   0x00000090   Data   RO         2331    .conststring        peer_manager.o
    0x00025a08   0x00025a08   0x0000030f   Data   RO         2609    .conststring        peer_manager_handler.o
    0x00025d17   0x00025d17   0x00000001   PAD
    0x00025d18   0x00025d18   0x000002b2   Data   RO         2761    .conststring        security_dispatcher.o
    0x00025fca   0x00025fca   0x00000002   PAD
    0x00025fcc   0x00025fcc   0x0000017b   Data   RO         2905    .conststring        security_manager.o
    0x00026147   0x00026147   0x00000001   PAD
    0x00026148   0x00026148   0x0000004f   Data   RO         5902    .conststring        nrf_fstorage.o
    0x00026197   0x00026197   0x00000001   PAD
    0x00026198   0x00026198   0x000003eb   Data   RO         6388    .conststring        nrf_strerror.o
    0x00026583   0x00026583   0x00000001   PAD
    0x00026584   0x00026584   0x00000066   Data   RO         6802    .conststring        nrf_log_str_formatter.o
    0x000265ea   0x000265ea   0x00000002   PAD
    0x000265ec   0x000265ec   0x00000188   Data   RO         7336    .conststring        nrf_sdh_ble.o
    0x00026774   0x00026774   0x00000011   Data   RO         1413    .conststrlit        gatt_cache_manager.o
    0x00026785   0x00026785   0x00000003   PAD
    0x00026788   0x00026788   0x00000012   Data   RO         1571    .conststrlit        gatts_cache_manager.o
    0x0002679a   0x0002679a   0x00000002   PAD
    0x0002679c   0x0002679c   0x00000010   Data   RO         1678    .conststrlit        id_manager.o
    0x000267ac   0x000267ac   0x0000000d   Data   RO         1827    .conststrlit        nrf_ble_gatt.o
    0x000267b9   0x000267b9   0x00000003   PAD
    0x000267bc   0x000267bc   0x00000011   Data   RO         1955    .conststrlit        peer_data_storage.o
    0x000267cd   0x000267cd   0x00000003   PAD
    0x000267d0   0x000267d0   0x00000011   Data   RO         2092    .conststrlit        peer_database.o
    0x000267e1   0x000267e1   0x00000003   PAD
    0x000267e4   0x000267e4   0x0000000d   Data   RO         2332    .conststrlit        peer_manager.o
    0x000267f1   0x000267f1   0x00000003   PAD
    0x000267f4   0x000267f4   0x00000015   Data   RO         2612    .conststrlit        peer_manager_handler.o
    0x00026809   0x00026809   0x00000003   PAD
    0x0002680c   0x0002680c   0x00000011   Data   RO         2762    .conststrlit        security_dispatcher.o
    0x0002681d   0x0002681d   0x00000003   PAD
    0x00026820   0x00026820   0x00000010   Data   RO         2906    .conststrlit        security_manager.o
    0x00026830   0x00026830   0x00000008   Data   RO         3061    .conststrlit        ble_bas.o
    0x00026838   0x00026838   0x00000006   Data   RO         3304    .conststrlit        nrf_drv_clock.o
    0x0002683e   0x0002683e   0x00000002   PAD
    0x00026840   0x00026840   0x00000006   Data   RO         3643    .conststrlit        nrfx_clock.o
    0x00026846   0x00026846   0x00000002   PAD
    0x00026848   0x00026848   0x00000007   Data   RO         3816    .conststrlit        nrfx_gpiote.o
    0x0002684f   0x0002684f   0x00000001   PAD
    0x00026850   0x00026850   0x00000004   Data   RO         4078    .conststrlit        nrfx_prs.o
    0x00026854   0x00026854   0x00000005   Data   RO         4158    .conststrlit        nrfx_uart.o
    0x00026859   0x00026859   0x00000003   PAD
    0x0002685c   0x0002685c   0x00000006   Data   RO         4342    .conststrlit        nrfx_uarte.o
    0x00026862   0x00026862   0x00000002   PAD
    0x00026864   0x00026864   0x0000000b   Data   RO         4488    .conststrlit        app_button.o
    0x0002686f   0x0002686f   0x00000001   PAD
    0x00026870   0x00026870   0x0000000a   Data   RO         4747    .conststrlit        app_timer2.o
    0x0002687a   0x0002687a   0x00000002   PAD
    0x0002687c   0x0002687c   0x0000000d   Data   RO         5903    .conststrlit        nrf_fstorage.o
    0x00026889   0x00026889   0x00000003   PAD
    0x0002688c   0x0002688c   0x00000009   Data   RO         6176    .conststrlit        nrf_pwr_mgmt.o
    0x00026895   0x00026895   0x00000003   PAD
    0x00026898   0x00026898   0x00000009   Data   RO         6334    .conststrlit        nrf_sortlist.o
    0x000268a1   0x000268a1   0x00000003   PAD
    0x000268a4   0x000268a4   0x00000010   Data   RO         6569    .conststrlit        nrf_log_default_backends.o
    0x000268b4   0x000268b4   0x00000004   Data   RO         6636    .conststrlit        nrf_log_frontend.o
    0x000268b8   0x000268b8   0x00000008   Data   RO         7223    .conststrlit        nrf_sdh.o
    0x000268c0   0x000268c0   0x0000000c   Data   RO         7337    .conststrlit        nrf_sdh_ble.o
    0x000268cc   0x000268cc   0x0000000c   Data   RO         7387    .conststrlit        nrf_sdh_soc.o
    0x000268d8   0x000268d8   0x00000020   Data   RO         7552    Region$$Table       anon$$obj.o
    0x000268f8   0x000268f8   0x00000010   Data   RO         6571    log_backends        nrf_log_default_backends.o
    0x00026908   0x00026908   0x00000008   Data   RO         1415    log_const_data      gatt_cache_manager.o
    0x00026910   0x00026910   0x00000008   Data   RO         1573    log_const_data      gatts_cache_manager.o
    0x00026918   0x00026918   0x00000008   Data   RO         1680    log_const_data      id_manager.o
    0x00026920   0x00026920   0x00000008   Data   RO         1828    log_const_data      nrf_ble_gatt.o
    0x00026928   0x00026928   0x00000008   Data   RO         1957    log_const_data      peer_data_storage.o
    0x00026930   0x00026930   0x00000008   Data   RO         2094    log_const_data      peer_database.o
    0x00026938   0x00026938   0x00000008   Data   RO         2334    log_const_data      peer_manager.o
    0x00026940   0x00026940   0x00000008   Data   RO         2615    log_const_data      peer_manager_handler.o
    0x00026948   0x00026948   0x00000008   Data   RO         2764    log_const_data      security_dispatcher.o
    0x00026950   0x00026950   0x00000008   Data   RO         2908    log_const_data      security_manager.o
    0x00026958   0x00026958   0x00000008   Data   RO         3062    log_const_data      ble_bas.o
    0x00026960   0x00026960   0x00000008   Data   RO         3305    log_const_data      nrf_drv_clock.o
    0x00026968   0x00026968   0x00000008   Data   RO         3645    log_const_data      nrfx_clock.o
    0x00026970   0x00026970   0x00000008   Data   RO         3817    log_const_data      nrfx_gpiote.o
    0x00026978   0x00026978   0x00000008   Data   RO         4080    log_const_data      nrfx_prs.o
    0x00026980   0x00026980   0x00000008   Data   RO         4159    log_const_data      nrfx_uart.o
    0x00026988   0x00026988   0x00000008   Data   RO         4343    log_const_data      nrfx_uarte.o
    0x00026990   0x00026990   0x00000008   Data   RO         4491    log_const_data      app_button.o
    0x00026998   0x00026998   0x00000008   Data   RO         4750    log_const_data      app_timer2.o
    0x000269a0   0x000269a0   0x00000008   Data   RO         5904    log_const_data      nrf_fstorage.o
    0x000269a8   0x000269a8   0x00000008   Data   RO         6178    log_const_data      nrf_pwr_mgmt.o
    0x000269b0   0x000269b0   0x00000008   Data   RO         6335    log_const_data      nrf_sortlist.o
    0x000269b8   0x000269b8   0x00000008   Data   RO         6640    log_const_data      nrf_log_frontend.o
    0x000269c0   0x000269c0   0x00000008   Data   RO         7225    log_const_data      nrf_sdh.o
    0x000269c8   0x000269c8   0x00000008   Data   RO         7339    log_const_data      nrf_sdh_ble.o
    0x000269d0   0x000269d0   0x00000008   Data   RO         7388    log_const_data      nrf_sdh_soc.o
    0x000269d8   0x000269d8   0x00000014   Data   RO         6641    nrf_balloc          nrf_log_frontend.o
    0x000269ec   0x000269ec   0x00000008   Data   RO         1158    sdh_ble_observers0  ble_conn_state.o
    0x000269f4   0x000269f4   0x00000010   Data   RO           36    sdh_ble_observers1  main.o
    0x00026a04   0x00026a04   0x00000008   Data   RO          740    sdh_ble_observers1  bsp_btn_ble.o
    0x00026a0c   0x00026a0c   0x00000008   Data   RO         1072    sdh_ble_observers1  ble_conn_params.o
    0x00026a14   0x00026a14   0x00000008   Data   RO         2335    sdh_ble_observers1  peer_manager.o
    0x00026a1c   0x00026a1c   0x00000018   Data   RO           37    sdh_ble_observers2  main.o
    0x00026a34   0x00026a34   0x00000008   Data   RO           38    sdh_ble_observers3  main.o
    0x00026a3c   0x00026a3c   0x00000008   Data   RO         5998    sdh_req_observers0  nrf_fstorage_sd.o
    0x00026a44   0x00026a44   0x00000008   Data   RO         3306    sdh_soc_observers0  nrf_drv_clock.o
    0x00026a4c   0x00026a4c   0x00000008   Data   RO         5999    sdh_soc_observers0  nrf_fstorage_sd.o
    0x00026a54   0x00026a54   0x00000008   Data   RO         7340    sdh_stack_observers0  nrf_sdh_ble.o
    0x00026a5c   0x00026a5c   0x00000008   Data   RO         7389    sdh_stack_observers0  nrf_sdh_soc.o
    0x00026a64   0x00026a64   0x00000008   Data   RO         3307    sdh_state_observers0  nrf_drv_clock.o
    0x00026a6c   0x00026a6c   0x00000008   Data   RO         6000    sdh_state_observers0  nrf_fstorage_sd.o


    Execution Region RW_IRAM1 (Exec base: 0x20001a40, Load base: 0x00026a74, Size: 0x000025f8, Max: 0x000065c0, ABSOLUTE, COMPRESSED[0x0000011c])

    Exec Addr    Load Addr    Size         Type   Attr      Idx    E Section Name        Object

    0x20001a40   COMPRESSED   0x00000020   Data   RW           33    .data               main.o
    0x20001a60   COMPRESSED   0x00000008   Data   RW           34    .data               main.o
    0x20001a68   COMPRESSED   0x00000218   Data   RW           35    .data               main.o
    0x20001c80   COMPRESSED   0x00000010   Data   RW          635    .data               bsp.o
    0x20001c90   COMPRESSED   0x00000020   Data   RW          636    .data               bsp.o
    0x20001cb0   COMPRESSED   0x00000020   Data   RW          637    .data               bsp.o
    0x20001cd0   COMPRESSED   0x00000020   Data   RW          638    .data               bsp.o
    0x20001cf0   COMPRESSED   0x00000008   Data   RW          739    .data               bsp_btn_ble.o
    0x20001cf8   COMPRESSED   0x00000008   Data   RW         1071    .data               ble_conn_params.o
    0x20001d00   COMPRESSED   0x00000010   Data   RW         1414    .data               gatt_cache_manager.o
    0x20001d10   COMPRESSED   0x0000000c   Data   RW         1572    .data               gatts_cache_manager.o
    0x20001d1c   COMPRESSED   0x00000001   Data   RW         1679    .data               id_manager.o
    0x20001d1d   COMPRESSED   0x00000003   PAD
    0x20001d20   COMPRESSED   0x0000000c   Data   RW         1956    .data               peer_data_storage.o
    0x20001d2c   COMPRESSED   0x00000008   Data   RW         2093    .data               peer_database.o
    0x20001d34   COMPRESSED   0x00000010   Data   RW         2333    .data               peer_manager.o
    0x20001d44   COMPRESSED   0x00000060   Data   RW         2613    .data               peer_manager_handler.o
    0x20001da4   COMPRESSED   0x00000005   Data   RW         2763    .data               security_dispatcher.o
    0x20001da9   COMPRESSED   0x00000003   PAD
    0x20001dac   COMPRESSED   0x00000015   Data   RW         2907    .data               security_manager.o
    0x20001dc1   COMPRESSED   0x00000001   PAD
    0x20001dc2   COMPRESSED   0x0000004a   Data   RW         3119    .data               ble_dis.o
    0x20001e0c   COMPRESSED   0x00000008   Data   RW         3644    .data               nrfx_clock.o
    0x20001e14   COMPRESSED   0x00000008   Data   RW         4079    .data               nrfx_prs.o
    0x20001e1c   COMPRESSED   0x00000004   PAD
    0x20001e20   COMPRESSED   0x00000018   Data   RW         4489    .data               app_button.o
    0x20001e38   COMPRESSED   0x00000020   Data   RW         4490    .data               app_button.o
    0x20001e58   COMPRESSED   0x00000010   Data   RW         4681    .data               app_scheduler.o
    0x20001e68   COMPRESSED   0x00000020   Data   RW         4748    .data               app_timer2.o
    0x20001e88   COMPRESSED   0x00000004   Data   RW         4749    .data               app_timer2.o
    0x20001e8c   COMPRESSED   0x0000000c   Data   RW         4991    .data               drv_rtc.o
    0x20001e98   COMPRESSED   0x00000030   Data   RW         5192    .data               fds.o
    0x20001ec8   COMPRESSED   0x00000008   Data   RW         5997    .data               nrf_fstorage_sd.o
    0x20001ed0   COMPRESSED   0x00000008   Data   RW         6177    .data               nrf_pwr_mgmt.o
    0x20001ed8   COMPRESSED   0x00000001   Data   RW         6455    .data               nrf_log_backend_rtt.o
    0x20001ed9   COMPRESSED   0x00000003   PAD
    0x20001edc   COMPRESSED   0x00000008   Data   RW         6570    .data               nrf_log_default_backends.o
    0x20001ee4   COMPRESSED   0x00000004   Data   RW         6637    .data               nrf_log_frontend.o
    0x20001ee8   COMPRESSED   0x00000008   Data   RW         6638    .data               nrf_log_frontend.o
    0x20001ef0   COMPRESSED   0x00000008   Data   RW         6639    .data               nrf_log_frontend.o
    0x20001ef8   COMPRESSED   0x00000040   Data   RW         6803    .data               nrf_log_str_formatter.o
    0x20001f38   COMPRESSED   0x00000003   Data   RW         7224    .data               nrf_sdh.o
    0x20001f3b   COMPRESSED   0x00000001   Data   RW         7338    .data               nrf_sdh_ble.o
    0x20001f3c   COMPRESSED   0x00000004   Data   RW         7430    .data               system_nrf52.o
    0x20001f40   COMPRESSED   0x00000014   Data   RW         5193    fs_data             fds.o
    0x20001f54        -       0x00000228   Zero   RW           30    .bss                main.o
    0x2000217c        -       0x00000020   Zero   RW           31    .bss                main.o
    0x2000219c        -       0x0000000c   Zero   RW          633    .bss                bsp.o
    0x200021a8        -       0x00000050   Zero   RW         1070    .bss                ble_conn_params.o
    0x200021f8        -       0x0000007c   Zero   RW         1157    .bss                ble_conn_state.o
    0x20002274        -       0x000000d8   Zero   RW         1675    .bss                id_manager.o
    0x2000234c        -       0x00000180   Zero   RW         2089    .bss                peer_database.o
    0x200024cc        -       0x00000040   Zero   RW         2205    .bss                peer_id.o
    0x2000250c        -       0x0000000c   Zero   RW         2329    .bss                peer_manager.o
    0x20002518        -       0x00000040   Zero   RW         2759    .bss                security_dispatcher.o
    0x20002558        -       0x00000014   Zero   RW         3299    .bss                nrf_drv_clock.o
    0x2000256c        -       0x0000005c   Zero   RW         3811    .bss                nrfx_gpiote.o
    0x200025c8        -       0x00000010   Zero   RW         4486    .bss                app_button.o
    0x200025d8        -       0x00000010   Zero   RW         4744    .bss                app_timer2.o
    0x200025e8        -       0x00000058   Zero   RW         4745    .bss                app_timer2.o
    0x20002640        -       0x0000000c   Zero   RW         4878    .bss                app_util_platform.o
    0x2000264c        -       0x00000010   Zero   RW         5189    .bss                fds.o
    0x2000265c        -       0x000000e0   Zero   RW         5190    .bss                fds.o
    0x2000273c        -       0x00000010   Zero   RW         5993    .bss                nrf_fstorage_sd.o
    0x2000274c        -       0x000000a0   Zero   RW         5994    .bss                nrf_fstorage_sd.o
    0x200027ec        -       0x0000000c   Zero   RW         6173    .bss                nrf_pwr_mgmt.o
    0x200027f8        -       0x00000040   Zero   RW         6452    .bss                nrf_log_backend_rtt.o
    0x20002838        -       0x000000c0   Zero   RW         6631    .bss                nrf_log_frontend.o
    0x200028f8        -       0x00000080   Zero   RW         6632    .bss                nrf_log_frontend.o
    0x20002978        -       0x00000018   Zero   RW         6633    .bss                nrf_log_frontend.o
    0x20002990        -       0x00000420   Zero   RW         6634    .bss                nrf_log_frontend.o
    0x20002db0        -       0x00000288   Zero   RW         6879    .bss                segger_rtt.o
    0x20003038        -       0x00001000   Zero   RW         7416    STACK               arm_startup_nrf52820.o


==============================================================================

Image component sizes


      Code (inc. data)   RO Data    RW Data    ZI Data      Debug   Object Name

       664         66         27         56         16      17158   app_button.o
        22          0          0          0          0       2445   app_error.o
       132         46          0          0          0      34053   app_error_weak.o
       268         16          0         16          0      41705   app_scheduler.o
      1084         92         38         36        104      17045   app_timer2.o
       124         14          0          0         12      10486   app_util_platform.o
        36          8        512          0       4096        872   arm_startup_nrf52820.o
      1338          0          0          0          0      52708   ble_advdata.o
      1092          6          0          0          0      11947   ble_advertising.o
       502          0         16          0          0       6155   ble_bas.o
       636         44          8          8         80       8855   ble_conn_params.o
       766         62          8          0        124      15925   ble_conn_state.o
       530         12          0         74          0       5311   ble_dis.o
      3258          0          0          0          0      24087   ble_hids.o
        72          0          0          0          0       1572   ble_link_ctx_manager.o
       656          6          0          0          0       5496   ble_srv_common.o
       358         40          8          0          0      13755   boards.o
       998         84         44        112         12      15319   bsp.o
       252         10          8          8          0       4536   bsp_btn_ble.o
       704         76          6         12          0      47573   drv_rtc.o
      3872        348         24         68        240      47830   fds.o
      2160        552        553         16          0      32735   gatt_cache_manager.o
       842        138        462         12          0      16391   gatts_cache_manager.o
      1546         70        272          1        216      18734   id_manager.o
      3148        656         52        576        584     208506   main.o
       342          0          0          0          0       6270   nrf_atfifo.o
       170          0          0          0          0       4500   nrf_atflags.o
       332          0          0          0          0       9394   nrf_atomic.o
       164          0          0          0          0       3432   nrf_balloc.o
       608        186         35          0          0       7307   nrf_ble_gatt.o
       276          0          0          0          0       4441   nrf_ble_qwr.o
       312         36         30          0         20      43288   nrf_drv_clock.o
        50          0          0          0          0       3381   nrf_fprintf.o
       866          4         16          0          0       6298   nrf_fprintf_format.o
       972        432        194          0          0       7668   nrf_fstorage.o
       798         82         72          8        176      15051   nrf_fstorage_sd.o
       112         18         18          1         64       5769   nrf_log_backend_rtt.o
       200          0          0          0          0      10825   nrf_log_backend_serial.o
        28          4         32          8          0       3253   nrf_log_default_backends.o
      1522        128         44         20       1400      30847   nrf_log_frontend.o
       570        108        102         64          0       5388   nrf_log_str_formatter.o
       346          0          0          0          0       9071   nrf_memobj.o
        60         12         53          8         12       4015   nrf_pwr_mgmt.o
        28          0          0          0          0       2279   nrf_ringbuf.o
       592         66        104          3          0      45328   nrf_sdh.o
       664        232        468          1          0       5585   nrf_sdh_ble.o
        60          4         56          0          0       2384   nrf_sdh_soc.o
        78          0          0          0          0       2580   nrf_section_iter.o
        84          0         17          0          0       3841   nrf_sortlist.o
        76         10       1319          0          0       2595   nrf_strerror.o
       230         32         14          8          0      46504   nrfx_clock.o
      1302        118         19          0         92      90833   nrfx_gpiote.o
        12          6         12          8          0       2046   nrfx_prs.o
         0          0         13          0          0      10768   nrfx_uart.o
         0          0         14          0          0      10642   nrfx_uarte.o
      1176        144        281         12          0      15719   peer_data_storage.o
      1434        260        425          8        384      18538   peer_database.o
       314         38          0          0         64       8455   peer_id.o
      2224        482        217         16         12      25851   peer_manager.o
      1928        882        832         96          0       9727   peer_manager_handler.o
       234          0          0          0          0       5131   pm_buffer.o
      1944        268        835          5         64      25863   security_dispatcher.o
      1372        122        411         21          0      49134   security_manager.o
       378         34          0          0        648       8593   segger_rtt.o
       104          0          0          0          0       3167   sensorsim.o
       428         48          0          4          0      29537   system_nrf52.o

    ----------------------------------------------------------------------
     47542       6102       7772       1300       8420    1266497   Object Totals
         0          0         32          0          0          0   (incl. Generated)
        92          0         69         14          0          0   (incl. Padding)

    ----------------------------------------------------------------------

      Code (inc. data)   RO Data    RW Data    ZI Data      Debug   Library Member Name

        86          0          0          0          0          0   __dczerorl2.o
         8          4        133          0          0         68   ctype_o.o
         0          0          0          0          0          0   entry.o
         0          0          0          0          0          0   entry10a.o
         0          0          0          0          0          0   entry11a.o
         8          4          0          0          0          0   entry2.o
         4          0          0          0          0          0   entry5.o
         0          0          0          0          0          0   entry7b.o
         0          0          0          0          0          0   entry8b.o
         8          4          0          0          0          0   entry9a.o
        30          0          0          0          0          0   handlers.o
        36          8          0          0          0         68   init.o
        30          0          0          0          0         68   llshl.o
        32          0          0          0          0         68   llushr.o
        26          0          0          0          0         80   memcmp.o
        36          0          0          0          0         68   memcpya.o
        36          0          0          0          0        108   memseta.o
        18          0          0          0          0         68   strcpy.o
        14          0          0          0          0         68   strlen.o
        98          0          0          0          0         92   uldiv.o

    ----------------------------------------------------------------------
       474         20        136          0          0        756   Library Totals
         4          0          3          0          0          0   (incl. Padding)

    ----------------------------------------------------------------------

      Code (inc. data)   RO Data    RW Data    ZI Data      Debug   Library Name

       470         20        133          0          0        756   mc_w.l

    ----------------------------------------------------------------------
       474         20        136          0          0        756   Library Totals

    ----------------------------------------------------------------------

==============================================================================


      Code (inc. data)   RO Data    RW Data    ZI Data      Debug   

     48016       6122       7908       1300       8420    1237585   Grand Totals
     48016       6122       7908        284       8420    1237585   ELF Image Totals (compressed)
     48016       6122       7908        284          0          0   ROM Totals

==============================================================================

    Total RO  Size (Code + RO Data)                55924 (  54.61kB)
    Total RW  Size (RW Data + ZI Data)              9720 (   9.49kB)
    Total ROM Size (Code + RO Data + RW Data)      56208 (  54.89kB)

==============================================================================

