Component: ARM Compiler 5.06 update 6 (build 750) Tool: armlink [4d35ed]

==============================================================================

Section Cross References

    demo_cli_cmds.o(i.cmd_counter) refers to nrf_assert.o(i.assert_nrf_callback) for assert_nrf_callback
    demo_cli_cmds.o(i.cmd_counter) refers to demo_cli_cmds.o(i.nrf_cli_help_requested) for nrf_cli_help_requested
    demo_cli_cmds.o(i.cmd_counter) refers to nrf_cli.o(i.nrf_cli_help_print) for nrf_cli_help_print
    demo_cli_cmds.o(i.cmd_counter) refers to nrf_cli.o(i.nrf_cli_fprintf) for nrf_cli_fprintf
    demo_cli_cmds.o(i.cmd_counter) refers to strcmp.o(.text) for strcmp
    demo_cli_cmds.o(i.cmd_counter) refers to demo_cli_cmds.o(.constdata) for .constdata
    demo_cli_cmds.o(i.cmd_counter_reset) refers to nrf_cli.o(i.nrf_cli_fprintf) for nrf_cli_fprintf
    demo_cli_cmds.o(i.cmd_counter_reset) refers to demo_cli_cmds.o(.data) for .data
    demo_cli_cmds.o(i.cmd_counter_start) refers to nrf_cli.o(i.nrf_cli_fprintf) for nrf_cli_fprintf
    demo_cli_cmds.o(i.cmd_counter_start) refers to demo_cli_cmds.o(.data) for .data
    demo_cli_cmds.o(i.cmd_counter_stop) refers to nrf_cli.o(i.nrf_cli_fprintf) for nrf_cli_fprintf
    demo_cli_cmds.o(i.cmd_counter_stop) refers to demo_cli_cmds.o(.data) for .data
    demo_cli_cmds.o(i.cmd_dynamic) refers to demo_cli_cmds.o(i.nrf_cli_help_requested) for nrf_cli_help_requested
    demo_cli_cmds.o(i.cmd_dynamic) refers to nrf_cli.o(i.nrf_cli_help_print) for nrf_cli_help_print
    demo_cli_cmds.o(i.cmd_dynamic) refers to nrf_cli.o(i.nrf_cli_fprintf) for nrf_cli_fprintf
    demo_cli_cmds.o(i.cmd_dynamic_add) refers to demo_cli_cmds.o(i.nrf_cli_help_requested) for nrf_cli_help_requested
    demo_cli_cmds.o(i.cmd_dynamic_add) refers to nrf_cli.o(i.nrf_cli_help_print) for nrf_cli_help_print
    demo_cli_cmds.o(i.cmd_dynamic_add) refers to nrf_cli.o(i.nrf_cli_fprintf) for nrf_cli_fprintf
    demo_cli_cmds.o(i.cmd_dynamic_add) refers to strlen.o(.text) for strlen
    demo_cli_cmds.o(i.cmd_dynamic_add) refers to ctype_o.o(.text) for __rt_ctype_table
    demo_cli_cmds.o(i.cmd_dynamic_add) refers to strcmp.o(.text) for strcmp
    demo_cli_cmds.o(i.cmd_dynamic_add) refers to printf2.o(i.__0sprintf$2) for __2sprintf
    demo_cli_cmds.o(i.cmd_dynamic_add) refers to qsort.o(.text) for qsort
    demo_cli_cmds.o(i.cmd_dynamic_add) refers to demo_cli_cmds.o(.data) for .data
    demo_cli_cmds.o(i.cmd_dynamic_add) refers to demo_cli_cmds.o(.bss) for .bss
    demo_cli_cmds.o(i.cmd_dynamic_add) refers to demo_cli_cmds.o(i.string_cmp) for string_cmp
    demo_cli_cmds.o(i.cmd_dynamic_execute) refers to demo_cli_cmds.o(i.nrf_cli_help_requested) for nrf_cli_help_requested
    demo_cli_cmds.o(i.cmd_dynamic_execute) refers to nrf_cli.o(i.nrf_cli_help_print) for nrf_cli_help_print
    demo_cli_cmds.o(i.cmd_dynamic_execute) refers to strcmp.o(.text) for strcmp
    demo_cli_cmds.o(i.cmd_dynamic_execute) refers to nrf_cli.o(i.nrf_cli_fprintf) for nrf_cli_fprintf
    demo_cli_cmds.o(i.cmd_dynamic_execute) refers to demo_cli_cmds.o(.bss) for .bss
    demo_cli_cmds.o(i.cmd_dynamic_execute) refers to demo_cli_cmds.o(.data) for .data
    demo_cli_cmds.o(i.cmd_dynamic_remove) refers to demo_cli_cmds.o(i.nrf_cli_help_requested) for nrf_cli_help_requested
    demo_cli_cmds.o(i.cmd_dynamic_remove) refers to nrf_cli.o(i.nrf_cli_help_print) for nrf_cli_help_print
    demo_cli_cmds.o(i.cmd_dynamic_remove) refers to strcmp.o(.text) for strcmp
    demo_cli_cmds.o(i.cmd_dynamic_remove) refers to nrf_cli.o(i.nrf_cli_fprintf) for nrf_cli_fprintf
    demo_cli_cmds.o(i.cmd_dynamic_remove) refers to memmovea.o(.text) for __aeabi_memmove
    demo_cli_cmds.o(i.cmd_dynamic_remove) refers to demo_cli_cmds.o(.bss) for .bss
    demo_cli_cmds.o(i.cmd_dynamic_remove) refers to demo_cli_cmds.o(.data) for .data
    demo_cli_cmds.o(i.cmd_dynamic_show) refers to demo_cli_cmds.o(i.nrf_cli_help_requested) for nrf_cli_help_requested
    demo_cli_cmds.o(i.cmd_dynamic_show) refers to nrf_cli.o(i.nrf_cli_help_print) for nrf_cli_help_print
    demo_cli_cmds.o(i.cmd_dynamic_show) refers to nrf_cli.o(i.nrf_cli_fprintf) for nrf_cli_fprintf
    demo_cli_cmds.o(i.cmd_dynamic_show) refers to demo_cli_cmds.o(.data) for .data
    demo_cli_cmds.o(i.cmd_dynamic_show) refers to demo_cli_cmds.o(.bss) for .bss
    demo_cli_cmds.o(i.cmd_float_print) refers to nrf_cli.o(i.nrf_cli_fprintf) for nrf_cli_fprintf
    demo_cli_cmds.o(i.cmd_float_print) refers to ddiv.o(.text) for __aeabi_ddiv
    demo_cli_cmds.o(i.cmd_float_print) refers to demo_cli_cmds.o(.data) for .data
    demo_cli_cmds.o(i.cmd_nordic) refers to demo_cli_cmds.o(i.nrf_cli_help_requested) for nrf_cli_help_requested
    demo_cli_cmds.o(i.cmd_nordic) refers to nrf_cli.o(i.nrf_cli_help_print) for nrf_cli_help_print
    demo_cli_cmds.o(i.cmd_nordic) refers to nrf_cli.o(i.nrf_cli_fprintf) for nrf_cli_fprintf
    demo_cli_cmds.o(i.cmd_nordic) refers to demo_cli_cmds.o(.conststring) for .conststring
[...]
    0x00008800   0x00008800   0x00000008   Code   RO         7349    i.log_go            nrf_log_frontend.o
    0x00008808   0x00008808   0x00000008   Code   RO         7350    i.log_halt          nrf_log_frontend.o
    0x00008810   0x00008810   0x0000009c   Code   RO         7018    i.log_msg_queue_process  nrf_log_backend_flash.o
    0x000088ac   0x000088ac   0x00000002   Code   RO         7351    i.log_pending_hook  nrf_log_frontend.o
    0x000088ae   0x000088ae   0x00000010   Code   RO         7352    i.log_self_ctrl     nrf_log_frontend.o
    0x000088be   0x000088be   0x0000000a   Code   RO         7353    i.log_self_go       nrf_log_frontend.o
    0x000088c8   0x000088c8   0x0000000a   Code   RO         7354    i.log_self_halt     nrf_log_frontend.o
    0x000088d2   0x000088d2   0x00000010   Code   RO         7355    i.log_self_status   nrf_log_frontend.o
    0x000088e2   0x000088e2   0x00000002   PAD
    0x000088e4   0x000088e4   0x000000b4   Code   RO         7356    i.log_skip          nrf_log_frontend.o
    0x00008998   0x00008998   0x00000140   Code   RO         7357    i.log_status        nrf_log_frontend.o
    0x00008ad8   0x00008ad8   0x0000019c   Code   RO          320    i.main              main.o
    0x00008c74   0x00008c74   0x000001a4   Code   RO         5626    i.make_argv         nrf_cli.o
    0x00008e18   0x00008e18   0x000000e0   Code   RO         6544    i.memobj_op         nrf_memobj.o
    0x00008ef8   0x00008ef8   0x0000002e   Code   RO         7019    i.message_enqueue   nrf_log_backend_flash.o
    0x00008f26   0x00008f26   0x00000026   Code   RO         7358    i.module_id_filter_set  nrf_log_frontend.o
    0x00008f4c   0x00008f4c   0x00000030   Code   RO         7359    i.module_idx_get    nrf_log_frontend.o
    0x00008f7c   0x00008f7c   0x0000001c   Code   RO         7360    i.module_name_get   nrf_log_frontend.o
    0x00008f98   0x00008f98   0x00000076   Code   RO         7020    i.msg_to_buf        nrf_log_backend_flash.o
    0x0000900e   0x0000900e   0x00000050   Code   RO         5627    i.multiline_console_data_check  nrf_cli.o
    0x0000905e   0x0000905e   0x00000026   Code   RO         5316    i.nrf_atfifo_init   nrf_atfifo.o
    0x00009084   0x00009084   0x00000016   Code   RO         5317    i.nrf_atfifo_item_alloc  nrf_atfifo.o
    0x0000909a   0x0000909a   0x00000016   Code   RO         5318    i.nrf_atfifo_item_free  nrf_atfifo.o
    0x000090b0   0x000090b0   0x00000016   Code   RO         5319    i.nrf_atfifo_item_get  nrf_atfifo.o
    0x000090c6   0x000090c6   0x00000016   Code   RO         5320    i.nrf_atfifo_item_put  nrf_atfifo.o
    0x000090dc   0x000090dc   0x00000006   Code   RO         5383    i.nrf_atomic_flag_clear  nrf_atomic.o
    0x000090e2   0x000090e2   0x00000006   Code   RO         5384    i.nrf_atomic_flag_clear_fetch  nrf_atomic.o
    0x000090e8   0x000090e8   0x00000006   Code   RO         5385    i.nrf_atomic_flag_set  nrf_atomic.o
    0x000090ee   0x000090ee   0x00000006   Code   RO         5386    i.nrf_atomic_flag_set_fetch  nrf_atomic.o
    0x000090f4   0x000090f4   0x0000000c   Code   RO         5387    i.nrf_atomic_u32_add  nrf_atomic.o
    0x00009100   0x00009100   0x0000000c   Code   RO         5388    i.nrf_atomic_u32_and  nrf_atomic.o
    0x0000910c   0x0000910c   0x0000000a   Code   RO         5390    i.nrf_atomic_u32_fetch_add  nrf_atomic.o
    0x00009116   0x00009116   0x0000000a   Code   RO         5391    i.nrf_atomic_u32_fetch_and  nrf_atomic.o
    0x00009120   0x00009120   0x0000000a   Code   RO         5392    i.nrf_atomic_u32_fetch_or  nrf_atomic.o
    0x0000912a   0x0000912a   0x0000000a   Code   RO         5393    i.nrf_atomic_u32_fetch_store  nrf_atomic.o
    0x00009134   0x00009134   0x0000000c   Code   RO         5397    i.nrf_atomic_u32_or  nrf_atomic.o
    0x00009140   0x00009140   0x0000000c   Code   RO         5399    i.nrf_atomic_u32_sub  nrf_atomic.o
    0x0000914c   0x0000914c   0x000000d0   Code   RO         5518    i.nrf_balloc_alloc  nrf_balloc.o
    0x0000921c   0x0000921c   0x0000008c   Code   RO         5519    i.nrf_balloc_free   nrf_balloc.o
    0x000092a8   0x000092a8   0x000000b4   Code   RO         5520    i.nrf_balloc_init   nrf_balloc.o
    0x0000935c   0x0000935c   0x00000120   Code   RO         5521    i.nrf_balloc_status  nrf_balloc.o
    0x0000947c   0x0000947c   0x00000010   Code   RO         1783    i.nrf_bitmask_bit_is_set  nrfx_gpiote.o
    0x0000948c   0x0000948c   0x0000007c   Code   RO         7361    i.nrf_cli_backend_cmd_execute  nrf_log_frontend.o
    0x00009508   0x00009508   0x0000004c   Code   RO         5628    i.nrf_cli_build_in_cmd_common_executed  nrf_cli.o
    0x00009554   0x00009554   0x000000d4   Code   RO         5629    i.nrf_cli_cmd_clear  nrf_cli.o
    0x00009628   0x00009628   0x000000b0   Code   RO         5630    i.nrf_cli_cmd_cli   nrf_cli.o
    0x000096d8   0x000096d8   0x0000006c   Code   RO         5631    i.nrf_cli_cmd_cli_stats  nrf_cli.o
    0x00009744   0x00009744   0x00000030   Code   RO         5632    i.nrf_cli_cmd_cli_stats_reset  nrf_cli.o
    0x00009774   0x00009774   0x00000088   Code   RO         5633    i.nrf_cli_cmd_cli_stats_show  nrf_cli.o
    0x000097fc   0x000097fc   0x000000c8   Code   RO         5634    i.nrf_cli_cmd_colors  nrf_cli.o
    0x000098c4   0x000098c4   0x0000002a   Code   RO         5635    i.nrf_cli_cmd_colors_off  nrf_cli.o
    0x000098ee   0x000098ee   0x0000002a   Code   RO         5636    i.nrf_cli_cmd_colors_on  nrf_cli.o
    0x00009918   0x00009918   0x00000098   Code   RO         5637    i.nrf_cli_cmd_echo  nrf_cli.o
    0x000099b0   0x000099b0   0x0000002a   Code   RO         5638    i.nrf_cli_cmd_echo_off  nrf_cli.o
    0x000099da   0x000099da   0x0000002a   Code   RO         5639    i.nrf_cli_cmd_echo_on  nrf_cli.o
    0x00009a04   0x00009a04   0x000000dc   Code   RO         5640    i.nrf_cli_cmd_history  nrf_cli.o
    0x00009ae0   0x00009ae0   0x00000124   Code   RO         5641    i.nrf_cli_cmd_resize  nrf_cli.o
    0x00009c04   0x00009c04   0x0000008c   Code   RO         5642    i.nrf_cli_cmd_resize_default  nrf_cli.o
    0x00009c90   0x00009c90   0x000000bc   Code   RO         5643    i.nrf_cli_fprintf   nrf_cli.o
    0x00009d4c   0x00009d4c   0x000002d4   Code   RO         5644    i.nrf_cli_help_print  nrf_cli.o
    0x0000a020   0x0000a020   0x0000000c   Code   RO           22    i.nrf_cli_help_requested  demo_cli_cmds.o
    0x0000a02c   0x0000a02c   0x0000000c   Code   RO         4610    i.nrf_cli_help_requested  cli_utils_cmds.o
    0x0000a038   0x0000a038   0x0000000c   Code   RO         7362    i.nrf_cli_help_requested  nrf_log_frontend.o
    0x0000a044   0x0000a044   0x00000084   Code   RO         5645    i.nrf_cli_init      nrf_cli.o
    0x0000a0c8   0x0000a0c8   0x00000154   Code   RO         5646    i.nrf_cli_instance_init  nrf_cli.o
    0x0000a21c   0x0000a21c   0x00000006   Code   RO         5648    i.nrf_cli_print_stream  nrf_cli.o
    0x0000a222   0x0000a222   0x00000002   PAD
    0x0000a224   0x0000a224   0x000000cc   Code   RO         5649    i.nrf_cli_process   nrf_cli.o
    0x0000a2f0   0x0000a2f0   0x000000a0   Code   RO         5650    i.nrf_cli_start     nrf_cli.o
    0x0000a390   0x0000a390   0x0000000e   Code   RO         1636    i.nrf_clock_event_check  nrfx_clock.o
    0x0000a39e   0x0000a39e   0x00000010   Code   RO         1637    i.nrf_clock_event_clear  nrfx_clock.o
    0x0000a3ae   0x0000a3ae   0x00000002   PAD
    0x0000a3b0   0x0000a3b0   0x00000084   Code   RO         1064    i.nrf_drv_clock_hfclk_release  nrf_drv_clock.o
    0x0000a434   0x0000a434   0x000000a4   Code   RO         1065    i.nrf_drv_clock_hfclk_request  nrf_drv_clock.o
    0x0000a4d8   0x0000a4d8   0x0000003c   Code   RO         1066    i.nrf_drv_clock_init  nrf_drv_clock.o
    0x0000a514   0x0000a514   0x0000000c   Code   RO         1067    i.nrf_drv_clock_init_check  nrf_drv_clock.o
    0x0000a520   0x0000a520   0x000000a4   Code   RO         1071    i.nrf_drv_clock_lfclk_request  nrf_drv_clock.o
    0x0000a5c4   0x0000a5c4   0x00000028   Code   RO         1194    i.nrf_drv_power_init  nrf_drv_power.o
    0x0000a5ec   0x0000a5ec   0x00000016   Code   RO         1201    i.nrf_drv_power_usbevt_init  nrf_drv_power.o
    0x0000a602   0x0000a602   0x0000000e   Code   RO         1202    i.nrf_drv_power_usbevt_uninit  nrf_drv_power.o
    0x0000a610   0x0000a610   0x000000c4   Code   RO         1286    i.nrf_drv_uart_init  nrf_drv_uart.o
    0x0000a6d4   0x0000a6d4   0x00000020   Code   RO         6219    i.nrf_drv_uart_tx   nrf_cli_uart.o
    0x0000a6f4   0x0000a6f4   0x00000018   Code   RO         6220    i.nrf_drv_uart_uninit  nrf_cli_uart.o
    0x0000a70c   0x0000a70c   0x00000080   Code   RO         6302    i.nrf_fprintf       nrf_fprintf.o
    0x0000a78c   0x0000a78c   0x00000058   Code   RO         6303    i.nrf_fprintf_buffer_flush  nrf_fprintf.o
    0x0000a7e4   0x0000a7e4   0x000002bc   Code   RO         6336    i.nrf_fprintf_fmt   nrf_fprintf_format.o
    0x0000aaa0   0x0000aaa0   0x00000150   Code   RO         6384    i.nrf_fstorage_erase  nrf_fstorage.o
    0x0000abf0   0x0000abf0   0x000000a0   Code   RO         6385    i.nrf_fstorage_init  nrf_fstorage.o
    0x0000ac90   0x0000ac90   0x0000000e   Code   RO         6388    i.nrf_fstorage_rmap  nrf_fstorage.o
    0x0000ac9e   0x0000ac9e   0x00000002   PAD
    0x0000aca0   0x0000aca0   0x00000200   Code   RO         6391    i.nrf_fstorage_write  nrf_fstorage.o
    0x0000aea0   0x0000aea0   0x00000032   Code   RO         2382    i.nrf_gpio_cfg      nrfx_uart.o
    0x0000aed2   0x0000aed2   0x00000032   Code   RO         2583    i.nrf_gpio_cfg      nrfx_uarte.o
    0x0000af04   0x0000af04   0x00000012   Code   RO         2383    i.nrf_gpio_cfg_default  nrfx_uart.o
    0x0000af16   0x0000af16   0x00000012   Code   RO         2584    i.nrf_gpio_cfg_default  nrfx_uarte.o
    0x0000af28   0x0000af28   0x00000012   Code   RO         2384    i.nrf_gpio_cfg_input  nrfx_uart.o
    0x0000af3a   0x0000af3a   0x00000012   Code   RO         2585    i.nrf_gpio_cfg_input  nrfx_uarte.o
    0x0000af4c   0x0000af4c   0x00000014   Code   RO         2385    i.nrf_gpio_cfg_output  nrfx_uart.o
    0x0000af60   0x0000af60   0x00000014   Code   RO         2586    i.nrf_gpio_cfg_output  nrfx_uarte.o
    0x0000af74   0x0000af74   0x00000030   Code   RO         1786    i.nrf_gpio_cfg_sense_set  nrfx_gpiote.o
    0x0000afa4   0x0000afa4   0x00000030   Code   RO         1787    i.nrf_gpio_latches_read_and_clear  nrfx_gpiote.o
    0x0000afd4   0x0000afd4   0x00000060   Code   RO         1789    i.nrf_gpio_pin_port_decode  nrfx_gpiote.o
    0x0000b034   0x0000b034   0x00000080   Code   RO         2386    i.nrf_gpio_pin_port_decode  nrfx_uart.o
    0x0000b0b4   0x0000b0b4   0x00000080   Code   RO         2587    i.nrf_gpio_pin_port_decode  nrfx_uarte.o
    0x0000b134   0x0000b134   0x0000002c   Code   RO         1790    i.nrf_gpio_pin_present_check  nrfx_gpiote.o
    0x0000b160   0x0000b160   0x00000014   Code   RO         2387    i.nrf_gpio_pin_set  nrfx_uart.o
    0x0000b174   0x0000b174   0x00000014   Code   RO         2588    i.nrf_gpio_pin_set  nrfx_uarte.o
    0x0000b188   0x0000b188   0x00000014   Code   RO         1793    i.nrf_gpiote_event_clear  nrfx_gpiote.o
    0x0000b19c   0x0000b19c   0x00000010   Code   RO         1794    i.nrf_gpiote_event_is_set  nrfx_gpiote.o
    0x0000b1ac   0x0000b1ac   0x00000090   Code   RO         7363    i.nrf_log_backend_add  nrf_log_frontend.o
    0x0000b23c   0x0000b23c   0x0000000a   Code   RO         5654    i.nrf_log_backend_cli_flush  nrf_cli.o
    0x0000b246   0x0000b246   0x0000001e   Code   RO         5655    i.nrf_log_backend_cli_panic_set  nrf_cli.o
    0x0000b264   0x0000b264   0x00000052   Code   RO         5656    i.nrf_log_backend_cli_put  nrf_cli.o
    0x0000b2b6   0x0000b2b6   0x00000002   PAD
    0x0000b2b8   0x0000b2b8   0x0000000c   Code   RO         7021    i.nrf_log_backend_crashlog_flush  nrf_log_backend_flash.o
    0x0000b2c4   0x0000b2c4   0x00000080   Code   RO         7022    i.nrf_log_backend_crashlog_panic_set  nrf_log_backend_flash.o
    0x0000b344   0x0000b344   0x00000034   Code   RO         7023    i.nrf_log_backend_crashlog_put  nrf_log_backend_flash.o
    0x0000b378   0x0000b378   0x0000002c   Code   RO         7024    i.nrf_log_backend_flash_erase  nrf_log_backend_flash.o
    0x0000b3a4   0x0000b3a4   0x0000004c   Code   RO         7025    i.nrf_log_backend_flash_init  nrf_log_backend_flash.o
    0x0000b3f0   0x0000b3f0   0x00000060   Code   RO         7026    i.nrf_log_backend_flash_next_entry_get  nrf_log_backend_flash.o
    0x0000b450   0x0000b450   0x0000000c   Code   RO         7027    i.nrf_log_backend_flashlog_flush  nrf_log_backend_flash.o
    0x0000b45c   0x0000b45c   0x00000002   Code   RO         7028    i.nrf_log_backend_flashlog_panic_set  nrf_log_backend_flash.o
    0x0000b45e   0x0000b45e   0x00000002   PAD
    0x0000b460   0x0000b460   0x00000040   Code   RO         7029    i.nrf_log_backend_flashlog_put  nrf_log_backend_flash.o
    0x0000b4a0   0x0000b4a0   0x000000c8   Code   RO         7197    i.nrf_log_backend_serial_put  nrf_log_backend_serial.o
    0x0000b568   0x0000b568   0x00000002   Code   RO         7234    i.nrf_log_backend_uart_flush  nrf_log_backend_uart.o
    0x0000b56a   0x0000b56a   0x00000002   PAD
    0x0000b56c   0x0000b56c   0x0000002c   Code   RO         7236    i.nrf_log_backend_uart_panic_set  nrf_log_backend_uart.o
    0x0000b598   0x0000b598   0x00000018   Code   RO         7237    i.nrf_log_backend_uart_put  nrf_log_backend_uart.o
    0x0000b5b0   0x0000b5b0   0x00000030   Code   RO         7365    i.nrf_log_color_id_get  nrf_log_frontend.o
    0x0000b5e0   0x0000b5e0   0x000000b4   Code   RO         7366    i.nrf_log_config_load  nrf_log_frontend.o
    0x0000b694   0x0000b694   0x0000010c   Code   RO         7367    i.nrf_log_config_store  nrf_log_frontend.o
    0x0000b7a0   0x0000b7a0   0x00000274   Code   RO         7368    i.nrf_log_frontend_dequeue  nrf_log_frontend.o
    0x0000ba14   0x0000ba14   0x00000008   Code   RO         7370    i.nrf_log_frontend_std_0  nrf_log_frontend.o
    0x0000ba1c   0x0000ba1c   0x0000000e   Code   RO         7371    i.nrf_log_frontend_std_1  nrf_log_frontend.o
    0x0000ba2a   0x0000ba2a   0x00000010   Code   RO         7372    i.nrf_log_frontend_std_2  nrf_log_frontend.o
    0x0000ba3a   0x0000ba3a   0x00000012   Code   RO         7373    i.nrf_log_frontend_std_3  nrf_log_frontend.o
    0x0000ba4c   0x0000ba4c   0x00000014   Code   RO         7374    i.nrf_log_frontend_std_4  nrf_log_frontend.o
    0x0000ba60   0x0000ba60   0x0000001c   Code   RO         7375    i.nrf_log_frontend_std_5  nrf_log_frontend.o
    0x0000ba7c   0x0000ba7c   0x000000b0   Code   RO         7671    i.nrf_log_hexdump_entry_process  nrf_log_str_formatter.o
    0x0000bb2c   0x0000bb2c   0x000000b0   Code   RO         7377    i.nrf_log_init      nrf_log_frontend.o
    0x0000bbdc   0x0000bbdc   0x00000014   Code   RO         7378    i.nrf_log_module_cnt_get  nrf_log_frontend.o
    0x0000bbf0   0x0000bbf0   0x00000048   Code   RO         7379    i.nrf_log_module_filter_get  nrf_log_frontend.o
    0x0000bc38   0x0000bc38   0x00000050   Code   RO         7380    i.nrf_log_module_filter_set  nrf_log_frontend.o
    0x0000bc88   0x0000bc88   0x0000001c   Code   RO         7381    i.nrf_log_module_name_get  nrf_log_frontend.o
    0x0000bca4   0x0000bca4   0x00000028   Code   RO         7382    i.nrf_log_panic     nrf_log_frontend.o
    0x0000bccc   0x0000bccc   0x000000b6   Code   RO         7672    i.nrf_log_std_entry_process  nrf_log_str_formatter.o
    0x0000bd82   0x0000bd82   0x00000002   PAD
    0x0000bd84   0x0000bd84   0x00000020   Code   RO         7673    i.nrf_log_str_formatter_timestamp_freq_set  nrf_log_str_formatter.o
    0x0000bda4   0x0000bda4   0x00000060   Code   RO         6545    i.nrf_memobj_alloc  nrf_memobj.o
    0x0000be04   0x0000be04   0x00000032   Code   RO         6546    i.nrf_memobj_free   nrf_memobj.o
    0x0000be36   0x0000be36   0x00000008   Code   RO         6547    i.nrf_memobj_get    nrf_memobj.o
    0x0000be3e   0x0000be3e   0x00000004   Code   RO         6548    i.nrf_memobj_pool_init  nrf_memobj.o
    0x0000be42   0x0000be42   0x0000001e   Code   RO         6549    i.nrf_memobj_put    nrf_memobj.o
    0x0000be60   0x0000be60   0x00000060   Code   RO         6550    i.nrf_memobj_read   nrf_memobj.o
    0x0000bec0   0x0000bec0   0x0000005c   Code   RO         6551    i.nrf_memobj_write  nrf_memobj.o
    0x0000bf1c   0x0000bf1c   0x00000048   Code   RO          966    i.nrf_mpu_lib_init  nrf_mpu_lib.o
    0x0000bf64   0x0000bf64   0x00000088   Code   RO          967    i.nrf_mpu_lib_region_create  nrf_mpu_lib.o
    0x0000bfec   0x0000bfec   0x00000030   Code   RO         1422    i.nrf_nvmc_page_erase  nrf_nvmc.o
    0x0000c01c   0x0000c01c   0x00000044   Code   RO         1426    i.nrf_nvmc_write_words  nrf_nvmc.o
    0x0000c060   0x0000c060   0x0000001c   Code   RO         2116    i.nrf_power_event_get_and_clear  nrfx_power.o
    0x0000c07c   0x0000c07c   0x00000002   Code   RO         6610    i.nrf_pwr_mgmt_feed  nrf_pwr_mgmt.o
    0x0000c07e   0x0000c07e   0x00000002   PAD
    0x0000c080   0x0000c080   0x00000020   Code   RO         6695    i.nrf_queue_available_get  nrf_queue.o
    0x0000c0a0   0x0000c0a0   0x000000dc   Code   RO         6696    i.nrf_queue_generic_pop  nrf_queue.o
    0x0000c17c   0x0000c17c   0x00000094   Code   RO         6697    i.nrf_queue_in      nrf_queue.o
    0x0000c210   0x0000c210   0x00000060   Code   RO         6698    i.nrf_queue_is_empty  nrf_queue.o
    0x0000c270   0x0000c270   0x00000064   Code   RO         6699    i.nrf_queue_is_full  nrf_queue.o
    0x0000c2d4   0x0000c2d4   0x00000054   Code   RO         6700    i.nrf_queue_max_utilization_get  nrf_queue.o
    0x0000c328   0x0000c328   0x00000054   Code   RO         6701    i.nrf_queue_max_utilization_reset  nrf_queue.o
    0x0000c37c   0x0000c37c   0x00000024   Code   RO         6702    i.nrf_queue_next_idx  nrf_queue.o
    0x0000c3a0   0x0000c3a0   0x00000088   Code   RO         6703    i.nrf_queue_out     nrf_queue.o
    0x0000c428   0x0000c428   0x000000fc   Code   RO         6704    i.nrf_queue_push    nrf_queue.o
    0x0000c524   0x0000c524   0x000000e8   Code   RO         6707    i.nrf_queue_status  nrf_queue.o
    0x0000c60c   0x0000c60c   0x00000064   Code   RO         6708    i.nrf_queue_utilization_get  nrf_queue.o
    0x0000c670   0x0000c670   0x000000c4   Code   RO         6829    i.nrf_ringbuf_alloc  nrf_ringbuf.o
    0x0000c734   0x0000c734   0x000000d8   Code   RO         6830    i.nrf_ringbuf_cpy_get  nrf_ringbuf.o
    0x0000c80c   0x0000c80c   0x000000cc   Code   RO         6831    i.nrf_ringbuf_cpy_put  nrf_ringbuf.o
    0x0000c8d8   0x0000c8d8   0x00000026   Code   RO         6832    i.nrf_ringbuf_free  nrf_ringbuf.o
    0x0000c8fe   0x0000c8fe   0x00000002   PAD
    0x0000c900   0x0000c900   0x000000c4   Code   RO         6833    i.nrf_ringbuf_get   nrf_ringbuf.o
    0x0000c9c4   0x0000c9c4   0x0000001c   Code   RO         6834    i.nrf_ringbuf_init  nrf_ringbuf.o
    0x0000c9e0   0x0000c9e0   0x00000030   Code   RO         6835    i.nrf_ringbuf_put   nrf_ringbuf.o
    0x0000ca10   0x0000ca10   0x0000000c   Code   RO         4721    i.nrf_rtc_event_clear  drv_rtc.o
    0x0000ca1c   0x0000ca1c   0x00000078   Code   RO         6925    i.nrf_sortlist_add  nrf_sortlist.o
    0x0000ca94   0x0000ca94   0x00000054   Code   RO         6927    i.nrf_sortlist_peek  nrf_sortlist.o
    0x0000cae8   0x0000cae8   0x0000005c   Code   RO         6928    i.nrf_sortlist_pop  nrf_sortlist.o
    0x0000cb44   0x0000cb44   0x00000078   Code   RO         6929    i.nrf_sortlist_remove  nrf_sortlist.o
    0x0000cbbc   0x0000cbbc   0x000000dc   Code   RO         1027    i.nrf_stack_guard_init  nrf_stack_guard.o
    0x0000cc98   0x0000cc98   0x00000038   Code   RO         6979    i.nrf_strerror_find  nrf_strerror.o
    0x0000ccd0   0x0000ccd0   0x00000014   Code   RO         6980    i.nrf_strerror_get  nrf_strerror.o
    0x0000cce4   0x0000cce4   0x0000000a   Code   RO         2388    i.nrf_uart_event_check  nrfx_uart.o
    0x0000ccee   0x0000ccee   0x0000000c   Code   RO         2389    i.nrf_uart_event_clear  nrfx_uart.o
    0x0000ccfa   0x0000ccfa   0x0000000c   Code   RO         2390    i.nrf_uart_int_enable_check  nrfx_uart.o
    0x0000cd06   0x0000cd06   0x0000000a   Code   RO         2589    i.nrf_uarte_event_check  nrfx_uarte.o
    0x0000cd10   0x0000cd10   0x0000000c   Code   RO         2590    i.nrf_uarte_event_clear  nrfx_uarte.o
    0x0000cd1c   0x0000cd1c   0x00000034   Code   RO         2780    i.nrf_usbd_ep0in_dma_handler  nrfx_usbd.o
    0x0000cd50   0x0000cd50   0x00000050   Code   RO         2781    i.nrf_usbd_ep_easydma_set  nrfx_usbd.o
    0x0000cda0   0x0000cda0   0x00000070   Code   RO         2782    i.nrf_usbd_ep_enable_check  nrfx_usbd.o
    0x0000ce10   0x0000ce10   0x0000009c   Code   RO         2783    i.nrf_usbd_epin_dma_handler  nrfx_usbd.o
    0x0000ceac   0x0000ceac   0x00000084   Code   RO         2784    i.nrf_usbd_epiniso_dma_handler  nrfx_usbd.o
    0x0000cf30   0x0000cf30   0x00000058   Code   RO         2785    i.nrf_usbd_episoout_size_get  nrfx_usbd.o
    0x0000cf88   0x0000cf88   0x000000c8   Code   RO         2786    i.nrf_usbd_epout_dma_handler  nrfx_usbd.o
    0x0000d050   0x0000d050   0x00000058   Code   RO         2787    i.nrf_usbd_epout_size_get  nrfx_usbd.o
    0x0000d0a8   0x0000d0a8   0x00000010   Code   RO         2788    i.nrf_usbd_event_check  nrfx_usbd.o
    0x0000d0b8   0x0000d0b8   0x00000020   Code   RO         2789    i.nrf_usbd_event_get_and_clear  nrfx_usbd.o
    0x0000d0d8   0x0000d0d8   0x00000014   Code   RO         2790    i.nrf_usbd_eventcause_clear  nrfx_usbd.o
    0x0000d0ec   0x0000d0ec   0x00000010   Code   RO         2791    i.nrf_usbd_lowpower_check  nrfx_usbd.o
    0x0000d0fc   0x0000d0fc   0x00000018   Code   RO         2792    i.nrf_usbd_task_trigger  nrfx_usbd.o
    0x0000d114   0x0000d114   0x00000010   Code   RO         1073    i.nrf_wdt_started   nrf_drv_clock.o
    0x0000d124   0x0000d124   0x0000000a   Code   RO         1506    i.nrfx_atomic_u32_fetch_and  nrfx_atomic.o
    0x0000d12e   0x0000d12e   0x00000002   PAD
    0x0000d130   0x0000d130   0x00000064   Code   RO         1642    i.nrfx_clock_enable  nrfx_clock.o
    0x0000d194   0x0000d194   0x00000064   Code   RO         1643    i.nrfx_clock_hfclk_start  nrfx_clock.o
    0x0000d1f8   0x0000d1f8   0x00000080   Code   RO         1644    i.nrfx_clock_hfclk_stop  nrfx_clock.o
    0x0000d278   0x0000d278   0x00000064   Code   RO         1645    i.nrfx_clock_init   nrfx_clock.o
    0x0000d2dc   0x0000d2dc   0x00000058   Code   RO         1646    i.nrfx_clock_irq_handler  nrfx_clock.o
    0x0000d334   0x0000d334   0x00000068   Code   RO         1648    i.nrfx_clock_lfclk_start  nrfx_clock.o
    0x0000d39c   0x0000d39c   0x00000010   Code   RO         4722    i.nrfx_coredep_delay_us  drv_rtc.o
    0x0000d3ac   0x0000d3ac   0x00000010   Code   RO         2591    i.nrfx_is_in_ram    nrfx_uarte.o
    0x0000d3bc   0x0000d3bc   0x00000010   Code   RO         2793    i.nrfx_is_in_ram    nrfx_usbd.o
    0x0000d3cc   0x0000d3cc   0x00000020   Code   RO         1651    i.nrfx_power_clock_irq_init  nrfx_clock.o
    0x0000d3ec   0x0000d3ec   0x00000020   Code   RO         2118    i.nrfx_power_clock_irq_init  nrfx_power.o
    0x0000d40c   0x0000d40c   0x0000007c   Code   RO         2119    i.nrfx_power_init   nrfx_power.o
    0x0000d488   0x0000d488   0x0000011c   Code   RO         2120    i.nrfx_power_irq_handler  nrfx_power.o
    0x0000d5a4   0x0000d5a4   0x0000000e   Code   RO         2132    i.nrfx_power_usbevt_disable  nrfx_power.o
    0x0000d5b2   0x0000d5b2   0x0000000e   Code   RO         2133    i.nrfx_power_usbevt_enable  nrfx_power.o
    0x0000d5c0   0x0000d5c0   0x0000005c   Code   RO         2134    i.nrfx_power_usbevt_init  nrfx_power.o
    0x0000d61c   0x0000d61c   0x0000000c   Code   RO         2135    i.nrfx_power_usbevt_uninit  nrfx_power.o
    0x0000d628   0x0000d628   0x0000007c   Code   RO         2264    i.nrfx_prs_acquire  nrfx_prs.o
    0x0000d6a4   0x0000d6a4   0x0000005c   Code   RO         2265    i.nrfx_prs_release  nrfx_prs.o
    0x0000d700   0x0000d700   0x00000010   Code   RO         2391    i.nrfx_uart_0_irq_handler  nrfx_uart.o
    0x0000d710   0x0000d710   0x000000b8   Code   RO         2393    i.nrfx_uart_init    nrfx_uart.o
    0x0000d7c8   0x0000d7c8   0x00000150   Code   RO         2394    i.nrfx_uart_rx      nrfx_uart.o
    0x0000d918   0x0000d918   0x00000012   Code   RO         2395    i.nrfx_uart_rx_abort  nrfx_uart.o
    0x0000d92a   0x0000d92a   0x00000002   PAD
    0x0000d92c   0x0000d92c   0x0000010c   Code   RO         2399    i.nrfx_uart_tx      nrfx_uart.o
    0x0000da38   0x0000da38   0x00000020   Code   RO         2401    i.nrfx_uart_tx_in_progress  nrfx_uart.o
    0x0000da58   0x0000da58   0x000000c0   Code   RO         2402    i.nrfx_uart_uninit  nrfx_uart.o
    0x0000db18   0x0000db18   0x00000010   Code   RO         2592    i.nrfx_uarte_0_irq_handler  nrfx_uarte.o
    0x0000db28   0x0000db28   0x000000b0   Code   RO         2594    i.nrfx_uarte_init   nrfx_uarte.o
    0x0000dbd8   0x0000dbd8   0x0000017c   Code   RO         2595    i.nrfx_uarte_rx     nrfx_uarte.o
    0x0000dd54   0x0000dd54   0x0000002c   Code   RO         2596    i.nrfx_uarte_rx_abort  nrfx_uarte.o
    0x0000dd80   0x0000dd80   0x00000120   Code   RO         2598    i.nrfx_uarte_tx     nrfx_uarte.o
    0x0000dea0   0x0000dea0   0x0000001c   Code   RO         2600    i.nrfx_uarte_tx_in_progress  nrfx_uarte.o
    0x0000debc   0x0000debc   0x00000108   Code   RO         2601    i.nrfx_uarte_uninit  nrfx_uarte.o
    0x0000dfc4   0x0000dfc4   0x00000014   Code   RO         2794    i.nrfx_usbd_active_irq_config  nrfx_usbd.o
    0x0000dfd8   0x0000dfd8   0x00000098   Code   RO         2796    i.nrfx_usbd_consumer  nrfx_usbd.o
    0x0000e070   0x0000e070   0x0000007c   Code   RO         2797    i.nrfx_usbd_disable  nrfx_usbd.o
    0x0000e0ec   0x0000e0ec   0x000000c4   Code   RO         2798    i.nrfx_usbd_enable  nrfx_usbd.o
    0x0000e1b0   0x0000e1b0   0x00000004   Code   RO         2799    i.nrfx_usbd_ep_abort  nrfx_usbd.o
    0x0000e1b4   0x0000e1b4   0x00000060   Code   RO         2801    i.nrfx_usbd_ep_disable  nrfx_usbd.o
    0x0000e214   0x0000e214   0x00000048   Code   RO         2802    i.nrfx_usbd_ep_dtoggle_clear  nrfx_usbd.o
    0x0000e25c   0x0000e25c   0x000000a0   Code   RO         2803    i.nrfx_usbd_ep_enable  nrfx_usbd.o
    0x0000e2fc   0x0000e2fc   0x0000000e   Code   RO         2804    i.nrfx_usbd_ep_enable_check  nrfx_usbd.o
    0x0000e30a   0x0000e30a   0x00000002   PAD
    0x0000e30c   0x0000e30c   0x000000b0   Code   RO         2805    i.nrfx_usbd_ep_handled_transfer  nrfx_usbd.o
    0x0000e3bc   0x0000e3bc   0x0000000a   Code   RO         2807    i.nrfx_usbd_ep_max_packet_size_get  nrfx_usbd.o
    0x0000e3c6   0x0000e3c6   0x00000002   PAD
    0x0000e3c8   0x0000e3c8   0x00000098   Code   RO         2808    i.nrfx_usbd_ep_max_packet_size_set  nrfx_usbd.o
    0x0000e460   0x0000e460   0x00000034   Code   RO         2809    i.nrfx_usbd_ep_stall  nrfx_usbd.o
    0x0000e494   0x0000e494   0x00000030   Code   RO         2810    i.nrfx_usbd_ep_stall_check  nrfx_usbd.o
    0x0000e4c4   0x0000e4c4   0x00000048   Code   RO         2811    i.nrfx_usbd_ep_stall_clear  nrfx_usbd.o
    0x0000e50c   0x0000e50c   0x00000070   Code   RO         2813    i.nrfx_usbd_ep_to_endevent  nrfx_usbd.o
    0x0000e57c   0x0000e57c   0x00000070   Code   RO         2814    i.nrfx_usbd_ep_to_int  nrfx_usbd.o
    0x0000e5ec   0x0000e5ec   0x00000128   Code   RO         2815    i.nrfx_usbd_ep_transfer  nrfx_usbd.o
    0x0000e714   0x0000e714   0x0000000e   Code   RO         2816    i.nrfx_usbd_epout_size_get  nrfx_usbd.o
    0x0000e722   0x0000e722   0x00000014   Code   RO         2817    i.nrfx_usbd_errata_171  nrfx_usbd.o
    0x0000e736   0x0000e736   0x00000018   Code   RO         2818    i.nrfx_usbd_errata_187  nrfx_usbd.o
    0x0000e74e   0x0000e74e   0x00000014   Code   RO         2819    i.nrfx_usbd_errata_199  nrfx_usbd.o
    0x0000e762   0x0000e762   0x00000002   PAD
    0x0000e764   0x0000e764   0x00000008   Code   RO         2820    i.nrfx_usbd_feeder_buffer_get  nrfx_usbd.o
    0x0000e76c   0x0000e76c   0x00000098   Code   RO         2821    i.nrfx_usbd_feeder_flash  nrfx_usbd.o
    0x0000e804   0x0000e804   0x000000a0   Code   RO         2822    i.nrfx_usbd_feeder_flash_zlp  nrfx_usbd.o
    0x0000e8a4   0x0000e8a4   0x0000007c   Code   RO         2823    i.nrfx_usbd_feeder_ram  nrfx_usbd.o
    0x0000e920   0x0000e920   0x0000008c   Code   RO         2824    i.nrfx_usbd_feeder_ram_zlp  nrfx_usbd.o
    0x0000e9ac   0x0000e9ac   0x0000000c   Code   RO         2825    i.nrfx_usbd_force_bus_wakeup  nrfx_usbd.o
    0x0000e9b8   0x0000e9b8   0x000000c4   Code   RO         2826    i.nrfx_usbd_init    nrfx_usbd.o
    0x0000ea7c   0x0000ea7c   0x00000014   Code   RO         2827    i.nrfx_usbd_is_enabled  nrfx_usbd.o
    0x0000ea90   0x0000ea90   0x00000010   Code   RO         2828    i.nrfx_usbd_is_initialized  nrfx_usbd.o
    0x0000eaa0   0x0000eaa0   0x00000018   Code   RO         2829    i.nrfx_usbd_is_started  nrfx_usbd.o
    0x0000eab8   0x0000eab8   0x0000000c   Code   RO         2832    i.nrfx_usbd_last_setup_dir_get  nrfx_usbd.o
    0x0000eac4   0x0000eac4   0x00000006   Code   RO         2833    i.nrfx_usbd_setup_clear  nrfx_usbd.o
    0x0000eaca   0x0000eaca   0x00000006   Code   RO         2834    i.nrfx_usbd_setup_data_clear  nrfx_usbd.o
    0x0000ead0   0x0000ead0   0x00000050   Code   RO         2835    i.nrfx_usbd_setup_get  nrfx_usbd.o
    0x0000eb20   0x0000eb20   0x00000006   Code   RO         2836    i.nrfx_usbd_setup_stall  nrfx_usbd.o
    0x0000eb26   0x0000eb26   0x00000002   PAD
    0x0000eb28   0x0000eb28   0x00000098   Code   RO         2837    i.nrfx_usbd_start   nrfx_usbd.o
    0x0000ebc0   0x0000ebc0   0x00000098   Code   RO         2838    i.nrfx_usbd_stop    nrfx_usbd.o
    0x0000ec58   0x0000ec58   0x00000048   Code   RO         2839    i.nrfx_usbd_suspend  nrfx_usbd.o
    0x0000eca0   0x0000eca0   0x00000014   Code   RO         2841    i.nrfx_usbd_suspend_irq_config  nrfx_usbd.o
    0x0000ecb4   0x0000ecb4   0x000000d0   Code   RO         2842    i.nrfx_usbd_transfer_out_drop  nrfx_usbd.o
    0x0000ed84   0x0000ed84   0x00000058   Code   RO         2843    i.nrfx_usbd_uninit  nrfx_usbd.o
    0x0000eddc   0x0000eddc   0x00000054   Code   RO         2844    i.nrfx_usbd_wakeup_req  nrfx_usbd.o
    0x0000ee30   0x0000ee30   0x00000018   Code   RO         8084    i.nvmc_config       system_nrf52.o
    0x0000ee48   0x0000ee48   0x00000114   Code   RO         3616    i.on_compare_evt    app_timer2.o
    0x0000ef5c   0x0000ef5c   0x00000090   Code   RO         5657    i.option_print      nrf_cli.o
    0x0000efec   0x0000efec   0x00000024   Code   RO         4907    i.page_identify     fds.o
    0x0000f010   0x0000f010   0x0000001c   Code   RO         4908    i.page_offsets_update  fds.o
    0x0000f02c   0x0000f02c   0x0000006c   Code   RO         4909    i.page_scan         fds.o
    0x0000f098   0x0000f098   0x0000001c   Code   RO         4910    i.page_tag_write_data  fds.o
    0x0000f0b4   0x0000f0b4   0x00000024   Code   RO         4911    i.page_tag_write_swap  fds.o
    0x0000f0d8   0x0000f0d8   0x00000130   Code   RO         4912    i.pages_init        fds.o
    0x0000f208   0x0000f208   0x000000d0   Code   RO         1829    i.port_event_handle  nrfx_gpiote.o
    0x0000f2d8   0x0000f2d8   0x00000010   Code   RO         1830    i.port_handler_polarity_get  nrfx_gpiote.o
    0x0000f2e8   0x0000f2e8   0x0000003c   Code   RO         7674    i.postfix_process   nrf_log_str_formatter.o
    0x0000f324   0x0000f324   0x000000a0   Code   RO         7675    i.prefix_process    nrf_log_str_formatter.o
    0x0000f3c4   0x0000f3c4   0x0000001a   Code   RO         4549    i.privilege_level_get  app_util_platform.o
    0x0000f3de   0x0000f3de   0x00000002   PAD
    0x0000f3e0   0x0000f3e0   0x00000018   Code   RO         2266    i.prs_box_get       nrfx_prs.o
    0x0000f3f8   0x0000f3f8   0x0000001c   Code   RO         4913    i.queue_buf_get     fds.o
    0x0000f414   0x0000f414   0x00000010   Code   RO         4914    i.queue_buf_store   fds.o
    0x0000f424   0x0000f424   0x00000024   Code   RO         7030    i.queue_element_drop  nrf_log_backend_flash.o
    0x0000f448   0x0000f448   0x00000124   Code   RO         4915    i.queue_process     fds.o
    0x0000f56c   0x0000f56c   0x00000064   Code   RO         6710    i.queue_read        nrf_queue.o
    0x0000f5d0   0x0000f5d0   0x0000001c   Code   RO         4916    i.queue_start       fds.o
    0x0000f5ec   0x0000f5ec   0x00000018   Code   RO         6711    i.queue_utilization_get  nrf_queue.o
    0x0000f604   0x0000f604   0x00000090   Code   RO         6712    i.queue_write       nrf_queue.o
    0x0000f694   0x0000f694   0x000000b2   Code   RO         5192    i.rangematch        fnmatch.o
    0x0000f746   0x0000f746   0x0000000e   Code   RO         6471    i.read              nrf_fstorage_nvmc.o
    0x0000f754   0x0000f754   0x00000090   Code   RO         4917    i.record_find       fds.o
    0x0000f7e4   0x0000f7e4   0x000000a0   Code   RO         4918    i.record_find_by_desc  fds.o
    0x0000f884   0x0000f884   0x0000005c   Code   RO         4919    i.record_find_next  fds.o
    0x0000f8e0   0x0000f8e0   0x0000003c   Code   RO         4920    i.record_header_flag_dirty  fds.o
    0x0000f91c   0x0000f91c   0x00000004   Code   RO         6472    i.rmap              nrf_fstorage_nvmc.o
    0x0000f920   0x0000f920   0x0000008c   Code   RO         3617    i.rtc_irq           app_timer2.o
    0x0000f9ac   0x0000f9ac   0x00000130   Code   RO         3618    i.rtc_schedule      app_timer2.o
    0x0000fadc   0x0000fadc   0x00000148   Code   RO         3619    i.rtc_update        app_timer2.o
    0x0000fc24   0x0000fc24   0x00000032   Code   RO         2403    i.rx_byte           nrfx_uart.o
    0x0000fc56   0x0000fc56   0x00000016   Code   RO         2404    i.rx_done_event     nrfx_uart.o
    0x0000fc6c   0x0000fc6c   0x00000016   Code   RO         2602    i.rx_done_event     nrfx_uarte.o
    0x0000fc82   0x0000fc82   0x00000020   Code   RO         2405    i.rx_enable         nrfx_uart.o
    0x0000fca2   0x0000fca2   0x00000002   PAD
    0x0000fca4   0x0000fca4   0x000000a0   Code   RO         6221    i.rx_try            nrf_cli_uart.o
    0x0000fd44   0x0000fd44   0x0000000e   Code   RO         7031    i.saturate_align_length  nrf_log_backend_flash.o
    0x0000fd52   0x0000fd52   0x00000002   PAD
    0x0000fd54   0x0000fd54   0x00000048   Code   RO         7238    i.serial_tx         nrf_log_backend_uart.o
    0x0000fd9c   0x0000fd9c   0x00000004   Code   RO         4340    i.setup_data_handler_empty  app_usbd_core.o
    0x0000fda0   0x0000fda0   0x00000174   Code   RO         4341    i.setup_device_req_get_descriptor  app_usbd_core.o
    0x0000ff14   0x0000ff14   0x00000084   Code   RO         4342    i.setup_device_req_get_status  app_usbd_core.o
    0x0000ff98   0x0000ff98   0x00000144   Code   RO         4343    i.setup_device_req_std_handler  app_usbd_core.o
    0x000100dc   0x000100dc   0x00000094   Code   RO         4344    i.setup_endpoint_req_std  app_usbd_core.o
    0x00010170   0x00010170   0x000000cc   Code   RO         4168    i.setup_event_handler  app_usbd_cdc_acm.o
    0x0001023c   0x0001023c   0x00000088   Code   RO         4345    i.setup_interface_req_std_handle  app_usbd_core.o
    0x000102c4   0x000102c4   0x000000d4   Code   RO         4169    i.setup_req_class_out  app_usbd_cdc_acm.o
    0x00010398   0x00010398   0x00000024   Code   RO         7384    i.severity_lvl_get  nrf_log_frontend.o
    0x000103bc   0x000103bc   0x0000000c   Code   RO         3620    i.sortlist_pop      app_timer2.o
    0x000103c8   0x000103c8   0x00000062   Code   RO         5658    i.spaces_trim       nrf_cli.o
    0x0001042a   0x0001042a   0x00000002   PAD
    0x0001042c   0x0001042c   0x000000c8   Code   RO         7385    i.std_n             nrf_log_frontend.o
    0x000104f4   0x000104f4   0x00000044   Code   RO           23    i.string_cmp        demo_cli_cmds.o
    0x00010538   0x00010538   0x00000064   Code   RO         5659    i.string_cmp        nrf_cli.o
    0x0001059c   0x0001059c   0x00000058   Code   RO         3807    i.sustate_set       app_usbd.o
    0x000105f4   0x000105f4   0x000000b4   Code   RO         5660    i.terminal_size_get  nrf_cli.o
    0x000106a8   0x000106a8   0x00000118   Code   RO         3621    i.timer_expire      app_timer2.o
    0x000107c0   0x000107c0   0x00000054   Code   RO          321    i.timer_handle      main.o
    0x00010814   0x00010814   0x00000080   Code   RO         6156    i.timer_handler     nrf_cli_rtt.o
    0x00010894   0x00010894   0x0000001c   Code   RO         6222    i.timer_handler     nrf_cli_uart.o
    0x000108b0   0x000108b0   0x00000188   Code   RO         3622    i.timer_req_process  app_timer2.o
    0x00010a38   0x00010a38   0x0000008c   Code   RO         3623    i.timer_req_schedule  app_timer2.o
    0x00010ac4   0x00010ac4   0x0000008c   Code   RO         7676    i.timestamp_print   nrf_log_str_formatter.o
    0x00010b50   0x00010b50   0x00000020   Code   RO         2406    i.tx_byte           nrfx_uart.o
    0x00010b70   0x00010b70   0x0000001a   Code   RO         2407    i.tx_done_event     nrfx_uart.o
    0x00010b8a   0x00010b8a   0x0000001a   Code   RO         2603    i.tx_done_event     nrfx_uarte.o
    0x00010ba4   0x00010ba4   0x0000010c   Code   RO         6223    i.uart_event_handler  nrf_cli_uart.o
    0x00010cb0   0x00010cb0   0x00000030   Code   RO         1287    i.uart_evt_handler  nrf_drv_uart.o
    0x00010ce0   0x00010ce0   0x0000000c   Code   RO         7239    i.uart_evt_handler  nrf_log_backend_uart.o
    0x00010cec   0x00010cec   0x00000058   Code   RO         7240    i.uart_init         nrf_log_backend_uart.o
    0x00010d44   0x00010d44   0x0000012a   Code   RO         2408    i.uart_irq_handler  nrfx_uart.o
    0x00010e6e   0x00010e6e   0x00000002   PAD
    0x00010e70   0x00010e70   0x00000030   Code   RO         1288    i.uarte_evt_handler  nrf_drv_uart.o
    0x00010ea0   0x00010ea0   0x00000112   Code   RO         2604    i.uarte_irq_handler  nrfx_uarte.o
    0x00010fb2   0x00010fb2   0x00000002   PAD
    0x00010fb4   0x00010fb4   0x00000010   Code   RO         6473    i.uninit            nrf_fstorage_nvmc.o
    0x00010fc4   0x00010fc4   0x000000b4   Code   RO         6337    i.unsigned_print    nrf_fprintf_format.o
    0x00011078   0x00011078   0x00000010   Code   RO         4346    i.usb_core_ep0_handler_check  app_usbd_core.o
    0x00011088   0x00011088   0x00000028   Code   RO         4347    i.usbd_core_state_set  app_usbd_core.o
    0x000110b0   0x000110b0   0x00000140   Code   RO         4348    i.usbd_descriptor_conf_feeder  app_usbd_core.o
    0x000111f0   0x000111f0   0x0000001c   Code   RO         2845    i.usbd_dma_pending_clear  nrfx_usbd.o
    0x0001120c   0x0001120c   0x000001c4   Code   RO         2846    i.usbd_dmareq_process  nrfx_usbd.o
    0x000113d0   0x000113d0   0x00000094   Code   RO         2847    i.usbd_enable       nrfx_usbd.o
    0x00011464   0x00011464   0x00000100   Code   RO         2848    i.usbd_ep_abort     nrfx_usbd.o
    0x00011564   0x00011564   0x0000004c   Code   RO         2849    i.usbd_ep_abort_all  nrfx_usbd.o
    0x000115b0   0x000115b0   0x0000005c   Code   RO         2850    i.usbd_ep_data_handler  nrfx_usbd.o
    0x0001160c   0x0001160c   0x00000034   Code   RO         2851    i.usbd_errata_187_211_begin  nrfx_usbd.o
    0x00011640   0x00011640   0x00000034   Code   RO         2852    i.usbd_errata_187_211_end  nrfx_usbd.o
    0x00011674   0x00011674   0x00000058   Code   RO          322    i.usbd_init         main.o
    0x000116cc   0x000116cc   0x00000010   Code   RO         2853    i.usbd_int_rise     nrfx_usbd.o
    0x000116dc   0x000116dc   0x0000003c   Code   RO          323    i.usbd_user_ev_handler  main.o
    0x00011718   0x00011718   0x0000001c   Code   RO         4170    i.user_event_handler  app_usbd_cdc_acm.o
    0x00011734   0x00011734   0x00000010   Code   RO         3808    i.user_event_state_proc  app_usbd.o
    0x00011744   0x00011744   0x00000040   Code   RO         5661    i.vt100_bgcolor_set  nrf_cli.o
    0x00011784   0x00011784   0x00000058   Code   RO         5662    i.vt100_color_set   nrf_cli.o
    0x000117dc   0x000117dc   0x00000024   Code   RO         5663    i.wildcard_character_exist  nrf_cli.o
    0x00011800   0x00011800   0x00000004   Code   RO         6474    i.wmap              nrf_fstorage_nvmc.o
    0x00011804   0x00011804   0x00000044   Code   RO         6475    i.write             nrf_fstorage_nvmc.o
    0x00011848   0x00011848   0x000000f4   Code   RO         4922    i.write_enqueue     fds.o
    0x0001193c   0x0001193c   0x000000f8   Code   RO         4923    i.write_execute     fds.o
    0x00011a34   0x00011a34   0x00000018   Code   RO         4924    i.write_space_free  fds.o
    0x00011a4c   0x00011a4c   0x00000060   Code   RO         4925    i.write_space_reserve  fds.o
    0x00011aac   0x00011aac   0x00000010   Data   RO           25    .constdata          demo_cli_cmds.o
    0x00011abc   0x00011abc   0x00000010   Data   RO           26    .constdata          demo_cli_cmds.o
    0x00011acc   0x00011acc   0x00000008   Data   RO           27    .constdata          demo_cli_cmds.o
    0x00011ad4   0x00011ad4   0x00000030   Data   RO           28    .constdata          demo_cli_cmds.o
    0x00011b04   0x00011b04   0x00000010   Data   RO           29    .constdata          demo_cli_cmds.o
    0x00011b14   0x00011b14   0x00000010   Data   RO           30    .constdata          demo_cli_cmds.o
    0x00011b24   0x00011b24   0x00000008   Data   RO           31    .constdata          demo_cli_cmds.o
    0x00011b2c   0x00011b2c   0x00000040   Data   RO           32    .constdata          demo_cli_cmds.o
    0x00011b6c   0x00011b6c   0x00000010   Data   RO           33    .constdata          demo_cli_cmds.o
    0x00011b7c   0x00011b7c   0x00000010   Data   RO           34    .constdata          demo_cli_cmds.o
    0x00011b8c   0x00011b8c   0x00000008   Data   RO           35    .constdata          demo_cli_cmds.o
    0x00011b94   0x00011b94   0x00000008   Data   RO           36    .constdata          demo_cli_cmds.o
    0x00011b9c   0x00011b9c   0x00000050   Data   RO           37    .constdata          demo_cli_cmds.o
    0x00011bec   0x00011bec   0x00000010   Data   RO           38    .constdata          demo_cli_cmds.o
    0x00011bfc   0x00011bfc   0x0000000c   Data   RO           39    .constdata          demo_cli_cmds.o
    0x00011c08   0x00011c08   0x00000008   PAD
    0x00011c10   0x00011c10   0x0000008c   Data   RO          342    .constdata          main.o
    0x00011c9c   0x00011c9c   0x00000008   Data   RO          343    .constdata          main.o
    0x00011ca4   0x00011ca4   0x00000004   Data   RO          344    .constdata          main.o
    0x00011ca8   0x00011ca8   0x0000000c   Data   RO          345    .constdata          main.o
    0x00011cb4   0x00011cb4   0x0000000c   Data   RO          346    .constdata          main.o
    0x00011cc0   0x00011cc0   0x00000014   Data   RO          347    .constdata          main.o
    0x00011cd4   0x00011cd4   0x00000018   Data   RO          348    .constdata          main.o
    0x00011cec   0x00011cec   0x00000004   Data   RO          349    .constdata          main.o
    0x00011cf0   0x00011cf0   0x0000000c   Data   RO          350    .constdata          main.o
    0x00011cfc   0x00011cfc   0x00000001   Data   RO         1203    .constdata          nrf_drv_power.o
    0x00011cfd   0x00011cfd   0x00000003   PAD
    0x00011d00   0x00011d00   0x00000008   Data   RO         1832    .constdata          nrfx_gpiote.o
    0x00011d08   0x00011d08   0x00000004   Data   RO         2411    .constdata          nrfx_uart.o
    0x00011d0c   0x00011d0c   0x00000004   Data   RO         2607    .constdata          nrfx_uarte.o
    0x00011d10   0x00011d10   0x000000ce   Data   RO         2855    .constdata          nrfx_usbd.o
    0x00011dde   0x00011dde   0x00000002   PAD
    0x00011de0   0x00011de0   0x00000014   Data   RO         3625    .constdata          app_timer2.o
    0x00011df4   0x00011df4   0x00000040   Data   RO         3810    .constdata          app_usbd.o
    0x00011e34   0x00011e34   0x00000014   Data   RO         4171    .constdata          app_usbd_cdc_acm.o
    0x00011e48   0x00011e48   0x00000038   Data   RO         4172    .constdata          app_usbd_cdc_acm.o
    0x00011e80   0x00011e80   0x0000002f   Data   RO         4351    .constdata          app_usbd_core.o
    0x00011eaf   0x00011eaf   0x00000001   PAD
    0x00011eb0   0x00011eb0   0x00000014   Data   RO         4352    .constdata          app_usbd_core.o
    0x00011ec4   0x00011ec4   0x00000010   Data   RO         4353    .constdata          app_usbd_core.o
    0x00011ed4   0x00011ed4   0x00000006   Data   RO         4487    .constdata          app_usbd_string_desc.o
    0x00011eda   0x00011eda   0x00000015   Data   RO         4488    .constdata          app_usbd_string_desc.o
    0x00011eef   0x00011eef   0x00000013   Data   RO         4489    .constdata          app_usbd_string_desc.o
    0x00011f02   0x00011f02   0x0000000d   Data   RO         4490    .constdata          app_usbd_string_desc.o
    0x00011f0f   0x00011f0f   0x00000016   Data   RO         4491    .constdata          app_usbd_string_desc.o
    0x00011f25   0x00011f25   0x00000007   Data   RO         4492    .constdata          app_usbd_string_desc.o
    0x00011f2c   0x00011f2c   0x0000000c   Data   RO         4494    .constdata          app_usbd_string_desc.o
    0x00011f38   0x00011f38   0x00000010   Data   RO         4611    .constdata          cli_utils_cmds.o
    0x00011f48   0x00011f48   0x00000010   Data   RO         4612    .constdata          cli_utils_cmds.o
    0x00011f58   0x00011f58   0x00000010   Data   RO         4613    .constdata          cli_utils_cmds.o
    0x00011f68   0x00011f68   0x00000008   Data   RO         4614    .constdata          cli_utils_cmds.o
    0x00011f70   0x00011f70   0x00000030   Data   RO         4615    .constdata          cli_utils_cmds.o
    0x00011fa0   0x00011fa0   0x00000010   Data   RO         4616    .constdata          cli_utils_cmds.o
    0x00011fb0   0x00011fb0   0x00000006   Data   RO         4723    .constdata          drv_rtc.o
    0x00011fb6   0x00011fb6   0x00000002   PAD
    0x00011fb8   0x00011fb8   0x00000018   Data   RO         4927    .constdata          fds.o
    0x00011fd0   0x00011fd0   0x00000008   Data   RO         5522    .constdata          nrf_balloc.o
    0x00011fd8   0x00011fd8   0x00000020   Data   RO         5523    .constdata          nrf_balloc.o
    0x00011ff8   0x00011ff8   0x00000010   Data   RO         5524    .constdata          nrf_balloc.o
    0x00012008   0x00012008   0x0000000c   Data   RO         5664    .constdata          nrf_cli.o
    0x00012014   0x00012014   0x00000008   Data   RO         5665    .constdata          nrf_cli.o
    0x0001201c   0x0001201c   0x00000030   Data   RO         5666    .constdata          nrf_cli.o
    0x0001204c   0x0001204c   0x00000008   Data   RO         5667    .constdata          nrf_cli.o
    0x00012054   0x00012054   0x00000030   Data   RO         5668    .constdata          nrf_cli.o
    0x00012084   0x00012084   0x00000008   Data   RO         5669    .constdata          nrf_cli.o
    0x0001208c   0x0001208c   0x00000030   Data   RO         5670    .constdata          nrf_cli.o
    0x000120bc   0x000120bc   0x00000008   Data   RO         5671    .constdata          nrf_cli.o
    0x000120c4   0x000120c4   0x00000040   Data   RO         5672    .constdata          nrf_cli.o
    0x00012104   0x00012104   0x00000008   Data   RO         5673    .constdata          nrf_cli.o
    0x0001210c   0x0001210c   0x00000020   Data   RO         5674    .constdata          nrf_cli.o
    0x0001212c   0x0001212c   0x00000010   Data   RO         5675    .constdata          nrf_cli.o
    0x0001213c   0x0001213c   0x00000010   Data   RO         5676    .constdata          nrf_cli.o
    0x0001214c   0x0001214c   0x00000010   Data   RO         5677    .constdata          nrf_cli.o
    0x0001215c   0x0001215c   0x00000010   Data   RO         5678    .constdata          nrf_cli.o
    0x0001216c   0x0001216c   0x00000004   PAD
    0x00012170   0x00012170   0x00000057   Data   RO         5679    .constdata          nrf_cli.o
    0x000121c7   0x000121c7   0x00000001   PAD
    0x000121c8   0x000121c8   0x00000024   Data   RO         6079    .constdata          nrf_cli_cdc_acm.o
    0x000121ec   0x000121ec   0x00000014   Data   RO         6080    .constdata          nrf_cli_cdc_acm.o
    0x00012200   0x00012200   0x00000014   Data   RO         6157    .constdata          nrf_cli_rtt.o
    0x00012214   0x00012214   0x0000000c   PAD
    0x00012220   0x00012220   0x00000006   Data   RO         6158    .constdata          nrf_cli_rtt.o
    0x00012226   0x00012226   0x00000002   PAD
    0x00012228   0x00012228   0x00000014   Data   RO         6224    .constdata          nrf_cli_uart.o
    0x0001223c   0x0001223c   0x00000010   Data   RO         6338    .constdata          nrf_fprintf_format.o
    0x0001224c   0x0001224c   0x0000005e   Data   RO         6392    .constdata          nrf_fstorage.o
    0x000122aa   0x000122aa   0x00000002   PAD
    0x000122ac   0x000122ac   0x0000000c   Data   RO         6476    .constdata          nrf_fstorage_nvmc.o
    0x000122b8   0x000122b8   0x00000020   Data   RO         6477    .constdata          nrf_fstorage_nvmc.o
    0x000122d8   0x000122d8   0x00000008   Data   RO         6713    .constdata          nrf_queue.o
    0x000122e0   0x000122e0   0x00000020   Data   RO         6714    .constdata          nrf_queue.o
    0x00012300   0x00012300   0x00000010   Data   RO         6715    .constdata          nrf_queue.o
    0x00012310   0x00012310   0x0000012c   Data   RO         6981    .constdata          nrf_strerror.o
    0x0001243c   0x0001243c   0x00000030   Data   RO         7038    .constdata          nrf_log_backend_flash.o
    0x0001246c   0x0001246c   0x0000000c   Data   RO         7039    .constdata          nrf_log_backend_flash.o
    0x00012478   0x00012478   0x0000000c   Data   RO         7040    .constdata          nrf_log_backend_flash.o
    0x00012484   0x00012484   0x00000008   Data   RO         7041    .constdata          nrf_log_backend_flash.o
    0x0001248c   0x0001248c   0x00000040   Data   RO         7042    .constdata          nrf_log_backend_flash.o
    0x000124cc   0x000124cc   0x00000010   Data   RO         7043    .constdata          nrf_log_backend_flash.o
    0x000124dc   0x000124dc   0x0000000c   Data   RO         7242    .constdata          nrf_log_backend_uart.o
    0x000124e8   0x000124e8   0x00000020   Data   RO         7243    .constdata          nrf_log_backend_uart.o
    0x00012508   0x00012508   0x00000028   Data   RO         7391    .constdata          nrf_log_frontend.o
    0x00012530   0x00012530   0x00000008   Data   RO         7392    .constdata          nrf_log_frontend.o
    0x00012538   0x00012538   0x00000060   Data   RO         7393    .constdata          nrf_log_frontend.o
    0x00012598   0x00012598   0x00000008   Data   RO         7394    .constdata          nrf_log_frontend.o
    0x000125a0   0x000125a0   0x00000008   Data   RO         7395    .constdata          nrf_log_frontend.o
    0x000125a8   0x000125a8   0x00000030   Data   RO         7396    .constdata          nrf_log_frontend.o
    0x000125d8   0x000125d8   0x00000008   Data   RO         7397    .constdata          nrf_log_frontend.o
    0x000125e0   0x000125e0   0x00000090   Data   RO         7398    .constdata          nrf_log_frontend.o
    0x00012670   0x00012670   0x00000010   Data   RO         7399    .constdata          nrf_log_frontend.o
    0x00012680   0x00012680   0x00000081   Data   RO         8149    .constdata          mc_w.l(ctype_o.o)
    0x00012701   0x00012701   0x00000003   PAD
    0x00012704   0x00012704   0x00000004   Data   RO         8150    .constdata          mc_w.l(ctype_o.o)
    0x00012708   0x00012708   0x0000002b   Data   RO           40    .conststring        demo_cli_cmds.o
    0x00012733   0x00012733   0x00000001   PAD
    0x00012734   0x00012734   0x00000020   Data   RO           41    .conststring        demo_cli_cmds.o
    0x00012754   0x00012754   0x0000004e   Data   RO           42    .conststring        demo_cli_cmds.o
    0x000127a2   0x000127a2   0x00000002   PAD
    0x000127a4   0x000127a4   0x00000006   Data   RO           43    .conststring        demo_cli_cmds.o
    0x000127aa   0x000127aa   0x00000002   PAD
    0x000127ac   0x000127ac   0x00000007   Data   RO           44    .conststring        demo_cli_cmds.o
    0x000127b3   0x000127b3   0x00000001   PAD
    0x000127b4   0x000127b4   0x0000005e   Data   RO           45    .conststring        demo_cli_cmds.o
    0x00012812   0x00012812   0x00000002   PAD
    0x00012814   0x00012814   0x0000002c   Data   RO           46    .conststring        demo_cli_cmds.o
    0x00012840   0x00012840   0x000000eb   Data   RO           47    .conststring        demo_cli_cmds.o
    0x0001292b   0x0001292b   0x00000001   PAD
    0x0001292c   0x0001292c   0x00000169   Data   RO           48    .conststring        demo_cli_cmds.o
    0x00012a95   0x00012a95   0x00000003   PAD
    0x00012a98   0x00012a98   0x0000002c   Data   RO           49    .conststring        demo_cli_cmds.o
    0x00012ac4   0x00012ac4   0x00000427   Data   RO           50    .conststring        demo_cli_cmds.o
    0x00012eeb   0x00012eeb   0x00000001   PAD
    0x00012eec   0x00012eec   0x00000028   Data   RO          351    .conststring        main.o
    0x00012f14   0x00012f14   0x000000a5   Data   RO         1028    .conststring        nrf_stack_guard.o
    0x00012fb9   0x00012fb9   0x00000003   PAD
    0x00012fbc   0x00012fbc   0x00000042   Data   RO         3811    .conststring        app_usbd.o
    0x00012ffe   0x00012ffe   0x00000002   PAD
    0x00013000   0x00013000   0x0000004d   Data   RO         4173    .conststring        app_usbd_cdc_acm.o
    0x0001304d   0x0001304d   0x00000003   PAD
    0x00013050   0x00013050   0x00000043   Data   RO         4495    .conststring        app_usbd_string_desc.o
    0x00013093   0x00013093   0x00000001   PAD
    0x00013094   0x00013094   0x0000000e   Data   RO         4617    .conststring        cli_utils_cmds.o
    0x000130a2   0x000130a2   0x00000002   PAD
    0x000130a4   0x000130a4   0x0000000f   Data   RO         4618    .conststring        cli_utils_cmds.o
    0x000130b3   0x000130b3   0x00000001   PAD
    0x000130b4   0x000130b4   0x00000021   Data   RO         4619    .conststring        cli_utils_cmds.o
    0x000130d5   0x000130d5   0x00000003   PAD
    0x000130d8   0x000130d8   0x0000004e   Data   RO         4620    .conststring        cli_utils_cmds.o
    0x00013126   0x00013126   0x00000002   PAD
    0x00013128   0x00013128   0x00000033   Data   RO         4621    .conststring        cli_utils_cmds.o
    0x0001315b   0x0001315b   0x00000001   PAD
    0x0001315c   0x0001315c   0x00000515   Data   RO         5246    .conststring        hardfault_implementation.o
    0x00013671   0x00013671   0x00000003   PAD
    0x00013674   0x00013674   0x0000002b   Data   RO         5525    .conststring        nrf_balloc.o
    0x0001369f   0x0001369f   0x00000001   PAD
    0x000136a0   0x000136a0   0x00000027   Data   RO         5526    .conststring        nrf_balloc.o
    0x000136c7   0x000136c7   0x00000001   PAD
    0x000136c8   0x000136c8   0x0000008e   Data   RO         5527    .conststring        nrf_balloc.o
    0x00013756   0x00013756   0x00000002   PAD
    0x00013758   0x00013758   0x00000037   Data   RO         5680    .conststring        nrf_cli.o
    0x0001378f   0x0001378f   0x00000001   PAD
    0x00013790   0x00013790   0x0000006d   Data   RO         5681    .conststring        nrf_cli.o
    0x000137fd   0x000137fd   0x00000003   PAD
    0x00013800   0x00013800   0x00000058   Data   RO         5682    .conststring        nrf_cli.o
    0x00013858   0x00013858   0x00000052   Data   RO         5683    .conststring        nrf_cli.o
    0x000138aa   0x000138aa   0x00000002   PAD
    0x000138ac   0x000138ac   0x0000004c   Data   RO         5684    .conststring        nrf_cli.o
    0x000138f8   0x000138f8   0x00000016   Data   RO         5685    .conststring        nrf_cli.o
    0x0001390e   0x0001390e   0x00000002   PAD
    0x00013910   0x00013910   0x00000028   Data   RO         5686    .conststring        nrf_cli.o
    0x00013938   0x00013938   0x0000001c   Data   RO         5687    .conststring        nrf_cli.o
    0x00013954   0x00013954   0x000000a7   Data   RO         5688    .conststring        nrf_cli.o
    0x000139fb   0x000139fb   0x00000001   PAD
    0x000139fc   0x000139fc   0x00000053   Data   RO         5689    .conststring        nrf_cli.o
    0x00013a4f   0x00013a4f   0x00000001   PAD
    0x00013a50   0x00013a50   0x00000045   Data   RO         6081    .conststring        nrf_cli_cdc_acm.o
    0x00013a95   0x00013a95   0x00000003   PAD
    0x00013a98   0x00013a98   0x0000004f   Data   RO         6393    .conststring        nrf_fstorage.o
    0x00013ae7   0x00013ae7   0x00000001   PAD
    0x00013ae8   0x00013ae8   0x00000021   Data   RO         6716    .conststring        nrf_queue.o
    0x00013b09   0x00013b09   0x00000003   PAD
    0x00013b0c   0x00013b0c   0x00000006   Data   RO         6717    .conststring        nrf_queue.o
    0x00013b12   0x00013b12   0x00000002   PAD
    0x00013b14   0x00013b14   0x0000007c   Data   RO         6718    .conststring        nrf_queue.o
    0x00013b90   0x00013b90   0x000003bf   Data   RO         6982    .conststring        nrf_strerror.o
    0x00013f4f   0x00013f4f   0x00000001   PAD
    0x00013f50   0x00013f50   0x00000039   Data   RO         7044    .conststring        nrf_log_backend_flash.o
    0x00013f89   0x00013f89   0x00000003   PAD
    0x00013f8c   0x00013f8c   0x00000044   Data   RO         7045    .conststring        nrf_log_backend_flash.o
    0x00013fd0   0x00013fd0   0x00000047   Data   RO         7046    .conststring        nrf_log_backend_flash.o
    0x00014017   0x00014017   0x00000001   PAD
    0x00014018   0x00014018   0x00000046   Data   RO         7244    .conststring        nrf_log_backend_uart.o
    0x0001405e   0x0001405e   0x00000002   PAD
    0x00014060   0x00014060   0x00000059   Data   RO         7400    .conststring        nrf_log_frontend.o
    0x000140b9   0x000140b9   0x00000003   PAD
    0x000140bc   0x000140bc   0x00000139   Data   RO         7401    .conststring        nrf_log_frontend.o
    0x000141f5   0x000141f5   0x00000003   PAD
    0x000141f8   0x000141f8   0x00000076   Data   RO         7402    .conststring        nrf_log_frontend.o
    0x0001426e   0x0001426e   0x00000002   PAD
    0x00014270   0x00014270   0x0000006e   Data   RO         7403    .conststring        nrf_log_frontend.o
    0x000142de   0x000142de   0x00000002   PAD
    0x000142e0   0x000142e0   0x00000024   Data   RO         7404    .conststring        nrf_log_frontend.o
    0x00014304   0x00014304   0x00000048   Data   RO         7677    .conststring        nrf_log_str_formatter.o
    0x0001434c   0x0001434c   0x00000266   Data   RO          352    .conststrlit        main.o
    0x000145b2   0x000145b2   0x00000002   PAD
    0x000145b4   0x000145b4   0x00000053   Data   RO          797    .conststrlit        bsp.o
    0x00014607   0x00014607   0x00000001   PAD
    0x00014608   0x00014608   0x0000000c   Data   RO          969    .conststrlit        nrf_mpu_lib.o
    0x00014614   0x00014614   0x0000000c   Data   RO         1029    .conststrlit        nrf_stack_guard.o
    0x00014620   0x00014620   0x00000006   Data   RO         1079    .conststrlit        nrf_drv_clock.o
    0x00014626   0x00014626   0x00000002   PAD
    0x00014628   0x00014628   0x00000006   Data   RO         1654    .conststrlit        nrfx_clock.o
    0x0001462e   0x0001462e   0x00000002   PAD
    0x00014630   0x00014630   0x00000007   Data   RO         1836    .conststrlit        nrfx_gpiote.o
    0x00014637   0x00014637   0x00000001   PAD
    0x00014638   0x00014638   0x00000004   Data   RO         2268    .conststrlit        nrfx_prs.o
    0x0001463c   0x0001463c   0x00000005   Data   RO         2414    .conststrlit        nrfx_uart.o
    0x00014641   0x00014641   0x00000003   PAD
    0x00014644   0x00014644   0x00000006   Data   RO         2610    .conststrlit        nrfx_uarte.o
    0x0001464a   0x0001464a   0x00000002   PAD
    0x0001464c   0x0001464c   0x00000005   Data   RO         2856    .conststrlit        nrfx_usbd.o
    0x00014651   0x00014651   0x00000003   PAD
    0x00014654   0x00014654   0x00000031   Data   RO         3380    .conststrlit        app_button.o
    0x00014685   0x00014685   0x00000003   PAD
    0x00014688   0x00014688   0x0000001e   Data   RO         3626    .conststrlit        app_timer2.o
    0x000146a6   0x000146a6   0x00000002   PAD
    0x000146a8   0x000146a8   0x00000009   Data   RO         3812    .conststrlit        app_usbd.o
    0x000146b1   0x000146b1   0x00000003   PAD
    0x000146b4   0x000146b4   0x00000008   Data   RO         4174    .conststrlit        app_usbd_cdc_acm.o
    0x000146bc   0x000146bc   0x0000000e   Data   RO         4354    .conststrlit        app_usbd_core.o
    0x000146ca   0x000146ca   0x00000002   PAD
    0x000146cc   0x000146cc   0x0000000f   Data   RO         4928    .conststrlit        fds.o
    0x000146db   0x000146db   0x00000001   PAD
    0x000146dc   0x000146dc   0x0000000a   Data   RO         5247    .conststrlit        hardfault_implementation.o
    0x000146e6   0x000146e6   0x00000002   PAD
    0x000146e8   0x000146e8   0x0000001f   Data   RO         6082    .conststrlit        nrf_cli_cdc_acm.o
    0x00014707   0x00014707   0x00000001   PAD
    0x00014708   0x00014708   0x00000009   Data   RO         6225    .conststrlit        nrf_cli_uart.o
    0x00014711   0x00014711   0x00000003   PAD
    0x00014714   0x00014714   0x0000000d   Data   RO         6394    .conststrlit        nrf_fstorage.o
    0x00014721   0x00014721   0x00000003   PAD
    0x00014724   0x00014724   0x00000009   Data   RO         6620    .conststrlit        nrf_pwr_mgmt.o
    0x0001472d   0x0001472d   0x00000003   PAD
    0x00014730   0x00014730   0x00000009   Data   RO         6930    .conststrlit        nrf_sortlist.o
    0x00014739   0x00014739   0x00000003   PAD
    0x0001473c   0x0001473c   0x00000055   Data   RO         7047    .conststrlit        nrf_log_backend_flash.o
    0x00014791   0x00014791   0x00000003   PAD
    0x00014794   0x00014794   0x00000011   Data   RO         7304    .conststrlit        nrf_log_default_backends.o
    0x000147a5   0x000147a5   0x00000003   PAD
    0x000147a8   0x000147a8   0x00000024   Data   RO         7405    .conststrlit        nrf_log_frontend.o
    0x000147cc   0x000147cc   0x00000020   Data   RO         8513    Region$$Table       anon$$obj.o
    0x000147ec   0x000147ec   0x00000038   Data   RO           52    cli_command         demo_cli_cmds.o
    0x00014824   0x00014824   0x00000020   Data   RO         4622    cli_command         cli_utils_cmds.o
    0x00014844   0x00014844   0x00000008   Data   RO         5528    cli_command         nrf_balloc.o
    0x0001484c   0x0001484c   0x00000020   Data   RO         5691    cli_command         nrf_cli.o
    0x0001486c   0x0001486c   0x00000008   Data   RO         6719    cli_command         nrf_queue.o
    0x00014874   0x00014874   0x00000008   Data   RO         7049    cli_command         nrf_log_backend_flash.o
    0x0001487c   0x0001487c   0x00000008   Data   RO         7408    cli_command         nrf_log_frontend.o
    0x00014884   0x00014884   0x00000050   Data   RO          374    log_backends        main.o
    0x000148d4   0x000148d4   0x00000010   Data   RO         7306    log_backends        nrf_log_default_backends.o
    0x000148e4   0x000148e4   0x00000048   Data   RO          375    log_const_data      main.o
    0x0001492c   0x0001492c   0x00000018   Data   RO          802    log_const_data      bsp.o
    0x00014944   0x00014944   0x00000008   Data   RO          970    log_const_data      nrf_mpu_lib.o
    0x0001494c   0x0001494c   0x00000008   Data   RO         1030    log_const_data      nrf_stack_guard.o
    0x00014954   0x00014954   0x00000008   Data   RO         1080    log_const_data      nrf_drv_clock.o
    0x0001495c   0x0001495c   0x00000008   Data   RO         1656    log_const_data      nrfx_clock.o
    0x00014964   0x00014964   0x00000008   Data   RO         1837    log_const_data      nrfx_gpiote.o
    0x0001496c   0x0001496c   0x00000008   Data   RO         2270    log_const_data      nrfx_prs.o
    0x00014974   0x00014974   0x00000008   Data   RO         2415    log_const_data      nrfx_uart.o
    0x0001497c   0x0001497c   0x00000008   Data   RO         2611    log_const_data      nrfx_uarte.o
    0x00014984   0x00014984   0x00000008   Data   RO         2859    log_const_data      nrfx_usbd.o
    0x0001498c   0x0001498c   0x00000010   Data   RO         3383    log_const_data      app_button.o
    0x0001499c   0x0001499c   0x00000010   Data   RO         3630    log_const_data      app_timer2.o
    0x000149ac   0x000149ac   0x00000008   Data   RO         3814    log_const_data      app_usbd.o
    0x000149b4   0x000149b4   0x00000008   Data   RO         4176    log_const_data      app_usbd_cdc_acm.o
    0x000149bc   0x000149bc   0x00000008   Data   RO         4356    log_const_data      app_usbd_core.o
    0x000149c4   0x000149c4   0x00000008   Data   RO         4932    log_const_data      fds.o
    0x000149cc   0x000149cc   0x00000008   Data   RO         5249    log_const_data      hardfault_implementation.o
    0x000149d4   0x000149d4   0x00000008   Data   RO         6085    log_const_data      nrf_cli_cdc_acm.o
    0x000149dc   0x000149dc   0x00000008   Data   RO         6226    log_const_data      nrf_cli_uart.o
    0x000149e4   0x000149e4   0x00000008   Data   RO         6395    log_const_data      nrf_fstorage.o
    0x000149ec   0x000149ec   0x00000008   Data   RO         6622    log_const_data      nrf_pwr_mgmt.o
    0x000149f4   0x000149f4   0x00000008   Data   RO         6931    log_const_data      nrf_sortlist.o
    0x000149fc   0x000149fc   0x00000010   Data   RO         7052    log_const_data      nrf_log_backend_flash.o
    0x00014a0c   0x00014a0c   0x00000010   Data   RO         7410    log_const_data      nrf_log_frontend.o
    0x00014a1c   0x00014a1c   0x00000054   Data   RO          378    nrf_balloc          main.o
    0x00014a70   0x00014a70   0x0000001c   Data   RO         7413    nrf_balloc          nrf_log_frontend.o
    0x00014a8c   0x00014a8c   0x00000054   Data   RO          379    nrf_queue           main.o
    0x00014ae0   0x00014ae0   0x0000001c   Data   RO         6088    nrf_queue           nrf_cli_cdc_acm.o
    0x00014afc   0x00014afc   0x00000038   Data   RO         7055    nrf_queue           nrf_log_backend_flash.o


    Execution Region RW_IRAM1 (Exec base: 0x20000000, Load base: 0x00014b34, Size: 0x00004840, Max: 0x00040000, ABSOLUTE, COMPRESSED[0x0000011c])

    Exec Addr    Load Addr    Size         Type   Attr      Idx    E Section Name        Object

    0x20000000   COMPRESSED   0x00000010   Data   RW           51    .data               demo_cli_cmds.o
    0x20000010   COMPRESSED   0x00000008   Data   RW          353    .data               main.o
    0x20000018   COMPRESSED   0x00000008   Data   RW          354    .data               main.o
    0x20000020   COMPRESSED   0x00000020   Data   RW          355    .data               main.o
    0x20000040   COMPRESSED   0x00000018   Data   RW          356    .data               main.o
    0x20000058   COMPRESSED   0x0000000c   Data   RW          357    .data               main.o
    0x20000064   COMPRESSED   0x00000008   Data   RW          358    .data               main.o
    0x2000006c   COMPRESSED   0x00000004   PAD
    0x20000070   COMPRESSED   0x00000020   Data   RW          359    .data               main.o
    0x20000090   COMPRESSED   0x00000018   Data   RW          360    .data               main.o
    0x200000a8   COMPRESSED   0x0000000c   Data   RW          361    .data               main.o
    0x200000b4   COMPRESSED   0x00000008   Data   RW          362    .data               main.o
    0x200000bc   COMPRESSED   0x00000004   PAD
    0x200000c0   COMPRESSED   0x00000020   Data   RW          363    .data               main.o
    0x200000e0   COMPRESSED   0x00000018   Data   RW          364    .data               main.o
    0x200000f8   COMPRESSED   0x0000000c   Data   RW          365    .data               main.o
    0x20000104   COMPRESSED   0x00000008   Data   RW          366    .data               main.o
    0x2000010c   COMPRESSED   0x00000008   Data   RW          367    .data               main.o
    0x20000114   COMPRESSED   0x00000008   Data   RW          368    .data               main.o
    0x2000011c   COMPRESSED   0x00000008   Data   RW          369    .data               main.o
    0x20000124   COMPRESSED   0x00000008   Data   RW          370    .data               main.o
    0x2000012c   COMPRESSED   0x00000008   Data   RW          371    .data               main.o
    0x20000134   COMPRESSED   0x00000008   Data   RW          372    .data               main.o
    0x2000013c   COMPRESSED   0x00000008   Data   RW          373    .data               main.o
    0x20000144   COMPRESSED   0x00000001   Data   RW         1204    .data               nrf_drv_power.o
    0x20000145   COMPRESSED   0x00000003   PAD
    0x20000148   COMPRESSED   0x00000014   Data   RW         1289    .data               nrf_drv_uart.o
    0x2000015c   COMPRESSED   0x0000000c   Data   RW         1655    .data               nrfx_clock.o
    0x20000168   COMPRESSED   0x00000010   Data   RW         2136    .data               nrfx_power.o
    0x20000178   COMPRESSED   0x00000008   Data   RW         2269    .data               nrfx_prs.o
    0x20000180   COMPRESSED   0x00000010   Data   RW         2857    .data               nrfx_usbd.o
    0x20000190   COMPRESSED   0x00000020   Data   RW         3627    .data               app_timer2.o
    0x200001b0   COMPRESSED   0x00000014   Data   RW         3628    .data               app_timer2.o
    0x200001c4   COMPRESSED   0x00000004   Data   RW         3629    .data               app_timer2.o
    0x200001c8   COMPRESSED   0x00000018   Data   RW         3813    .data               app_usbd.o
    0x200001e0   COMPRESSED   0x0000000c   Data   RW         4175    .data               app_usbd_cdc_acm.o
    0x200001ec   COMPRESSED   0x00000010   Data   RW         4355    .data               app_usbd_core.o
    0x200001fc   COMPRESSED   0x00000018   Data   RW         4496    .data               app_usbd_string_desc.o
    0x20000214   COMPRESSED   0x00000004   Data   RW         4550    .data               app_util_platform.o
    0x20000218   COMPRESSED   0x0000000c   Data   RW         4724    .data               drv_rtc.o
    0x20000224   COMPRESSED   0x00000014   Data   RW         4929    .data               fds.o
    0x20000238   COMPRESSED   0x00000030   Data   RW         4930    .data               fds.o
    0x20000268   COMPRESSED   0x00000068   Data   RW         5248    .data               hardfault_implementation.o
    0x200002d0   COMPRESSED   0x00000004   Data   RW         5690    .data               nrf_cli.o
    0x200002d4   COMPRESSED   0x00000001   Data   RW         6083    .data               nrf_cli_cdc_acm.o
    0x200002d5   COMPRESSED   0x00000003   PAD
    0x200002d8   COMPRESSED   0x00000004   Data   RW         6084    .data               nrf_cli_cdc_acm.o
    0x200002dc   COMPRESSED   0x00000001   Data   RW         6159    .data               nrf_cli_rtt.o
    0x200002dd   COMPRESSED   0x00000003   PAD
    0x200002e0   COMPRESSED   0x00000004   Data   RW         6478    .data               nrf_fstorage_nvmc.o
    0x200002e4   COMPRESSED   0x00000038   Data   RW         7048    .data               nrf_log_backend_flash.o
    0x2000031c   COMPRESSED   0x00000018   Data   RW         7245    .data               nrf_log_backend_uart.o
    0x20000334   COMPRESSED   0x00000008   Data   RW         7305    .data               nrf_log_default_backends.o
    0x2000033c   COMPRESSED   0x0000002c   Data   RW         7406    .data               nrf_log_frontend.o
    0x20000368   COMPRESSED   0x00000008   Data   RW         7407    .data               nrf_log_frontend.o
    0x20000370   COMPRESSED   0x00000040   Data   RW         7678    .data               nrf_log_str_formatter.o
    0x200003b0   COMPRESSED   0x00000004   Data   RW         8086    .data               system_nrf52.o
    0x200003b4   COMPRESSED   0x00000004   Data   RW         8495    .data               mc_w.l(errno.o)
    0x200003b8   COMPRESSED   0x0000001c   Data   RW           53    cli_sorted_cmd_ptrs  demo_cli_cmds.o
    0x200003d4   COMPRESSED   0x00000010   Data   RW         4623    cli_sorted_cmd_ptrs  cli_utils_cmds.o
    0x200003e4   COMPRESSED   0x00000004   Data   RW         5529    cli_sorted_cmd_ptrs  nrf_balloc.o
    0x200003e8   COMPRESSED   0x00000010   Data   RW         5692    cli_sorted_cmd_ptrs  nrf_cli.o
    0x200003f8   COMPRESSED   0x00000004   Data   RW         6720    cli_sorted_cmd_ptrs  nrf_queue.o
    0x200003fc   COMPRESSED   0x00000004   Data   RW         7050    cli_sorted_cmd_ptrs  nrf_log_backend_flash.o
    0x20000400   COMPRESSED   0x00000004   Data   RW         7409    cli_sorted_cmd_ptrs  nrf_log_frontend.o
    0x20000404   COMPRESSED   0x00000014   Data   RW         4931    fs_data             fds.o
    0x20000418   COMPRESSED   0x00000014   Data   RW         7051    fs_data             nrf_log_backend_flash.o
    0x2000042c   COMPRESSED   0x00000024   Data   RW          376    log_dynamic_data    main.o
    0x20000450   COMPRESSED   0x0000000c   Data   RW          803    log_dynamic_data    bsp.o
    0x2000045c   COMPRESSED   0x00000004   Data   RW          971    log_dynamic_data    nrf_mpu_lib.o
    0x20000460   COMPRESSED   0x00000004   Data   RW         1031    log_dynamic_data    nrf_stack_guard.o
    0x20000464   COMPRESSED   0x00000004   Data   RW         1081    log_dynamic_data    nrf_drv_clock.o
    0x20000468   COMPRESSED   0x00000004   Data   RW         1657    log_dynamic_data    nrfx_clock.o
    0x2000046c   COMPRESSED   0x00000004   Data   RW         1838    log_dynamic_data    nrfx_gpiote.o
    0x20000470   COMPRESSED   0x00000004   Data   RW         2271    log_dynamic_data    nrfx_prs.o
    0x20000474   COMPRESSED   0x00000004   Data   RW         2416    log_dynamic_data    nrfx_uart.o
    0x20000478   COMPRESSED   0x00000004   Data   RW         2612    log_dynamic_data    nrfx_uarte.o
    0x2000047c   COMPRESSED   0x00000004   Data   RW         2860    log_dynamic_data    nrfx_usbd.o
    0x20000480   COMPRESSED   0x00000008   Data   RW         3384    log_dynamic_data    app_button.o
    0x20000488   COMPRESSED   0x00000008   Data   RW         3631    log_dynamic_data    app_timer2.o
    0x20000490   COMPRESSED   0x00000004   Data   RW         3815    log_dynamic_data    app_usbd.o
    0x20000494   COMPRESSED   0x00000004   Data   RW         4177    log_dynamic_data    app_usbd_cdc_acm.o
    0x20000498   COMPRESSED   0x00000004   Data   RW         4357    log_dynamic_data    app_usbd_core.o
    0x2000049c   COMPRESSED   0x00000004   Data   RW         4933    log_dynamic_data    fds.o
    0x200004a0   COMPRESSED   0x00000004   Data   RW         5250    log_dynamic_data    hardfault_implementation.o
    0x200004a4   COMPRESSED   0x00000004   Data   RW         6086    log_dynamic_data    nrf_cli_cdc_acm.o
    0x200004a8   COMPRESSED   0x00000004   Data   RW         6227    log_dynamic_data    nrf_cli_uart.o
    0x200004ac   COMPRESSED   0x00000004   Data   RW         6396    log_dynamic_data    nrf_fstorage.o
    0x200004b0   COMPRESSED   0x00000004   Data   RW         6623    log_dynamic_data    nrf_pwr_mgmt.o
    0x200004b4   COMPRESSED   0x00000004   Data   RW         6932    log_dynamic_data    nrf_sortlist.o
    0x200004b8   COMPRESSED   0x00000008   Data   RW         7053    log_dynamic_data    nrf_log_backend_flash.o
    0x200004c0   COMPRESSED   0x00000008   Data   RW         7411    log_dynamic_data    nrf_log_frontend.o
    0x200004c8   COMPRESSED   0x00000024   Data   RW          377    log_filter_data     main.o
    0x200004ec   COMPRESSED   0x0000000c   Data   RW          804    log_filter_data     bsp.o
    0x200004f8   COMPRESSED   0x00000004   Data   RW          972    log_filter_data     nrf_mpu_lib.o
    0x200004fc   COMPRESSED   0x00000004   Data   RW         1032    log_filter_data     nrf_stack_guard.o
    0x20000500   COMPRESSED   0x00000004   Data   RW         1082    log_filter_data     nrf_drv_clock.o
    0x20000504   COMPRESSED   0x00000004   Data   RW         1658    log_filter_data     nrfx_clock.o
    0x20000508   COMPRESSED   0x00000004   Data   RW         1839    log_filter_data     nrfx_gpiote.o
    0x2000050c   COMPRESSED   0x00000004   Data   RW         2272    log_filter_data     nrfx_prs.o
    0x20000510   COMPRESSED   0x00000004   Data   RW         2417    log_filter_data     nrfx_uart.o
    0x20000514   COMPRESSED   0x00000004   Data   RW         2613    log_filter_data     nrfx_uarte.o
    0x20000518   COMPRESSED   0x00000004   Data   RW         2861    log_filter_data     nrfx_usbd.o
    0x2000051c   COMPRESSED   0x00000008   Data   RW         3385    log_filter_data     app_button.o
    0x20000524   COMPRESSED   0x00000008   Data   RW         3632    log_filter_data     app_timer2.o
    0x2000052c   COMPRESSED   0x00000004   Data   RW         3816    log_filter_data     app_usbd.o
    0x20000530   COMPRESSED   0x00000004   Data   RW         4178    log_filter_data     app_usbd_cdc_acm.o
    0x20000534   COMPRESSED   0x00000004   Data   RW         4358    log_filter_data     app_usbd_core.o
    0x20000538   COMPRESSED   0x00000004   Data   RW         4934    log_filter_data     fds.o
    0x2000053c   COMPRESSED   0x00000004   Data   RW         5251    log_filter_data     hardfault_implementation.o
    0x20000540   COMPRESSED   0x00000004   Data   RW         6087    log_filter_data     nrf_cli_cdc_acm.o
    0x20000544   COMPRESSED   0x00000004   Data   RW         6228    log_filter_data     nrf_cli_uart.o
    0x20000548   COMPRESSED   0x00000004   Data   RW         6397    log_filter_data     nrf_fstorage.o
    0x2000054c   COMPRESSED   0x00000004   Data   RW         6624    log_filter_data     nrf_pwr_mgmt.o
    0x20000550   COMPRESSED   0x00000004   Data   RW         6933    log_filter_data     nrf_sortlist.o
    0x20000554   COMPRESSED   0x00000008   Data   RW         7054    log_filter_data     nrf_log_backend_flash.o
    0x2000055c   COMPRESSED   0x00000008   Data   RW         7412    log_filter_data     nrf_log_frontend.o
    0x20000564        -       0x00000294   Zero   RW           24    .bss                demo_cli_cmds.o
    0x200007f8        -       0x00000358   Zero   RW          324    .bss                main.o
    0x20000b50        -       0x00000014   Zero   RW          325    .bss                main.o
    0x20000b64        -       0x0000000c   Zero   RW          326    .bss                main.o
    0x20000b70        -       0x00000180   Zero   RW          327    .bss                main.o
    0x20000cf0        -       0x00000040   Zero   RW          328    .bss                main.o
    0x20000d30        -       0x00000018   Zero   RW          329    .bss                main.o
    0x20000d48        -       0x00000010   Zero   RW          330    .bss                main.o
    0x20000d58        -       0x00000018   Zero   RW          331    .bss                main.o
    0x20000d70        -       0x0000002c   Zero   RW          332    .bss                main.o
    0x20000d9c        -       0x00000358   Zero   RW          333    .bss                main.o
    0x200010f4        -       0x00000014   Zero   RW          334    .bss                main.o
    0x20001108        -       0x0000000c   Zero   RW          335    .bss                main.o
    0x20001114        -       0x00000180   Zero   RW          336    .bss                main.o
    0x20001294        -       0x0000000c   Zero   RW          337    .bss                main.o
    0x200012a0        -       0x00000358   Zero   RW          338    .bss                main.o
    0x200015f8        -       0x00000014   Zero   RW          339    .bss                main.o
    0x2000160c        -       0x0000000c   Zero   RW          340    .bss                main.o
    0x20001618        -       0x00000180   Zero   RW          341    .bss                main.o
    0x20001798        -       0x00000014   Zero   RW         1074    .bss                nrf_drv_clock.o
    0x200017ac        -       0x0000006c   Zero   RW         1831    .bss                nrfx_gpiote.o
    0x20001818        -       0x0000002c   Zero   RW         2409    .bss                nrfx_uart.o
    0x20001844        -       0x00000024   Zero   RW         2605    .bss                nrfx_uarte.o
    0x20001868        -       0x00000238   Zero   RW         2854    .bss                nrfx_usbd.o
    0x20001aa0        -       0x00000020   Zero   RW         3472    .bss                app_error.o
    0x20001ac0        -       0x00000058   Zero   RW         3624    .bss                app_timer2.o
    0x20001b18        -       0x0000009c   Zero   RW         3809    .bss                app_usbd.o
    0x20001bb4        -       0x00000058   Zero   RW         4349    .bss                app_usbd_core.o
    0x20001c0c        -       0x0000000c   Zero   RW         4350    .bss                app_usbd_core.o
    0x20001c18        -       0x000000e0   Zero   RW         4926    .bss                fds.o
    0x20001cf8        -       0x00000088   Zero   RW         6075    .bss                nrf_cli_cdc_acm.o
    0x20001d80        -       0x00000081   Zero   RW         6076    .bss                nrf_cli_cdc_acm.o
    0x20001e01   COMPRESSED   0x00000003   PAD
    0x20001e04        -       0x0000000c   Zero   RW         6077    .bss                nrf_cli_cdc_acm.o
    0x20001e10        -       0x00000040   Zero   RW         6078    .bss                nrf_cli_cdc_acm.o
    0x20001e50        -       0x00000024   Zero   RW         7032    .bss                nrf_log_backend_flash.o
    0x20001e74        -       0x0000000c   Zero   RW         7033    .bss                nrf_log_backend_flash.o
    0x20001e80        -       0x00000024   Zero   RW         7034    .bss                nrf_log_backend_flash.o
    0x20001ea4        -       0x0000000c   Zero   RW         7035    .bss                nrf_log_backend_flash.o
    0x20001eb0        -       0x00000040   Zero   RW         7036    .bss                nrf_log_backend_flash.o
    0x20001ef0        -       0x00000040   Zero   RW         7037    .bss                nrf_log_backend_flash.o
    0x20001f30        -       0x00000040   Zero   RW         7241    .bss                nrf_log_backend_uart.o
    0x20001f70        -       0x00000010   Zero   RW         7386    .bss                nrf_log_frontend.o
    0x20001f80        -       0x00000180   Zero   RW         7387    .bss                nrf_log_frontend.o
    0x20002100        -       0x00000080   Zero   RW         7388    .bss                nrf_log_frontend.o
    0x20002180        -       0x00000018   Zero   RW         7389    .bss                nrf_log_frontend.o
    0x20002198        -       0x00000420   Zero   RW         7390    .bss                nrf_log_frontend.o
    0x200025b8        -       0x00000288   Zero   RW         7755    .bss                segger_rtt.o
    0x20002840        -       0x00002000   Zero   RW         8072    STACK               arm_startup_nrf52840.o


==============================================================================

Image component sizes


      Code (inc. data)   RO Data    RW Data    ZI Data      Debug   Object Name

         0          0         65         16          0       7048   app_button.o
       100          4          0          0         32       3454   app_error.o
        26          0          0          0          0        544   app_error_handler_keil.o
       296        128          0          0          0       1614   app_error_weak.o
         0          0          0          0          0      36882   app_scheduler.o
      2456        976         66         72         88      18202   app_timer2.o
      3392        984        147         32        156      83175   app_usbd.o
      3118        110        169         20          0      48999   app_usbd_cdc_acm.o
      2300        452        105         24        100      53314   app_usbd_core.o
       176         18        167         24          0      22659   app_usbd_string_desc.o
       294        142          0          4          0      40574   app_util_platform.o
        36          8        512          0       8192        908   arm_startup_nrf52840.o
         0          0          0          0          0        524   boards.o
         0          0        107         24          0      10367   bsp.o
       880        410        343         16          0      36240   cli_utils_cmds.o
      2944       1252       2411         44        660      94962   demo_cli_cmds.o
      1422        580          6         12          0      49591   drv_rtc.o
      3458        418         47         96        224      41554   fds.o
       582          0          0          0          0       4422   fnmatch.o
        52         14          0          0          0        592   hardfault_handler_keil.o
       552        280       1319        112          0       3819   hardfault_implementation.o
       940        244       1210        372       4000     102296   main.o
        20          0          0          0          0       2954   nrf_assert.o
       326          0          0          0          0       5751   nrf_atfifo.o
       338          0          0          0          0      10438   nrf_atomic.o
       816        340        288          4          0      20600   nrf_balloc.o
     12386       2420       1225         20          0      86712   nrf_cli.o
       338         60        192         13        341      21206   nrf_cli_cdc_acm.o
       568        216         26          1          0       7348   nrf_cli_rtt.o
      1014        298         37          8          0      20789   nrf_cli_uart.o
       638        226         14          8         20      14787   nrf_drv_clock.o
        76         10          1          1          0      14686   nrf_drv_power.o
       292         86          0         20          0      14408   nrf_drv_uart.o
       216        106          0          0          0       1957   nrf_fprintf.o
      2054         86         16          0          0      10274   nrf_fprintf_format.o
      1058        442        194          8          0       8921   nrf_fstorage.o
       260         20         44          4          0       9512   nrf_fstorage_nvmc.o
      1468        290        521         96        224      59283   nrf_log_backend_flash.o
       200          0          0          0          0      10849   nrf_log_backend_serial.o
       242         52        114         24         64       9066   nrf_log_backend_uart.o
         0          0         33          8          0        324   nrf_log_default_backends.o
      4180       1040       1130         72       1608      66212   nrf_log_frontend.o
       750        150         72         64          0       6931   nrf_log_str_formatter.o
       600        184          0          0          0       7891   nrf_memobj.o
       208          8         20          8          0       5170   nrf_mpu_lib.o
       116         18          0          0          0       1933   nrf_nvmc.o
         2          0         17          8          0       5873   nrf_pwr_mgmt.o
      1826        614        227          4          0      15382   nrf_queue.o
       926        258          0          0          0       7446   nrf_ringbuf.o
       416        258         17          8          0       4262   nrf_sortlist.o
       220         80        185          8          0       2214   nrf_stack_guard.o
        76         10       1259          0          0       2635   nrf_strerror.o
       236          0          0          0          0       3428   nrfx_atomic.o
       682        332         14         20          0      48865   nrfx_clock.o
       692         90         23          8        108      22188   nrfx_gpiote.o
       614        198          0         16          0      16500   nrfx_power.o
       328        196         12         16          0       4543   nrfx_prs.o
      2080        320         17          8         44      34958   nrfx_uart.o
      2124        324         18          8         36      29420   nrfx_uarte.o
      7024       1950        219         24        568     150303   nrfx_usbd.o
       610         50          0          0        648      12083   segger_rtt.o
       500         66          0          4          0      31457   system_nrf52.o

    ----------------------------------------------------------------------
     69650      16818      12800       1376      17116    1471299   Object Totals
         0          0         32          0          0          0   (incl. Generated)
       106          0        159         17          3          0   (incl. Padding)

    ----------------------------------------------------------------------

      Code (inc. data)   RO Data    RW Data    ZI Data      Debug   Library Member Name

        86          0          0          0          0          0   __dczerorl2.o
        28          0          0          0          0         68   _chval.o
       158          0          0          0          0         92   _strtoul.o
         8          4        133          0          0         68   ctype_o.o
         0          0          0          0          0          0   entry.o
         0          0          0          0          0          0   entry10a.o
         0          0          0          0          0          0   entry11a.o
         8          4          0          0          0          0   entry2.o
         4          0          0          0          0          0   entry5.o
         0          0          0          0          0          0   entry7b.o
         0          0          0          0          0          0   entry8b.o
         8          4          0          0          0          0   entry9a.o
         8          4          0          4          0         68   errno.o
        30          0          0          0          0          0   handlers.o
        36          8          0          0          0         68   init.o
         0          0          0          0          0          0   iusefp.o
        30          0          0          0          0         68   llshl.o
        36          0          0          0          0         68   llsshr.o
        32          0          0          0          0         68   llushr.o
        64          0          0          0          0         76   memmovea.o
        36          0          0          0          0        108   memseta.o
       264          6          0          0          0        244   printf2.o
       156          0          0          0          0         88   qsort.o
        20          0          0          0          0         68   strchr.o
        28          0          0          0          0         76   strcmp.o
        18          0          0          0          0         68   strcpy.o
        14          0          0          0          0         68   strlen.o
        30          0          0          0          0         80   strncmp.o
        36          0          0          0          0         80   strstr.o
       112          0          0          0          0         88   strtol.o
        12          0          0          0          0         68   tolower.o
        98          0          0          0          0         92   uldiv.o
        48          0          0          0          0         68   cdcmple.o
        48          0          0          0          0         68   cdrcmple.o
       334          0          0          0          0        148   dadd.o
       222          0          0          0          0        100   ddiv.o
       186          0          0          0          0        176   depilogue.o

    ----------------------------------------------------------------------
      2202         30        136          4          0       2332   Library Totals
         4          0          3          0          0          0   (incl. Padding)

    ----------------------------------------------------------------------

      Code (inc. data)   RO Data    RW Data    ZI Data      Debug   Library Name

      1360         30        133          4          0       1772   mc_w.l
       838          0          0          0          0        560   mf_w.l

    ----------------------------------------------------------------------
      2202         30        136          4          0       2332   Library Totals

    ----------------------------------------------------------------------

==============================================================================


      Code (inc. data)   RO Data    RW Data    ZI Data      Debug   

     71852      16848      12936       1380      17116    1405919   Grand Totals
     71852      16848      12936        284      17116    1405919   ELF Image Totals (compressed)
     71852      16848      12936        284          0          0   ROM Totals

==============================================================================

    Total RO  Size (Code + RO Data)                84788 (  82.80kB)
    Total RW  Size (RW Data + ZI Data)             18496 (  18.06kB)
    Total ROM Size (Code + RO Data + RW Data)      85072 (  83.08kB)

==============================================================================

