<html>
<body>
<pre>
<h1>µVision Build Log</h1>
<h2>Tool Versions:</h2>
IDE-Version: ¦ÌVision V5.27.1.0
Copyright (C) 2019 ARM Ltd and ARM Germany GmbH. All rights reserved.
License Information: ht w00110601111@163.com, fe, LIC=AK1BF-6SNBP-UMY9A-1EJBI-UGX90-BS7N1
 
Tool Versions:
Toolchain:       MDK-ARM Professional  Version: 5.27.1.0
Toolchain Path:  C:\Keil_v5\ARM\ARMCC\Bin
C Compiler:      Armcc.exe V5.06 update 6 (build 750)
Assembler:       Armasm.exe V5.06 update 6 (build 750)
Linker/Locator:  ArmLink.exe V5.06 update 6 (build 750)
Library Manager: ArmAr.exe V5.06 update 6 (build 750)
Hex Converter:   FromElf.exe V5.06 update 6 (build 750)
CPU DLL:         
Dialog DLL:      
Target DLL:      Segger\JL2CM3.dll V2.99.35.0
Dialog DLL:      TCM.DLL V1.36.1.0
 
<h2>Project:</h2>
D:\project\nRF5_SDK_17.1.0_ddde560\examples\peripheral\cli\pca10056\blank\arm5_no_packs\cli_pca10056.uvprojx
Project File Date:  12/08/2024

<h2>Output:</h2>
*** Using Compiler 'V5.06 update 6 (build 750)', folder: 'C:\Keil_v5\ARM\ARMCC\Bin'
Build target 'nrf52840_xxaa'
compiling utf.c...
compiling nrf_nvic.c...
compiling nrf_soc.c...
compiling nrf_nvmc.c...
compiling nrf_stack_guard.c...
compiling nrf_mpu_lib.c...
compiling nrf_drv_uart.c...
compiling nrfx_atomic.c...
compiling boards.c...
compiling nrf_drv_clock.c...
compiling nrf_drv_power.c...
compiling bsp.c...
compiling demo_cli_cmds.c...
compiling nrfx_clock.c...
compiling app_error.c...
compiling nrfx_gpiote.c...
compiling nrfx_prs.c...
compiling nrfx_systick.c...
compiling app_error_handler_keil.c...
compiling nrfx_power.c...
compiling app_error_weak.c...
compiling nrfx_uart.c...
compiling nrfx_uarte.c...
compiling main.c...
compiling app_button.c...
compiling fnmatch.c...
compiling app_scheduler.c...
compiling app_util_platform.c...
compiling crc16.c...
compiling app_timer2.c...
compiling nrfx_usbd.c...
compiling cli_utils_cmds.c...
compiling hardfault_handler_keil.c...
compiling drv_rtc.c...
compiling fds.c...
compiling hardfault_implementation.c...
compiling nrf_assert.c...
compiling app_usbd_string_desc.c...
compiling nrf_atfifo.c...
compiling app_usbd_core.c...
compiling app_usbd.c...
compiling app_usbd_cdc_acm.c...
compiling nrf_atomic.c...
compiling nrf_balloc.c...
compiling nrf_cli_rtt.c...
compiling nrf_fprintf.c...
compiling nrf_fprintf_format.c...
compiling nrf_cli_uart.c...
compiling nrf_fstorage.c...
compiling nrf_cli.c...
compiling nrf_memobj.c...
compiling nrf_ringbuf.c...
compiling nrf_fstorage_nvmc.c...
compiling nrf_section_iter.c...
compiling nrf_queue.c...
compiling nrf_cli_cdc_acm.c...
compiling nrf_pwr_mgmt.c...
compiling nrf_sortlist.c...
assembling arm_startup_nrf52840.s...
compiling nrf_strerror.c...
compiling nrf_log_backend_rtt.c...
compiling nrf_log_backend_serial.c...
compiling nrf_log_backend_flash.c...
compiling nrf_log_default_backends.c...
compiling nrf_log_str_formatter.c...
compiling SEGGER_RTT_Syscalls_KEIL.c...
compiling SEGGER_RTT.c...
compiling SEGGER_RTT_printf.c...
compiling nrf_log_backend_uart.c...
compiling nrf_log_frontend.c...
compiling system_nrf52.c...
linking...
Program Size: Code=71852 RO-data=12936 RW-data=1380 ZI-data=17116  
FromELF: creating hex file...
".\_build\nrf52840_xxaa.axf" - 0 Error(s), 0 Warning(s).

<h2>Software Packages used:</h2>

Package Vendor: ARM
                http://www.keil.com/pack/ARM.CMSIS.5.6.0.pack
                ARM.CMSIS.5.6.0
                CMSIS (Cortex Microcontroller Software Interface Standard)
   * Component: CORE Version: 5.3.0

Package Vendor: NordicSemiconductor
                http://developer.nordicsemi.com/nRF5_SDK/pieces/nRF_DeviceFamilyPack/NordicSemiconductor.nRF_DeviceFamilyPack.8.40.3.pack
                NordicSemiconductor.nRF_DeviceFamilyPack.8.40.3
                Nordic Semiconductor nRF ARM devices Device Family Pack with BSD license.
   * Component: Startup Version: 8.40.3

<h2>Collection of Component include folders:</h2>
  .\RTE\_nrf52840_xxaa
  C:\Users\w0011\AppData\Local\Arm\Packs\ARM\CMSIS\5.6.0\CMSIS\Core\Include
  C:\Users\w0011\AppData\Local\Arm\Packs\NordicSemiconductor\nRF_DeviceFamilyPack\8.40.3\Device\Include

<h2>Collection of Component Files used:</h2>

   * Component: ARM::CMSIS:CORE:5.3.0

   * Component: NordicSemiconductor::Device:Startup:8.40.3
      Source file:   Device\Source\arm\arm_startup_nrf52840.s
      Include file:  Device\Include\system_nrf52840.h
      Include file:  Device\Include\system_nrf.h
      Source file:   Device\Source\system_nrf52.c
Build Time Elapsed:  00:00:08
</pre>
</body>
</html>
