Component: ARM Compiler 5.06 update 6 (build 750) Tool: armlink [4d35ed]

==============================================================================

Section Cross References

    main.o(i.advertising_init) refers to memseta.o(.text) for __aeabi_memclr4
    main.o(i.advertising_init) refers to ble_advertising.o(i.ble_advertising_init) for ble_advertising_init
    main.o(i.advertising_init) refers to app_error.o(i.app_error_handler_bare) for app_error_handler_bare
    main.o(i.advertising_init) refers to ble_advertising.o(i.ble_advertising_conn_cfg_tag_set) for ble_advertising_conn_cfg_tag_set
    main.o(i.advertising_init) refers to main.o(.data) for .data
    main.o(i.advertising_init) refers to main.o(i.on_adv_evt) for on_adv_evt
    main.o(i.advertising_init) refers to main.o(i.ble_advertising_error_handler) for ble_advertising_error_handler
    main.o(i.advertising_init) refers to main.o(.bss) for .bss
    main.o(i.advertising_start) refers to nrf_log_frontend.o(i.nrf_log_frontend_std_0) for nrf_log_frontend_std_0
    main.o(i.advertising_start) refers to peer_manager.o(i.pm_peers_delete) for pm_peers_delete
    main.o(i.advertising_start) refers to main.o(i.whitelist_set) for whitelist_set
    main.o(i.advertising_start) refers to ble_advertising.o(i.ble_advertising_start) for ble_advertising_start
    main.o(i.advertising_start) refers to app_error.o(i.app_error_handler_bare) for app_error_handler_bare
    main.o(i.advertising_start) refers to nrf_log_frontend.o(log_const_data) for m_nrf_log_app_logs_data_const
    main.o(i.advertising_start) refers to main.o(.bss) for .bss
    main.o(i.assert_nrf_callback) refers to app_error_handler_keil.o(.emb_text) for app_error_handler
    main.o(i.battery_level_meas_timeout_handler) refers to sensorsim.o(i.sensorsim_measure) for sensorsim_measure
    main.o(i.battery_level_meas_timeout_handler) refers to ble_bas.o(i.ble_bas_battery_level_update) for ble_bas_battery_level_update
    main.o(i.battery_level_meas_timeout_handler) refers to app_error.o(i.app_error_handler_bare) for app_error_handler_bare
    main.o(i.battery_level_meas_timeout_handler) refers to main.o(.bss) for .bss
    main.o(i.battery_level_meas_timeout_handler) refers to main.o(.data) for .data
    main.o(i.ble_advertising_error_handler) refers to app_error.o(i.app_error_handler_bare) for app_error_handler_bare
    main.o(i.ble_evt_handler) refers to app_error.o(i.app_error_handler_bare) for app_error_handler_bare
    main.o(i.ble_evt_handler) refers to main.o(i.buffer_dequeue) for buffer_dequeue
    main.o(i.ble_evt_handler) refers to nrf_log_frontend.o(i.nrf_log_frontend_std_0) for nrf_log_frontend_std_0
    main.o(i.ble_evt_handler) refers to bsp.o(i.bsp_indication_set) for bsp_indication_set
    main.o(i.ble_evt_handler) refers to nrf_ble_qwr.o(i.nrf_ble_qwr_conn_handle_assign) for nrf_ble_qwr_conn_handle_assign
    main.o(i.ble_evt_handler) refers to nrf_log_frontend.o(log_const_data) for m_nrf_log_app_logs_data_const
    main.o(i.ble_evt_handler) refers to main.o(.data) for .data
    main.o(i.ble_evt_handler) refers to main.o(.bss) for .bss
    main.o(i.bsp_event_handler) refers to main.o(i.keys_send) for keys_send
    main.o(i.bsp_event_handler) refers to main.o(i.sleep_mode_enter) for sleep_mode_enter
    main.o(i.bsp_event_handler) refers to app_error.o(i.app_error_handler_bare) for app_error_handler_bare
    main.o(i.bsp_event_handler) refers to ble_advertising.o(i.ble_advertising_restart_without_whitelist) for ble_advertising_restart_without_whitelist
    main.o(i.bsp_event_handler) refers to main.o(.data) for .data
    main.o(i.bsp_event_handler) refers to main.o(.bss) for .bss
    main.o(i.buffer_dequeue) refers to main.o(i.send_key_scan_press_release) for send_key_scan_press_release
    main.o(i.buffer_dequeue) refers to main.o(.bss) for .bss
    main.o(i.buffer_enqueue) refers to main.o(.bss) for .bss
    main.o(i.conn_params_error_handler) refers to app_error.o(i.app_error_handler_bare) for app_error_handler_bare
    main.o(i.gap_params_init) refers to app_error.o(i.app_error_handler_bare) for app_error_handler_bare
    main.o(i.hids_init) refers to memseta.o(.text) for __aeabi_memclr4
    main.o(i.hids_init) refers to ble_hids.o(i.ble_hids_init) for ble_hids_init
    main.o(i.hids_init) refers to app_error.o(i.app_error_handler_bare) for app_error_handler_bare
    main.o(i.hids_init) refers to main.o(.data) for .data
    main.o(i.hids_init) refers to main.o(i.on_hids_evt) for on_hids_evt
    main.o(i.hids_init) refers to main.o(i.service_error_handler) for service_error_handler
    main.o(i.identities_set) refers to peer_manager.o(i.pm_peer_id_list) for pm_peer_id_list
    main.o(i.identities_set) refers to app_error.o(i.app_error_handler_bare) for app_error_handler_bare
    main.o(i.identities_set) refers to peer_manager.o(i.pm_device_identities_list_set) for pm_device_identities_list_set
[...]
    0x00028320   0x00028320   0x0000000a   Code   RO         3073    i.battery_notification_send  ble_bas.o
    0x0002832a   0x0002832a   0x00000048   Code   RO         1295    i.blcm_link_ctx_get  ble_link_ctx_manager.o
    0x00028372   0x00028372   0x00000182   Code   RO          853    i.ble_advdata_encode  ble_advdata.o
    0x000284f4   0x000284f4   0x00000020   Code   RO          855    i.ble_advdata_parse  ble_advdata.o
    0x00028514   0x00028514   0x00000046   Code   RO          856    i.ble_advdata_search  ble_advdata.o
    0x0002855a   0x0002855a   0x00000006   Code   RO          961    i.ble_advertising_conn_cfg_tag_set  ble_advertising.o
    0x00028560   0x00028560   0x00000004   Code   RO            8    i.ble_advertising_error_handler  main.o
    0x00028564   0x00028564   0x000000e8   Code   RO          962    i.ble_advertising_init  ble_advertising.o
    0x0002864c   0x0002864c   0x0000006a   Code   RO          964    i.ble_advertising_on_ble_evt  ble_advertising.o
    0x000286b6   0x000286b6   0x00000026   Code   RO          965    i.ble_advertising_peer_addr_reply  ble_advertising.o
    0x000286dc   0x000286dc   0x0000003a   Code   RO          966    i.ble_advertising_restart_without_whitelist  ble_advertising.o
    0x00028716   0x00028716   0x00000230   Code   RO          967    i.ble_advertising_start  ble_advertising.o
    0x00028946   0x00028946   0x00000024   Code   RO          968    i.ble_advertising_whitelist_reply  ble_advertising.o
    0x0002896a   0x0002896a   0x00000002   PAD
    0x0002896c   0x0002896c   0x000000c0   Code   RO         3074    i.ble_bas_battery_level_update  ble_bas.o
    0x00028a2c   0x00028a2c   0x0000003e   Code   RO         3076    i.ble_bas_init      ble_bas.o
    0x00028a6a   0x00028a6a   0x00000052   Code   RO         3077    i.ble_bas_on_ble_evt  ble_bas.o
    0x00028abc   0x00028abc   0x00000068   Code   RO         1052    i.ble_conn_params_init  ble_conn_params.o
    0x00028b24   0x00028b24   0x0000000c   Code   RO         1126    i.ble_conn_state_conn_handles  ble_conn_state.o
    0x00028b30   0x00028b30   0x00000012   Code   RO         1127    i.ble_conn_state_conn_idx  ble_conn_state.o
    0x00028b42   0x00028b42   0x00000002   PAD
    0x00028b44   0x00028b44   0x00000020   Code   RO         1128    i.ble_conn_state_encrypted  ble_conn_state.o
    0x00028b64   0x00028b64   0x0000002c   Code   RO         1130    i.ble_conn_state_for_each_set_user_flag  ble_conn_state.o
    0x00028b90   0x00028b90   0x00000020   Code   RO         1132    i.ble_conn_state_lesc  ble_conn_state.o
    0x00028bb0   0x00028bb0   0x00000020   Code   RO         1133    i.ble_conn_state_mitm_protected  ble_conn_state.o
    0x00028bd0   0x00028bd0   0x00000024   Code   RO         1136    i.ble_conn_state_role  ble_conn_state.o
    0x00028bf4   0x00028bf4   0x00000024   Code   RO         1137    i.ble_conn_state_status  ble_conn_state.o
    0x00028c18   0x00028c18   0x00000018   Code   RO         1138    i.ble_conn_state_user_flag_acquire  ble_conn_state.o
    0x00028c30   0x00028c30   0x00000030   Code   RO         1139    i.ble_conn_state_user_flag_get  ble_conn_state.o
    0x00028c60   0x00028c60   0x00000038   Code   RO         1140    i.ble_conn_state_user_flag_set  ble_conn_state.o
    0x00028c98   0x00028c98   0x00000014   Code   RO         1141    i.ble_conn_state_valid  ble_conn_state.o
    0x00028cac   0x00028cac   0x00000060   Code   RO          859    i.ble_device_addr_encode  ble_advdata.o
    0x00028d0c   0x00028d0c   0x0000013c   Code   RO         3132    i.ble_dis_init      ble_dis.o
    0x00028e48   0x00028e48   0x000000d4   Code   RO            9    i.ble_evt_handler   main.o
    0x00028f1c   0x00028f1c   0x00000070   Code   RO          726    i.ble_evt_handler   bsp_btn_ble.o
    0x00028f8c   0x00028f8c   0x000000fc   Code   RO         1054    i.ble_evt_handler   ble_conn_params.o
    0x00029088   0x00029088   0x00000118   Code   RO         1142    i.ble_evt_handler   ble_conn_state.o
    0x000291a0   0x000291a0   0x00000084   Code   RO         2300    i.ble_evt_handler   peer_manager.o
    0x00029224   0x00029224   0x00000082   Code   RO         3173    i.ble_hids_boot_kb_inp_rep_send  ble_hids.o
    0x000292a6   0x000292a6   0x00000270   Code   RO         3175    i.ble_hids_init     ble_hids.o
    0x00029516   0x00029516   0x00000002   PAD
    0x00029518   0x00029518   0x000000c4   Code   RO         3176    i.ble_hids_inp_rep_send  ble_hids.o
    0x000295dc   0x000295dc   0x00000022   Code   RO         3177    i.ble_hids_on_ble_evt  ble_hids.o
    0x000295fe   0x000295fe   0x00000002   PAD
    0x00029600   0x00029600   0x00000096   Code   RO         3178    i.ble_hids_outp_rep_get  ble_hids.o
    0x00029696   0x00029696   0x00000012   Code   RO         1319    i.ble_srv_ascii_to_utf8  ble_srv_common.o
    0x000296a8   0x000296a8   0x00000008   Code   RO         1321    i.ble_srv_is_notification_enabled  ble_srv_common.o
    0x000296b0   0x000296b0   0x0000000c   Code   RO         1322    i.ble_srv_report_ref_encode  ble_srv_common.o
    0x000296bc   0x000296bc   0x0000006c   Code   RO         3179    i.boot_inp_rep_char_add  ble_hids.o
    0x00029728   0x00029728   0x0000000c   Code   RO          490    i.bsp_board_button_idx_to_pin  boards.o
    0x00029734   0x00029734   0x00000028   Code   RO          491    i.bsp_board_button_state_get  boards.o
    0x0002975c   0x0002975c   0x00000054   Code   RO          492    i.bsp_board_init    boards.o
    0x000297b0   0x000297b0   0x0000002c   Code   RO          494    i.bsp_board_led_invert  boards.o
    0x000297dc   0x000297dc   0x00000010   Code   RO          495    i.bsp_board_led_off  boards.o
    0x000297ec   0x000297ec   0x00000010   Code   RO          496    i.bsp_board_led_on  boards.o
    0x000297fc   0x000297fc   0x00000028   Code   RO          497    i.bsp_board_led_state_get  boards.o
    0x00029824   0x00029824   0x00000012   Code   RO          498    i.bsp_board_leds_off  boards.o
    0x00029836   0x00029836   0x00000012   Code   RO          499    i.bsp_board_leds_on  boards.o
    0x00029848   0x00029848   0x00000024   Code   RO          500    i.bsp_board_pin_to_button_idx  boards.o
    0x0002986c   0x0002986c   0x00000038   Code   RO          727    i.bsp_btn_ble_init  bsp_btn_ble.o
    0x000298a4   0x000298a4   0x0000001e   Code   RO          728    i.bsp_btn_ble_sleep_mode_prepare  bsp_btn_ble.o
    0x000298c2   0x000298c2   0x00000002   PAD
    0x000298c4   0x000298c4   0x00000090   Code   RO          609    i.bsp_button_event_handler  bsp.o
    0x00029954   0x00029954   0x0000000c   Code   RO          610    i.bsp_button_is_pressed  bsp.o
    0x00029960   0x00029960   0x00000078   Code   RO           10    i.bsp_event_handler  main.o
    0x000299d8   0x000299d8   0x00000044   Code   RO          613    i.bsp_event_to_button_action_assign  bsp.o
    0x00029a1c   0x00029a1c   0x00000018   Code   RO          614    i.bsp_indication_set  bsp.o
    0x00029a34   0x00029a34   0x00000094   Code   RO          615    i.bsp_init          bsp.o
    0x00029ac8   0x00029ac8   0x000001c8   Code   RO          616    i.bsp_led_indication  bsp.o
    0x00029c90   0x00029c90   0x00000006   Code   RO          618    i.bsp_wakeup_button_enable  bsp.o
    0x00029c96   0x00029c96   0x00000002   PAD
    0x00029c98   0x00029c98   0x00000094   Code   RO         6675    i.buf_prealloc      nrf_log_frontend.o
    0x00029d2c   0x00029d2c   0x0000002e   Code   RO         5905    i.buffer_add        nrf_fprintf_format.o
    0x00029d5a   0x00029d5a   0x00000002   PAD
    0x00029d5c   0x00029d5c   0x00000078   Code   RO           11    i.buffer_dequeue    main.o
    0x00029dd4   0x00029dd4   0x00000050   Code   RO           12    i.buffer_enqueue    main.o
    0x00029e24   0x00029e24   0x00000018   Code   RO         6676    i.buffer_is_empty   nrf_log_frontend.o
    0x00029e3c   0x00029e3c   0x00000028   Code   RO         4533    i.button_get        app_button.o
    0x00029e64   0x00029e64   0x00000008   Code   RO          619    i.button_timer_handler  bsp.o
    0x00029e6c   0x00029e6c   0x00000028   Code   RO         1382    i.car_update_needed  gatt_cache_manager.o
    0x00029e94   0x00029e94   0x00000040   Code   RO         1383    i.car_update_pending_handle  gatt_cache_manager.o
    0x00029ed4   0x00029ed4   0x0000001c   Code   RO         3783    i.channel_free      nrfx_gpiote.o
    0x00029ef0   0x00029ef0   0x00000048   Code   RO         3784    i.channel_port_alloc  nrfx_gpiote.o
    0x00029f38   0x00029f38   0x00000010   Code   RO         3785    i.channel_port_get  nrfx_gpiote.o
    0x00029f48   0x00029f48   0x00000060   Code   RO         3133    i.char_add          ble_dis.o
    0x00029fa8   0x00029fa8   0x00000190   Code   RO         1323    i.characteristic_add  ble_srv_common.o
    0x0002a138   0x0002a138   0x0000003e   Code   RO         2210    i.claim             peer_id.o
    0x0002a176   0x0002a176   0x00000002   PAD
    0x0002a178   0x0002a178   0x00000028   Code   RO         3298    i.clock_clk_started_notify  nrf_drv_clock.o
    0x0002a1a0   0x0002a1a0   0x0000001c   Code   RO         3299    i.clock_irq_handler  nrf_drv_clock.o
    0x0002a1bc   0x0002a1bc   0x00000018   Code   RO         4788    i.compare_func      app_timer2.o
    0x0002a1d4   0x0002a1d4   0x0000003e   Code   RO         1143    i.conn_handle_list_get  ble_conn_state.o
    0x0002a212   0x0002a212   0x00000088   Code   RO          860    i.conn_int_encode   ble_advdata.o
    0x0002a29a   0x0002a29a   0x00000004   Code   RO           13    i.conn_params_error_handler  main.o
    0x0002a29e   0x0002a29e   0x00000002   PAD
    0x0002a2a0   0x0002a2a0   0x00000048   Code   RO         1055    i.conn_params_negotiation  ble_conn_params.o
    0x0002a2e8   0x0002a2e8   0x00000044   Code   RO         2758    i.conn_sec_failure  security_dispatcher.o
    0x0002a32c   0x0002a32c   0x00000004   Code   RO         2613    i.conn_secure       peer_manager_handler.o
    0x0002a330   0x0002a330   0x000000c0   Code   RO         1808    i.data_length_update  nrf_ble_gatt.o
    0x0002a3f0   0x0002a3f0   0x00000030   Code   RO         1384    i.db_update_pending_handle  gatt_cache_manager.o
    0x0002a420   0x0002a420   0x0000008c   Code   RO         5190    i.delete_execute    fds.o
    0x0002a4ac   0x0002a4ac   0x000000aa   Code   RO         1324    i.descriptor_add    ble_srv_common.o
    0x0002a556   0x0002a556   0x00000002   PAD
    0x0002a558   0x0002a558   0x00000048   Code   RO         4534    i.detection_delay_timeout_handler  app_button.o
    0x0002a5a0   0x0002a5a0   0x00000014   Code   RO         6677    i.dropped_sat16_get  nrf_log_frontend.o
    0x0002a5b4   0x0002a5b4   0x00000014   Code   RO         5022    i.drv_rtc_compare_disable  drv_rtc.o
    0x0002a5c8   0x0002a5c8   0x0000000e   Code   RO         5025    i.drv_rtc_compare_pending  drv_rtc.o
    0x0002a5d6   0x0002a5d6   0x00000050   Code   RO         5026    i.drv_rtc_compare_set  drv_rtc.o
    0x0002a626   0x0002a626   0x00000008   Code   RO         5027    i.drv_rtc_counter_get  drv_rtc.o
    0x0002a62e   0x0002a62e   0x00000002   PAD
    0x0002a630   0x0002a630   0x000000d8   Code   RO         5028    i.drv_rtc_init      drv_rtc.o
    0x0002a708   0x0002a708   0x0000001e   Code   RO         5029    i.drv_rtc_irq_trigger  drv_rtc.o
    0x0002a726   0x0002a726   0x00000008   Code   RO         5031    i.drv_rtc_overflow_enable  drv_rtc.o
    0x0002a72e   0x0002a72e   0x00000008   Code   RO         5032    i.drv_rtc_overflow_pending  drv_rtc.o
    0x0002a736   0x0002a736   0x00000008   Code   RO         5033    i.drv_rtc_start     drv_rtc.o
    0x0002a73e   0x0002a73e   0x00000008   Code   RO         5034    i.drv_rtc_stop      drv_rtc.o
    0x0002a746   0x0002a746   0x000000de   Code   RO         5039    i.drv_rtc_windowed_compare_set  drv_rtc.o
    0x0002a824   0x0002a824   0x0000000a   Code   RO         2759    i.encryption_failure  security_dispatcher.o
    0x0002a82e   0x0002a82e   0x00000002   PAD
    0x0002a830   0x0002a830   0x0000004c   Code   RO         6032    i.erase             nrf_fstorage_sd.o
    0x0002a87c   0x0002a87c   0x00000074   Code   RO         5191    i.event_prepare     fds.o
    0x0002a8f0   0x0002a8f0   0x00000020   Code   RO         5192    i.event_send        fds.o
    0x0002a910   0x0002a910   0x00000054   Code   RO         6033    i.event_send        nrf_fstorage_sd.o
    0x0002a964   0x0002a964   0x00000098   Code   RO         2897    i.events_send_from_err_code  security_manager.o
    0x0002a9fc   0x0002a9fc   0x00000012   Code   RO         5040    i.evt_enable        drv_rtc.o
    0x0002aa0e   0x0002aa0e   0x00000002   PAD
    0x0002aa10   0x0002aa10   0x000000e0   Code   RO         4535    i.evt_handle        app_button.o
    0x0002aaf0   0x0002aaf0   0x00000014   Code   RO         5041    i.evt_pending       drv_rtc.o
    0x0002ab04   0x0002ab04   0x0000001c   Code   RO         1385    i.evt_send          gatt_cache_manager.o
    0x0002ab20   0x0002ab20   0x0000001c   Code   RO         1547    i.evt_send          gatts_cache_manager.o
    0x0002ab3c   0x0002ab3c   0x0000002c   Code   RO         2301    i.evt_send          peer_manager.o
    0x0002ab68   0x0002ab68   0x0000001c   Code   RO         2760    i.evt_send          security_dispatcher.o
    0x0002ab84   0x0002ab84   0x0000000c   Code   RO         2898    i.evt_send          security_manager.o
    0x0002ab90   0x0002ab90   0x000000e0   Code   RO         1951    i.fds_evt_handler   peer_data_storage.o
    0x0002ac70   0x0002ac70   0x00000048   Code   RO         5194    i.fds_file_delete   fds.o
    0x0002acb8   0x0002acb8   0x00000040   Code   RO         5195    i.fds_gc            fds.o
    0x0002acf8   0x0002acf8   0x000000e8   Code   RO         5196    i.fds_init          fds.o
    0x0002ade0   0x0002ade0   0x00000048   Code   RO         5197    i.fds_record_close  fds.o
    0x0002ae28   0x0002ae28   0x0000000e   Code   RO         5199    i.fds_record_find   fds.o
    0x0002ae36   0x0002ae36   0x00000010   Code   RO         5200    i.fds_record_find_by_key  fds.o
    0x0002ae46   0x0002ae46   0x00000010   Code   RO         5201    i.fds_record_find_in_file  fds.o
    0x0002ae56   0x0002ae56   0x00000012   Code   RO         5202    i.fds_record_id_from_desc  fds.o
    0x0002ae68   0x0002ae68   0x0000004c   Code   RO         5204    i.fds_record_open   fds.o
    0x0002aeb4   0x0002aeb4   0x00000010   Code   RO         5205    i.fds_record_update  fds.o
    0x0002aec4   0x0002aec4   0x00000008   Code   RO         5206    i.fds_record_write  fds.o
    0x0002aecc   0x0002aecc   0x00000030   Code   RO         5208    i.fds_register      fds.o
    0x0002aefc   0x0002aefc   0x000000a0   Code   RO         5211    i.fds_stat          fds.o
    0x0002af9c   0x0002af9c   0x00000014   Code   RO         1952    i.file_id_within_pm_range  peer_data_storage.o
    0x0002afb0   0x0002afb0   0x00000012   Code   RO         2761    i.flag_id_init      security_dispatcher.o
    0x0002afc2   0x0002afc2   0x00000012   Code   RO         2899    i.flag_id_init      security_manager.o
    0x0002afd4   0x0002afd4   0x0000000a   Code   RO         1144    i.flag_toggle       ble_conn_state.o
    0x0002afde   0x0002afde   0x00000028   Code   RO          969    i.flags_set         ble_advertising.o
    0x0002b006   0x0002b006   0x00000002   PAD
    0x0002b008   0x0002b008   0x00000030   Code   RO         2900    i.flags_set_from_err_code  security_manager.o
    0x0002b038   0x0002b038   0x00000030   Code   RO         1145    i.for_each_set_flag  ble_conn_state.o
    0x0002b068   0x0002b068   0x00000006   Code   RO         5212    i.fs_event_handler  fds.o
    0x0002b06e   0x0002b06e   0x00000002   PAD
    0x0002b070   0x0002b070   0x0000006c   Code   RO           14    i.gap_params_init   main.o
    0x0002b0dc   0x0002b0dc   0x00000080   Code   RO         5213    i.gc_execute        fds.o
    0x0002b15c   0x0002b15c   0x0000004c   Code   RO         5214    i.gc_next_page      fds.o
    0x0002b1a8   0x0002b1a8   0x00000040   Code   RO         5215    i.gc_page_erase     fds.o
    0x0002b1e8   0x0002b1e8   0x00000034   Code   RO         5216    i.gc_record_copy    fds.o
    0x0002b21c   0x0002b21c   0x00000024   Code   RO         5217    i.gc_record_find_next  fds.o
    0x0002b240   0x0002b240   0x00000070   Code   RO         5218    i.gc_state_advance  fds.o
    0x0002b2b0   0x0002b2b0   0x00000030   Code   RO         5219    i.gc_swap_pages     fds.o
    0x0002b2e0   0x0002b2e0   0x00000230   Code   RO         1386    i.gcm_ble_evt_handler  gatt_cache_manager.o
    0x0002b510   0x0002b510   0x0000003c   Code   RO         1387    i.gcm_im_evt_handler  gatt_cache_manager.o
    0x0002b54c   0x0002b54c   0x00000094   Code   RO         1388    i.gcm_init          gatt_cache_manager.o
    0x0002b5e0   0x0002b5e0   0x00000088   Code   RO         1391    i.gcm_pdb_evt_handler  gatt_cache_manager.o
    0x0002b668   0x0002b668   0x00000034   Code   RO         4789    i.get_now           app_timer2.o
    0x0002b69c   0x0002b69c   0x0000003c   Code   RO         4536    i.gpiote_event_handler  app_button.o
    0x0002b6d8   0x0002b6d8   0x0000001c   Code   RO         1548    i.gscm_db_change_notification_done  gatts_cache_manager.o
    0x0002b6f4   0x0002b6f4   0x00000014   Code   RO         1549    i.gscm_init         gatts_cache_manager.o
    0x0002b708   0x0002b708   0x00000090   Code   RO         1551    i.gscm_local_db_cache_apply  gatts_cache_manager.o
    0x0002b798   0x0002b798   0x00000148   Code   RO         1552    i.gscm_local_db_cache_update  gatts_cache_manager.o
    0x0002b8e0   0x0002b8e0   0x00000018   Code   RO         1553    i.gscm_pdb_evt_handler  gatts_cache_manager.o
    0x0002b8f8   0x0002b8f8   0x0000001e   Code   RO         1554    i.gscm_service_changed_ind_needed  gatts_cache_manager.o
    0x0002b916   0x0002b916   0x00000002   PAD
    0x0002b918   0x0002b918   0x0000005c   Code   RO         1555    i.gscm_service_changed_ind_send  gatts_cache_manager.o
    0x0002b974   0x0002b974   0x0000002c   Code   RO         5220    i.header_check      fds.o
    0x0002b9a0   0x0002b9a0   0x00000012   Code   RO         5221    i.header_has_next   fds.o
    0x0002b9b2   0x0002b9b2   0x00000062   Code   RO         3180    i.hid_information_char_add  ble_hids.o
    0x0002ba14   0x0002ba14   0x000000e4   Code   RO           15    i.hids_init         main.o
    0x0002baf8   0x0002baf8   0x00000030   Code   RO           16    i.identities_set    main.o
    0x0002bb28   0x0002bb28   0x00000046   Code   RO         1644    i.im_address_resolve  id_manager.o
    0x0002bb6e   0x0002bb6e   0x00000002   PAD
    0x0002bb70   0x0002bb70   0x00000038   Code   RO         1645    i.im_ble_addr_get   id_manager.o
    0x0002bba8   0x0002bba8   0x000000dc   Code   RO         1646    i.im_ble_evt_handler  id_manager.o
    0x0002bc84   0x0002bc84   0x00000040   Code   RO         1647    i.im_conn_handle_get  id_manager.o
    0x0002bcc4   0x0002bcc4   0x000000ec   Code   RO         1648    i.im_device_identities_list_set  id_manager.o
    0x0002bdb0   0x0002bdb0   0x00000038   Code   RO         1649    i.im_find_duplicate_bonding_data  id_manager.o
    0x0002bde8   0x0002bde8   0x00000072   Code   RO         1652    i.im_is_duplicate_bonding_data  id_manager.o
    0x0002be5a   0x0002be5a   0x00000018   Code   RO         1653    i.im_master_id_is_valid  id_manager.o
    0x0002be72   0x0002be72   0x0000002a   Code   RO         1654    i.im_master_ids_compare  id_manager.o
    0x0002be9c   0x0002be9c   0x00000014   Code   RO         1655    i.im_new_peer_id    id_manager.o
    0x0002beb0   0x0002beb0   0x0000002c   Code   RO         1656    i.im_peer_free      id_manager.o
    0x0002bedc   0x0002bedc   0x00000024   Code   RO         1657    i.im_peer_id_get_by_conn_handle  id_manager.o
    0x0002bf00   0x0002bf00   0x0000003c   Code   RO         1658    i.im_peer_id_get_by_master_id  id_manager.o
    0x0002bf3c   0x0002bf3c   0x00000038   Code   RO         1661    i.im_whitelist_get  id_manager.o
    0x0002bf74   0x0002bf74   0x00000074   Code   RO         1662    i.im_whitelist_set  id_manager.o
    0x0002bfe8   0x0002bfe8   0x00000034   Code   RO         6034    i.init              nrf_fstorage_sd.o
    0x0002c01c   0x0002c01c   0x000000c4   Code   RO         5222    i.init_execute      fds.o
    0x0002c0e0   0x0002c0e0   0x0000006c   Code   RO         3181    i.inp_rep_characteristics_add  ble_hids.o
    0x0002c14c   0x0002c14c   0x00000014   Code   RO         1056    i.instance_get      ble_conn_params.o
    0x0002c160   0x0002c160   0x000000a6   Code   RO         5906    i.int_print         nrf_fprintf_format.o
    0x0002c206   0x0002c206   0x00000002   PAD
    0x0002c208   0x0002c208   0x00000088   Code   RO         4360    i.interrupts_enable  nrfx_uarte.o
    0x0002c290   0x0002c290   0x00000034   Code   RO         6678    i.invalid_packets_omit  nrf_log_frontend.o
    0x0002c2c4   0x0002c2c4   0x00000010   Code   RO         6035    i.is_busy           nrf_fstorage_sd.o
    0x0002c2d4   0x0002c2d4   0x00000044   Code   RO         1057    i.is_conn_params_ok  ble_conn_params.o
    0x0002c318   0x0002c318   0x00000014   Code   RO         1663    i.is_valid_irk      id_manager.o
    0x0002c32c   0x0002c32c   0x0000000c   Code   RO         5223    i.is_word_aligned   fds.o
    0x0002c338   0x0002c338   0x0000004c   Code   RO           17    i.keys_send         main.o
    0x0002c384   0x0002c384   0x00000030   Code   RO          620    i.leds_off          bsp.o
    0x0002c3b4   0x0002c3b4   0x00000014   Code   RO          621    i.leds_timer_handler  bsp.o
    0x0002c3c8   0x0002c3c8   0x00000014   Code   RO         1809    i.link_init         nrf_ble_gatt.o
    0x0002c3dc   0x0002c3dc   0x000000d0   Code   RO         2901    i.link_secure       security_manager.o
    0x0002c4ac   0x0002c4ac   0x0000003c   Code   RO         2762    i.link_secure_failure  security_dispatcher.o
    0x0002c4e8   0x0002c4e8   0x0000002c   Code   RO         2902    i.link_secure_pending_handle  security_manager.o
    0x0002c514   0x0002c514   0x000000a8   Code   RO         1392    i.local_db_apply_in_evt  gatt_cache_manager.o
    0x0002c5bc   0x0002c5bc   0x00000010   Code   RO         1393    i.local_db_update   gatt_cache_manager.o
    0x0002c5cc   0x0002c5cc   0x00000114   Code   RO         1394    i.local_db_update_in_evt  gatt_cache_manager.o
    0x0002c6e0   0x0002c6e0   0x00000002   Code   RO         6679    i.log_pending_hook  nrf_log_frontend.o
    0x0002c6e2   0x0002c6e2   0x00000002   PAD
    0x0002c6e4   0x0002c6e4   0x000000a4   Code   RO         6680    i.log_skip          nrf_log_frontend.o
    0x0002c788   0x0002c788   0x000001b8   Code   RO           18    i.main              main.o
    0x0002c940   0x0002c940   0x00000012   Code   RO         3182    i.make_char_id      ble_hids.o
    0x0002c952   0x0002c952   0x00000064   Code   RO          861    i.manuf_specific_data_encode  ble_advdata.o
    0x0002c9b6   0x0002c9b6   0x0000007e   Code   RO         6144    i.memobj_op         nrf_memobj.o
    0x0002ca34   0x0002ca34   0x00000030   Code   RO         6681    i.module_idx_get    nrf_log_frontend.o
    0x0002ca64   0x0002ca64   0x00000008   Code   RO         2709    i.mutex_lock_status_get  pm_buffer.o
    0x0002ca6c   0x0002ca6c   0x000000a6   Code   RO          862    i.name_encode       ble_advdata.o
    0x0002cb12   0x0002cb12   0x00000002   PAD
    0x0002cb14   0x0002cb14   0x00000014   Code   RO         2903    i.new_context_get   security_manager.o
    0x0002cb28   0x0002cb28   0x00000032   Code   RO         2904    i.new_evt           security_manager.o
    0x0002cb5a   0x0002cb5a   0x00000030   Code   RO         2211    i.next_id_get       peer_id.o
    0x0002cb8a   0x0002cb8a   0x00000010   Code   RO         5559    i.nrf_atfifo_clear  nrf_atfifo.o
    0x0002cb9a   0x0002cb9a   0x00000026   Code   RO         5561    i.nrf_atfifo_init   nrf_atfifo.o
    0x0002cbc0   0x0002cbc0   0x00000016   Code   RO         5562    i.nrf_atfifo_item_alloc  nrf_atfifo.o
    0x0002cbd6   0x0002cbd6   0x00000016   Code   RO         5563    i.nrf_atfifo_item_free  nrf_atfifo.o
    0x0002cbec   0x0002cbec   0x00000016   Code   RO         5564    i.nrf_atfifo_item_get  nrf_atfifo.o
    0x0002cc02   0x0002cc02   0x00000016   Code   RO         5565    i.nrf_atfifo_item_put  nrf_atfifo.o
    0x0002cc18   0x0002cc18   0x00000016   Code   RO         5627    i.nrf_atflags_clear  nrf_atflags.o
    0x0002cc2e   0x0002cc2e   0x00000020   Code   RO         5629    i.nrf_atflags_fetch_set  nrf_atflags.o
    0x0002cc4e   0x0002cc4e   0x0000004a   Code   RO         5631    i.nrf_atflags_find_and_set_flag  nrf_atflags.o
    0x0002cc98   0x0002cc98   0x00000016   Code   RO         5632    i.nrf_atflags_get   nrf_atflags.o
    0x0002ccae   0x0002ccae   0x00000014   Code   RO         5634    i.nrf_atflags_set   nrf_atflags.o
    0x0002ccc2   0x0002ccc2   0x00000006   Code   RO         5695    i.nrf_atomic_flag_clear_fetch  nrf_atomic.o
    0x0002ccc8   0x0002ccc8   0x00000006   Code   RO         5696    i.nrf_atomic_flag_set  nrf_atomic.o
    0x0002ccce   0x0002ccce   0x00000006   Code   RO         5697    i.nrf_atomic_flag_set_fetch  nrf_atomic.o
    0x0002ccd4   0x0002ccd4   0x0000000c   Code   RO         5698    i.nrf_atomic_u32_add  nrf_atomic.o
    0x0002cce0   0x0002cce0   0x0000000c   Code   RO         5699    i.nrf_atomic_u32_and  nrf_atomic.o
    0x0002ccec   0x0002ccec   0x0000000a   Code   RO         5701    i.nrf_atomic_u32_fetch_add  nrf_atomic.o
    0x0002ccf6   0x0002ccf6   0x0000000a   Code   RO         5702    i.nrf_atomic_u32_fetch_and  nrf_atomic.o
    0x0002cd00   0x0002cd00   0x0000000a   Code   RO         5703    i.nrf_atomic_u32_fetch_or  nrf_atomic.o
    0x0002cd0a   0x0002cd0a   0x0000000a   Code   RO         5704    i.nrf_atomic_u32_fetch_store  nrf_atomic.o
    0x0002cd14   0x0002cd14   0x0000000c   Code   RO         5708    i.nrf_atomic_u32_or  nrf_atomic.o
    0x0002cd20   0x0002cd20   0x0000000c   Code   RO         5710    i.nrf_atomic_u32_sub  nrf_atomic.o
    0x0002cd2c   0x0002cd2c   0x00000044   Code   RO         5829    i.nrf_balloc_alloc  nrf_balloc.o
    0x0002cd70   0x0002cd70   0x00000030   Code   RO         5830    i.nrf_balloc_free   nrf_balloc.o
    0x0002cda0   0x0002cda0   0x00000030   Code   RO         5831    i.nrf_balloc_init   nrf_balloc.o
    0x0002cdd0   0x0002cdd0   0x00000010   Code   RO         3786    i.nrf_bitmask_bit_is_set  nrfx_gpiote.o
    0x0002cde0   0x0002cde0   0x00000022   Code   RO         1815    i.nrf_ble_gatt_init  nrf_ble_gatt.o
    0x0002ce02   0x0002ce02   0x00000002   PAD
    0x0002ce04   0x0002ce04   0x00000150   Code   RO         1816    i.nrf_ble_gatt_on_ble_evt  nrf_ble_gatt.o
    0x0002cf54   0x0002cf54   0x00000016   Code   RO         1910    i.nrf_ble_qwr_conn_handle_assign  nrf_ble_qwr.o
    0x0002cf6a   0x0002cf6a   0x00000024   Code   RO         1911    i.nrf_ble_qwr_init  nrf_ble_qwr.o
    0x0002cf8e   0x0002cf8e   0x000000b6   Code   RO         1912    i.nrf_ble_qwr_on_ble_evt  nrf_ble_qwr.o
    0x0002d044   0x0002d044   0x0000000e   Code   RO         3644    i.nrf_clock_event_check  nrfx_clock.o
    0x0002d052   0x0002d052   0x00000010   Code   RO         3645    i.nrf_clock_event_clear  nrfx_clock.o
    0x0002d062   0x0002d062   0x00000002   PAD
    0x0002d064   0x0002d064   0x00000040   Code   RO         3306    i.nrf_drv_clock_init  nrf_drv_clock.o
    0x0002d0a4   0x0002d0a4   0x00000034   Code   RO         3310    i.nrf_drv_clock_lfclk_release  nrf_drv_clock.o
    0x0002d0d8   0x0002d0d8   0x00000068   Code   RO         3452    i.nrf_drv_uart_init  nrf_drv_uart.o
    0x0002d140   0x0002d140   0x0000001a   Code   RO         5866    i.nrf_fprintf       nrf_fprintf.o
    0x0002d15a   0x0002d15a   0x00000018   Code   RO         5867    i.nrf_fprintf_buffer_flush  nrf_fprintf.o
    0x0002d172   0x0002d172   0x000001da   Code   RO         5907    i.nrf_fprintf_fmt   nrf_fprintf_format.o
    0x0002d34c   0x0002d34c   0x00000138   Code   RO         5947    i.nrf_fstorage_erase  nrf_fstorage.o
    0x0002d484   0x0002d484   0x00000094   Code   RO         5948    i.nrf_fstorage_init  nrf_fstorage.o
    0x0002d518   0x0002d518   0x00000018   Code   RO         6036    i.nrf_fstorage_sdh_req_handler  nrf_fstorage_sd.o
    0x0002d530   0x0002d530   0x00000020   Code   RO         6037    i.nrf_fstorage_sdh_state_handler  nrf_fstorage_sd.o
    0x0002d550   0x0002d550   0x000000a4   Code   RO         6038    i.nrf_fstorage_sys_evt_handler  nrf_fstorage_sd.o
    0x0002d5f4   0x0002d5f4   0x000001dc   Code   RO         5954    i.nrf_fstorage_write  nrf_fstorage.o
    0x0002d7d0   0x0002d7d0   0x00000032   Code   RO          502    i.nrf_gpio_cfg      boards.o
    0x0002d802   0x0002d802   0x00000032   Code   RO         3787    i.nrf_gpio_cfg      nrfx_gpiote.o
    0x0002d834   0x0002d834   0x00000032   Code   RO         4162    i.nrf_gpio_cfg      nrfx_uart.o
    0x0002d866   0x0002d866   0x00000032   Code   RO         4361    i.nrf_gpio_cfg      nrfx_uarte.o
    0x0002d898   0x0002d898   0x00000012   Code   RO         4163    i.nrf_gpio_cfg_default  nrfx_uart.o
    0x0002d8aa   0x0002d8aa   0x00000012   Code   RO         4362    i.nrf_gpio_cfg_default  nrfx_uarte.o
    0x0002d8bc   0x0002d8bc   0x00000012   Code   RO         4164    i.nrf_gpio_cfg_input  nrfx_uart.o
    0x0002d8ce   0x0002d8ce   0x00000012   Code   RO         4363    i.nrf_gpio_cfg_input  nrfx_uarte.o
    0x0002d8e0   0x0002d8e0   0x00000014   Code   RO         4165    i.nrf_gpio_cfg_output  nrfx_uart.o
    0x0002d8f4   0x0002d8f4   0x00000014   Code   RO         4364    i.nrf_gpio_cfg_output  nrfx_uarte.o
    0x0002d908   0x0002d908   0x00000030   Code   RO         3789    i.nrf_gpio_cfg_sense_set  nrfx_gpiote.o
    0x0002d938   0x0002d938   0x00000030   Code   RO         3790    i.nrf_gpio_latches_read_and_clear  nrfx_gpiote.o
    0x0002d968   0x0002d968   0x0000001c   Code   RO          503    i.nrf_gpio_pin_port_decode  boards.o
    0x0002d984   0x0002d984   0x0000001c   Code   RO         3792    i.nrf_gpio_pin_port_decode  nrfx_gpiote.o
    0x0002d9a0   0x0002d9a0   0x0000001c   Code   RO         4166    i.nrf_gpio_pin_port_decode  nrfx_uart.o
    0x0002d9bc   0x0002d9bc   0x0000001c   Code   RO         4365    i.nrf_gpio_pin_port_decode  nrfx_uarte.o
    0x0002d9d8   0x0002d9d8   0x0000002c   Code   RO         3793    i.nrf_gpio_pin_present_check  nrfx_gpiote.o
    0x0002da04   0x0002da04   0x00000016   Code   RO         3794    i.nrf_gpio_pin_read  nrfx_gpiote.o
    0x0002da1a   0x0002da1a   0x00000014   Code   RO         4167    i.nrf_gpio_pin_set  nrfx_uart.o
    0x0002da2e   0x0002da2e   0x00000014   Code   RO         4366    i.nrf_gpio_pin_set  nrfx_uarte.o
    0x0002da42   0x0002da42   0x00000026   Code   RO          504    i.nrf_gpio_pin_write  boards.o
    0x0002da68   0x0002da68   0x00000014   Code   RO         3796    i.nrf_gpiote_event_clear  nrfx_gpiote.o
    0x0002da7c   0x0002da7c   0x00000010   Code   RO         3797    i.nrf_gpiote_event_is_set  nrfx_gpiote.o
    0x0002da8c   0x0002da8c   0x0000005c   Code   RO         6682    i.nrf_log_backend_add  nrf_log_frontend.o
    0x0002dae8   0x0002dae8   0x000000c8   Code   RO         6526    i.nrf_log_backend_serial_put  nrf_log_backend_serial.o
    0x0002dbb0   0x0002dbb0   0x00000002   Code   RO         6566    i.nrf_log_backend_uart_flush  nrf_log_backend_uart.o
    0x0002dbb2   0x0002dbb2   0x00000006   Code   RO         6567    i.nrf_log_backend_uart_init  nrf_log_backend_uart.o
    0x0002dbb8   0x0002dbb8   0x0000002c   Code   RO         6568    i.nrf_log_backend_uart_panic_set  nrf_log_backend_uart.o
    0x0002dbe4   0x0002dbe4   0x00000018   Code   RO         6569    i.nrf_log_backend_uart_put  nrf_log_backend_uart.o
    0x0002dbfc   0x0002dbfc   0x00000030   Code   RO         6684    i.nrf_log_color_id_get  nrf_log_frontend.o
    0x0002dc2c   0x0002dc2c   0x0000001c   Code   RO         6639    i.nrf_log_default_backends_init  nrf_log_default_backends.o
    0x0002dc48   0x0002dc48   0x00000238   Code   RO         6685    i.nrf_log_frontend_dequeue  nrf_log_frontend.o
    0x0002de80   0x0002de80   0x00000008   Code   RO         6687    i.nrf_log_frontend_std_0  nrf_log_frontend.o
    0x0002de88   0x0002de88   0x0000000e   Code   RO         6688    i.nrf_log_frontend_std_1  nrf_log_frontend.o
    0x0002de96   0x0002de96   0x00000010   Code   RO         6689    i.nrf_log_frontend_std_2  nrf_log_frontend.o
    0x0002dea6   0x0002dea6   0x00000012   Code   RO         6690    i.nrf_log_frontend_std_3  nrf_log_frontend.o
    0x0002deb8   0x0002deb8   0x00000014   Code   RO         6691    i.nrf_log_frontend_std_4  nrf_log_frontend.o
    0x0002decc   0x0002decc   0x000000b0   Code   RO         6868    i.nrf_log_hexdump_entry_process  nrf_log_str_formatter.o
    0x0002df7c   0x0002df7c   0x00000028   Code   RO         6694    i.nrf_log_init      nrf_log_frontend.o
    0x0002dfa4   0x0002dfa4   0x00000014   Code   RO         6695    i.nrf_log_module_cnt_get  nrf_log_frontend.o
    0x0002dfb8   0x0002dfb8   0x0000001c   Code   RO         6698    i.nrf_log_module_name_get  nrf_log_frontend.o
    0x0002dfd4   0x0002dfd4   0x00000028   Code   RO         6699    i.nrf_log_panic     nrf_log_frontend.o
    0x0002dffc   0x0002dffc   0x000000b6   Code   RO         6869    i.nrf_log_std_entry_process  nrf_log_str_formatter.o
    0x0002e0b2   0x0002e0b2   0x00000060   Code   RO         6145    i.nrf_memobj_alloc  nrf_memobj.o
    0x0002e112   0x0002e112   0x00000032   Code   RO         6146    i.nrf_memobj_free   nrf_memobj.o
    0x0002e144   0x0002e144   0x00000008   Code   RO         6147    i.nrf_memobj_get    nrf_memobj.o
    0x0002e14c   0x0002e14c   0x00000004   Code   RO         6148    i.nrf_memobj_pool_init  nrf_memobj.o
    0x0002e150   0x0002e150   0x0000001e   Code   RO         6149    i.nrf_memobj_put    nrf_memobj.o
    0x0002e16e   0x0002e16e   0x00000010   Code   RO         6150    i.nrf_memobj_read   nrf_memobj.o
    0x0002e17e   0x0002e17e   0x00000010   Code   RO         6151    i.nrf_memobj_write  nrf_memobj.o
    0x0002e18e   0x0002e18e   0x00000002   PAD
    0x0002e190   0x0002e190   0x00000028   Code   RO         6223    i.nrf_pwr_mgmt_init  nrf_pwr_mgmt.o
    0x0002e1b8   0x0002e1b8   0x00000044   Code   RO         6224    i.nrf_pwr_mgmt_run  nrf_pwr_mgmt.o
    0x0002e1fc   0x0002e1fc   0x00000004   Code   RO           19    i.nrf_qwr_error_handler  main.o
    0x0002e200   0x0002e200   0x0000001c   Code   RO         6297    i.nrf_ringbuf_init  nrf_ringbuf.o
    0x0002e21c   0x0002e21c   0x0000000c   Code   RO         5042    i.nrf_rtc_event_clear  drv_rtc.o
    0x0002e228   0x0002e228   0x00000014   Code   RO         7408    i.nrf_sdh_ble_app_ram_start_get  nrf_sdh_ble.o
    0x0002e23c   0x0002e23c   0x00000100   Code   RO         7409    i.nrf_sdh_ble_default_cfg_set  nrf_sdh_ble.o
    0x0002e33c   0x0002e33c   0x00000130   Code   RO         7410    i.nrf_sdh_ble_enable  nrf_sdh_ble.o
    0x0002e46c   0x0002e46c   0x0000005c   Code   RO         7411    i.nrf_sdh_ble_evts_poll  nrf_sdh_ble.o
    0x0002e4c8   0x0002e4c8   0x00000054   Code   RO         7285    i.nrf_sdh_disable_request  nrf_sdh.o
    0x0002e51c   0x0002e51c   0x00000074   Code   RO         7286    i.nrf_sdh_enable_request  nrf_sdh.o
    0x0002e590   0x0002e590   0x00000024   Code   RO         7287    i.nrf_sdh_evts_poll  nrf_sdh.o
    0x0002e5b4   0x0002e5b4   0x0000000c   Code   RO         7288    i.nrf_sdh_is_enabled  nrf_sdh.o
    0x0002e5c0   0x0002e5c0   0x0000001c   Code   RO         7290    i.nrf_sdh_request_continue  nrf_sdh.o
    0x0002e5dc   0x0002e5dc   0x0000003c   Code   RO         7462    i.nrf_sdh_soc_evts_poll  nrf_sdh_soc.o
    0x0002e618   0x0002e618   0x0000000a   Code   RO         6355    i.nrf_section_iter_init  nrf_section_iter.o
    0x0002e622   0x0002e622   0x00000024   Code   RO         6356    i.nrf_section_iter_item_set  nrf_section_iter.o
    0x0002e646   0x0002e646   0x00000020   Code   RO         6357    i.nrf_section_iter_next  nrf_section_iter.o
    0x0002e666   0x0002e666   0x00000022   Code   RO         6390    i.nrf_sortlist_add  nrf_sortlist.o
    0x0002e688   0x0002e688   0x00000006   Code   RO         6392    i.nrf_sortlist_peek  nrf_sortlist.o
    0x0002e68e   0x0002e68e   0x0000000e   Code   RO         6393    i.nrf_sortlist_pop  nrf_sortlist.o
    0x0002e69c   0x0002e69c   0x0000001e   Code   RO         6394    i.nrf_sortlist_remove  nrf_sortlist.o
    0x0002e6ba   0x0002e6ba   0x00000002   PAD
    0x0002e6bc   0x0002e6bc   0x00000038   Code   RO         6446    i.nrf_strerror_find  nrf_strerror.o
    0x0002e6f4   0x0002e6f4   0x00000014   Code   RO         6447    i.nrf_strerror_get  nrf_strerror.o
    0x0002e708   0x0002e708   0x0000000a   Code   RO         4168    i.nrf_uart_event_check  nrfx_uart.o
    0x0002e712   0x0002e712   0x0000000c   Code   RO         4169    i.nrf_uart_event_clear  nrfx_uart.o
    0x0002e71e   0x0002e71e   0x0000000c   Code   RO         4170    i.nrf_uart_int_enable_check  nrfx_uart.o
    0x0002e72a   0x0002e72a   0x0000000a   Code   RO         4367    i.nrf_uarte_event_check  nrfx_uarte.o
    0x0002e734   0x0002e734   0x0000000c   Code   RO         4368    i.nrf_uarte_event_clear  nrfx_uarte.o
    0x0002e740   0x0002e740   0x00000010   Code   RO         3313    i.nrf_wdt_started   nrf_drv_clock.o
    0x0002e750   0x0002e750   0x0000002c   Code   RO         3650    i.nrfx_clock_enable  nrfx_clock.o
    0x0002e77c   0x0002e77c   0x00000020   Code   RO         3653    i.nrfx_clock_init   nrfx_clock.o
    0x0002e79c   0x0002e79c   0x00000030   Code   RO         3656    i.nrfx_clock_lfclk_stop  nrfx_clock.o
    0x0002e7cc   0x0002e7cc   0x00000010   Code   RO         5043    i.nrfx_coredep_delay_us  drv_rtc.o
    0x0002e7dc   0x0002e7dc   0x00000098   Code   RO         3803    i.nrfx_gpiote_in_event_enable  nrfx_gpiote.o
    0x0002e874   0x0002e874   0x000000d0   Code   RO         3805    i.nrfx_gpiote_in_init  nrfx_gpiote.o
    0x0002e944   0x0002e944   0x0000000e   Code   RO         3806    i.nrfx_gpiote_in_is_set  nrfx_gpiote.o
    0x0002e952   0x0002e952   0x00000002   PAD
    0x0002e954   0x0002e954   0x00000078   Code   RO         3808    i.nrfx_gpiote_init  nrfx_gpiote.o
    0x0002e9cc   0x0002e9cc   0x00000014   Code   RO         3809    i.nrfx_gpiote_is_init  nrfx_gpiote.o
    0x0002e9e0   0x0002e9e0   0x00000010   Code   RO         4369    i.nrfx_is_in_ram    nrfx_uarte.o
    0x0002e9f0   0x0002e9f0   0x0000003a   Code   RO         4108    i.nrfx_prs_acquire  nrfx_prs.o
    0x0002ea2a   0x0002ea2a   0x00000012   Code   RO         4109    i.nrfx_prs_release  nrfx_prs.o
    0x0002ea3c   0x0002ea3c   0x00000010   Code   RO         4171    i.nrfx_uart_0_irq_handler  nrfx_uart.o
    0x0002ea4c   0x0002ea4c   0x000000d4   Code   RO         4173    i.nrfx_uart_init    nrfx_uart.o
    0x0002eb20   0x0002eb20   0x000000a8   Code   RO         4179    i.nrfx_uart_tx      nrfx_uart.o
    0x0002ebc8   0x0002ebc8   0x00000020   Code   RO         4181    i.nrfx_uart_tx_in_progress  nrfx_uart.o
    0x0002ebe8   0x0002ebe8   0x000000c0   Code   RO         4182    i.nrfx_uart_uninit  nrfx_uart.o
    0x0002eca8   0x0002eca8   0x00000010   Code   RO         4370    i.nrfx_uarte_0_irq_handler  nrfx_uarte.o
    0x0002ecb8   0x0002ecb8   0x0000006c   Code   RO         4372    i.nrfx_uarte_init   nrfx_uarte.o
    0x0002ed24   0x0002ed24   0x000000ac   Code   RO         4376    i.nrfx_uarte_tx     nrfx_uarte.o
    0x0002edd0   0x0002edd0   0x0000001c   Code   RO         4378    i.nrfx_uarte_tx_in_progress  nrfx_uarte.o
    0x0002edec   0x0002edec   0x00000108   Code   RO         4379    i.nrfx_uarte_uninit  nrfx_uarte.o
    0x0002eef4   0x0002eef4   0x00000018   Code   RO         7506    i.nvmc_config       system_nrf52.o
    0x0002ef0c   0x0002ef0c   0x000001a0   Code   RO           20    i.on_adv_evt        main.o
    0x0002f0ac   0x0002f0ac   0x000000ac   Code   RO         3183    i.on_connect        ble_hids.o
    0x0002f158   0x0002f158   0x000000a8   Code   RO         1817    i.on_connected_evt  nrf_ble_gatt.o
    0x0002f200   0x0002f200   0x000000ac   Code   RO         1818    i.on_exchange_mtu_request_evt  nrf_ble_gatt.o
    0x0002f2ac   0x0002f2ac   0x000000d0   Code   RO           21    i.on_hid_rep_char_write  main.o
    0x0002f37c   0x0002f37c   0x00000028   Code   RO           22    i.on_hids_evt       main.o
    0x0002f3a4   0x0002f3a4   0x0000005e   Code   RO         3184    i.on_protocol_mode_read_auth  ble_hids.o
    0x0002f402   0x0002f402   0x0000003c   Code   RO         3185    i.on_report_cccd_write  ble_hids.o
    0x0002f43e   0x0002f43e   0x00000084   Code   RO         3186    i.on_report_value_read_auth  ble_hids.o
    0x0002f4c2   0x0002f4c2   0x00000076   Code   RO         3187    i.on_report_value_write  ble_hids.o
    0x0002f538   0x0002f538   0x000000ce   Code   RO         3188    i.on_rw_authorize_request  ble_hids.o
    0x0002f606   0x0002f606   0x00000002   PAD
    0x0002f608   0x0002f608   0x000001a8   Code   RO         3189    i.on_write          ble_hids.o
    0x0002f7b0   0x0002f7b0   0x00000024   Code   RO         5224    i.page_identify     fds.o
    0x0002f7d4   0x0002f7d4   0x0000001c   Code   RO         5225    i.page_offsets_update  fds.o
    0x0002f7f0   0x0002f7f0   0x0000006c   Code   RO         5226    i.page_scan         fds.o
    0x0002f85c   0x0002f85c   0x0000001c   Code   RO         5227    i.page_tag_write_data  fds.o
    0x0002f878   0x0002f878   0x00000024   Code   RO         5228    i.page_tag_write_swap  fds.o
    0x0002f89c   0x0002f89c   0x00000130   Code   RO         5229    i.pages_init        fds.o
    0x0002f9cc   0x0002f9cc   0x0000000c   Code   RO         2763    i.pairing           security_dispatcher.o
    0x0002f9d8   0x0002f9d8   0x00000074   Code   RO         2764    i.pairing_failure   security_dispatcher.o
    0x0002fa4c   0x0002fa4c   0x0000002e   Code   RO         2765    i.pairing_success_evt_send  security_dispatcher.o
    0x0002fa7a   0x0002fa7a   0x00000006   Code   RO         2905    i.params_reply_pending_handle  security_manager.o
    0x0002fa80   0x0002fa80   0x00000020   Code   RO         2906    i.params_req_send   security_manager.o
    0x0002faa0   0x0002faa0   0x0000001c   Code   RO         2091    i.pdb_evt_send      peer_database.o
    0x0002fabc   0x0002fabc   0x00000090   Code   RO         2092    i.pdb_init          peer_database.o
    0x0002fb4c   0x0002fb4c   0x0000007c   Code   RO         2093    i.pdb_pds_evt_handler  peer_database.o
    0x0002fbc8   0x0002fbc8   0x00000006   Code   RO         2094    i.pdb_peer_data_ptr_get  peer_database.o
    0x0002fbce   0x0002fbce   0x00000002   PAD
    0x0002fbd0   0x0002fbd0   0x0000008c   Code   RO         2095    i.pdb_peer_free     peer_database.o
    0x0002fc5c   0x0002fc5c   0x000000dc   Code   RO         2096    i.pdb_write_buf_get  peer_database.o
    0x0002fd38   0x0002fd38   0x00000014   Code   RO         2097    i.pdb_write_buf_release  peer_database.o
    0x0002fd4c   0x0002fd4c   0x00000036   Code   RO         2098    i.pdb_write_buf_store  peer_database.o
    0x0002fd82   0x0002fd82   0x00000002   PAD
    0x0002fd84   0x0002fd84   0x00000010   Code   RO         1953    i.pds_evt_send      peer_data_storage.o
    0x0002fd94   0x0002fd94   0x000000dc   Code   RO         1954    i.pds_init          peer_data_storage.o
    0x0002fe70   0x0002fe70   0x00000004   Code   RO         1955    i.pds_next_deleted_peer_id_get  peer_data_storage.o
    0x0002fe74   0x0002fe74   0x00000004   Code   RO         1956    i.pds_next_peer_id_get  peer_data_storage.o
    0x0002fe78   0x0002fe78   0x00000058   Code   RO         1959    i.pds_peer_data_iterate  peer_data_storage.o
    0x0002fed0   0x0002fed0   0x00000010   Code   RO         1960    i.pds_peer_data_iterate_prepare  peer_data_storage.o
    0x0002fee0   0x0002fee0   0x00000072   Code   RO         1961    i.pds_peer_data_read  peer_data_storage.o
    0x0002ff52   0x0002ff52   0x00000002   PAD
    0x0002ff54   0x0002ff54   0x000000b4   Code   RO         1962    i.pds_peer_data_store  peer_data_storage.o
    0x00030008   0x00030008   0x00000008   Code   RO         1963    i.pds_peer_id_allocate  peer_data_storage.o
    0x00030010   0x00030010   0x00000016   Code   RO         1964    i.pds_peer_id_free  peer_data_storage.o
    0x00030026   0x00030026   0x00000004   Code   RO         1965    i.pds_peer_id_is_allocated  peer_data_storage.o
    0x0003002a   0x0003002a   0x00000004   Code   RO         1966    i.pds_peer_id_is_deleted  peer_data_storage.o
    0x0003002e   0x0003002e   0x00000002   PAD
    0x00030030   0x00030030   0x000000a8   Code   RO         1967    i.peer_data_delete_process  peer_data_storage.o
    0x000300d8   0x000300d8   0x00000030   Code   RO         1968    i.peer_data_find    peer_data_storage.o
    0x00030108   0x00030108   0x00000024   Code   RO         1969    i.peer_data_id_is_valid  peer_data_storage.o
    0x0003012c   0x0003012c   0x0000001a   Code   RO         2099    i.peer_data_point_to_buffer  peer_database.o
    0x00030146   0x00030146   0x00000002   PAD
    0x00030148   0x00030148   0x0000000c   Code   RO         2212    i.peer_id_allocate  peer_id.o
    0x00030154   0x00030154   0x00000024   Code   RO         2213    i.peer_id_delete    peer_id.o
    0x00030178   0x00030178   0x0000001c   Code   RO         2214    i.peer_id_free      peer_id.o
    0x00030194   0x00030194   0x0000000c   Code   RO         2215    i.peer_id_get_next_deleted  peer_id.o
    0x000301a0   0x000301a0   0x00000030   Code   RO         2216    i.peer_id_get_next_used  peer_id.o
    0x000301d0   0x000301d0   0x0000000c   Code   RO         2217    i.peer_id_init      peer_id.o
    0x000301dc   0x000301dc   0x00000014   Code   RO         2218    i.peer_id_is_allocated  peer_id.o
    0x000301f0   0x000301f0   0x00000014   Code   RO         2219    i.peer_id_is_deleted  peer_id.o
    0x00030204   0x00030204   0x0000006c   Code   RO           23    i.peer_manager_init  main.o
    0x00030270   0x00030270   0x000000c0   Code   RO         1664    i.peers_id_keys_get  id_manager.o
    0x00030330   0x00030330   0x00000016   Code   RO          970    i.phy_is_valid      ble_advertising.o
    0x00030346   0x00030346   0x00000002   PAD
    0x00030348   0x00030348   0x0000001c   Code   RO         3827    i.pin_configured_set  nrfx_gpiote.o
    0x00030364   0x00030364   0x00000018   Code   RO         3828    i.pin_in_use_by_port  nrfx_gpiote.o
    0x0003037c   0x0003037c   0x00000018   Code   RO         3829    i.pin_in_use_by_te  nrfx_gpiote.o
    0x00030394   0x00030394   0x00000064   Code   RO         2710    i.pm_buffer_block_acquire  pm_buffer.o
    0x000303f8   0x000303f8   0x00000024   Code   RO         2711    i.pm_buffer_init    pm_buffer.o
    0x0003041c   0x0003041c   0x00000028   Code   RO         2712    i.pm_buffer_ptr_get  pm_buffer.o
    0x00030444   0x00030444   0x00000032   Code   RO         2713    i.pm_buffer_release  pm_buffer.o
    0x00030476   0x00030476   0x00000002   PAD
    0x00030478   0x00030478   0x00000014   Code   RO         2307    i.pm_conn_sec_status_get  peer_manager.o
    0x0003048c   0x0003048c   0x0000001c   Code   RO         2308    i.pm_conn_secure    peer_manager.o
    0x000304a8   0x000304a8   0x00000014   Code   RO         2309    i.pm_device_identities_list_set  peer_manager.o
    0x000304bc   0x000304bc   0x000000a0   Code   RO           24    i.pm_evt_handler    main.o
    0x0003055c   0x0003055c   0x00000004   Code   RO         2310    i.pm_gcm_evt_handler  peer_manager.o
    0x00030560   0x00030560   0x00000004   Code   RO         2311    i.pm_gscm_evt_handler  peer_manager.o
    0x00030564   0x00030564   0x00000068   Code   RO         2615    i.pm_handler_disconnect_on_sec_failure  peer_manager_handler.o
    0x000305cc   0x000305cc   0x00000244   Code   RO         2616    i.pm_handler_flash_clean  peer_manager_handler.o
    0x00030810   0x00030810   0x0000001c   Code   RO         2617    i.pm_handler_flash_clean_on_return  peer_manager_handler.o
    0x0003082c   0x0003082c   0x00000054   Code   RO         2618    i.pm_handler_on_pm_evt  peer_manager_handler.o
    0x00030880   0x00030880   0x00000310   Code   RO         2619    i.pm_handler_pm_evt_log  peer_manager_handler.o
    0x00030b90   0x00030b90   0x00000004   Code   RO         2314    i.pm_im_evt_handler  peer_manager.o
    0x00030b94   0x00030b94   0x000001c0   Code   RO         2315    i.pm_init           peer_manager.o
    0x00030d54   0x00030d54   0x00000028   Code   RO         2318    i.pm_next_peer_id_get  peer_manager.o
    0x00030d7c   0x00030d7c   0x00000118   Code   RO         2319    i.pm_pdb_evt_handler  peer_manager.o
    0x00030e94   0x00030e94   0x00000012   Code   RO         2323    i.pm_peer_data_bonding_load  peer_manager.o
    0x00030ea6   0x00030ea6   0x00000002   PAD
    0x00030ea8   0x00030ea8   0x00000028   Code   RO         2326    i.pm_peer_data_load  peer_manager.o
    0x00030ed0   0x00030ed0   0x00000014   Code   RO         2330    i.pm_peer_delete    peer_manager.o
    0x00030ee4   0x00030ee4   0x00000110   Code   RO         2332    i.pm_peer_id_list   peer_manager.o
    0x00030ff4   0x00030ff4   0x0000011c   Code   RO         2334    i.pm_peer_rank_highest  peer_manager.o
    0x00031110   0x00031110   0x000000e8   Code   RO         2335    i.pm_peer_ranks_get  peer_manager.o
    0x000311f8   0x000311f8   0x00000094   Code   RO         2336    i.pm_peers_delete   peer_manager.o
    0x0003128c   0x0003128c   0x0000002c   Code   RO         2339    i.pm_register       peer_manager.o
    0x000312b8   0x000312b8   0x00000014   Code   RO         2341    i.pm_sec_params_set  peer_manager.o
    0x000312cc   0x000312cc   0x0000000a   Code   RO         2342    i.pm_sm_evt_handler  peer_manager.o
    0x000312d6   0x000312d6   0x00000002   PAD
    0x000312d8   0x000312d8   0x0000002c   Code   RO         2343    i.pm_whitelist_get  peer_manager.o
    0x00031304   0x00031304   0x00000014   Code   RO         2344    i.pm_whitelist_set  peer_manager.o
    0x00031318   0x00031318   0x00000034   Code   RO         3134    i.pnp_id_encode     ble_dis.o
    0x0003134c   0x0003134c   0x000000d0   Code   RO         3830    i.port_event_handle  nrfx_gpiote.o
    0x0003141c   0x0003141c   0x00000010   Code   RO         3831    i.port_handler_polarity_get  nrfx_gpiote.o
    0x0003142c   0x0003142c   0x0000003c   Code   RO         6871    i.postfix_process   nrf_log_str_formatter.o
    0x00031468   0x00031468   0x00000098   Code   RO         6872    i.prefix_process    nrf_log_str_formatter.o
    0x00031500   0x00031500   0x00000018   Code   RO         4110    i.prs_box_get       nrfx_prs.o
    0x00031518   0x00031518   0x0000001c   Code   RO         5230    i.queue_buf_get     fds.o
    0x00031534   0x00031534   0x00000010   Code   RO         5231    i.queue_buf_store   fds.o
    0x00031544   0x00031544   0x00000014   Code   RO         6039    i.queue_free        nrf_fstorage_sd.o
    0x00031558   0x00031558   0x000000a4   Code   RO         5232    i.queue_process     fds.o
    0x000315fc   0x000315fc   0x000000a0   Code   RO         6040    i.queue_process     nrf_fstorage_sd.o
    0x0003169c   0x0003169c   0x0000001c   Code   RO         5233    i.queue_start       fds.o
    0x000316b8   0x000316b8   0x00000024   Code   RO         6041    i.queue_start       nrf_fstorage_sd.o
    0x000316dc   0x000316dc   0x0000001c   Code   RO         2622    i.rank_highest      peer_manager_handler.o
    0x000316f8   0x000316f8   0x00000030   Code   RO         2345    i.rank_vars_update  peer_manager.o
    0x00031728   0x00031728   0x0000000e   Code   RO         6042    i.read              nrf_fstorage_sd.o
    0x00031736   0x00031736   0x00000002   PAD
    0x00031738   0x00031738   0x000000a8   Code   RO         2100    i.reattempt_previous_operations  peer_database.o
    0x000317e0   0x000317e0   0x00000090   Code   RO         5234    i.record_find       fds.o
    0x00031870   0x00031870   0x000000a0   Code   RO         5235    i.record_find_by_desc  fds.o
    0x00031910   0x00031910   0x0000005c   Code   RO         5236    i.record_find_next  fds.o
    0x0003196c   0x0003196c   0x0000003c   Code   RO         5237    i.record_header_flag_dirty  fds.o
    0x000319a8   0x000319a8   0x00000088   Code   RO         5238    i.records_stat      fds.o
    0x00031a30   0x00031a30   0x00000010   Code   RO         2221    i.release           peer_id.o
    0x00031a40   0x00031a40   0x0000009a   Code   RO         3190    i.rep_char_add      ble_hids.o
    0x00031ada   0x00031ada   0x000000be   Code   RO         3191    i.rep_map_char_add  ble_hids.o
    0x00031b98   0x00031b98   0x000000f2   Code   RO         3192    i.rep_value_identify  ble_hids.o
    0x00031c8a   0x00031c8a   0x00000004   Code   RO         6043    i.rmap              nrf_fstorage_sd.o
    0x00031c8e   0x00031c8e   0x00000002   PAD
    0x00031c90   0x00031c90   0x0000005c   Code   RO         4790    i.rtc_irq           app_timer2.o
    0x00031cec   0x00031cec   0x0000006c   Code   RO         4791    i.rtc_schedule      app_timer2.o
    0x00031d58   0x00031d58   0x0000008c   Code   RO         4792    i.rtc_update        app_timer2.o
    0x00031de4   0x00031de4   0x00000032   Code   RO         4183    i.rx_byte           nrfx_uart.o
    0x00031e16   0x00031e16   0x00000016   Code   RO         4184    i.rx_done_event     nrfx_uart.o
    0x00031e2c   0x00031e2c   0x00000016   Code   RO         4380    i.rx_done_event     nrfx_uarte.o
    0x00031e42   0x00031e42   0x00000002   PAD
    0x00031e44   0x00031e44   0x00000024   Code   RO         1395    i.sc_send_pending_handle  gatt_cache_manager.o
    0x00031e68   0x00031e68   0x00000008   Code   RO         4793    i.scheduled_timeout_handler  app_timer2.o
    0x00031e70   0x00031e70   0x00000058   Code   RO         3314    i.sd_state_evt_handler  nrf_drv_clock.o
    0x00031ec8   0x00031ec8   0x00000030   Code   RO         7293    i.sdh_request_observer_notify  nrf_sdh.o
    0x00031ef8   0x00031ef8   0x0000002c   Code   RO         7294    i.sdh_state_observer_notify  nrf_sdh.o
    0x00031f24   0x00031f24   0x000000d8   Code   RO         2766    i.sec_info_request_process  security_dispatcher.o
    0x00031ffc   0x00031ffc   0x000000f4   Code   RO         2767    i.sec_keyset_fill   security_dispatcher.o
    0x000320f0   0x000320f0   0x00000076   Code   RO         2907    i.sec_params_verify  security_manager.o
    0x00032166   0x00032166   0x00000002   PAD
    0x00032168   0x00032168   0x00000060   Code   RO         2768    i.sec_proc_start    security_dispatcher.o
    0x000321c8   0x000321c8   0x0000005c   Code   RO         2908    i.sec_req_process   security_manager.o
    0x00032224   0x00032224   0x00000022   Code   RO         2769    i.send_config_req   security_dispatcher.o
    0x00032246   0x00032246   0x00000002   PAD
    0x00032248   0x00032248   0x00000010   Code   RO         1058    i.send_error_evt    ble_conn_params.o
    0x00032258   0x00032258   0x00000080   Code   RO           25    i.send_key_scan_press_release  main.o
    0x000322d8   0x000322d8   0x00000028   Code   RO         1396    i.send_unexpected_error  gatt_cache_manager.o
    0x00032300   0x00032300   0x00000028   Code   RO         2770    i.send_unexpected_error  security_dispatcher.o
    0x00032328   0x00032328   0x0000001c   Code   RO         6476    i.sensorsim_decrement  sensorsim.o
    0x00032344   0x00032344   0x0000001c   Code   RO         6477    i.sensorsim_increment  sensorsim.o
    0x00032360   0x00032360   0x00000016   Code   RO         6478    i.sensorsim_init    sensorsim.o
    0x00032376   0x00032376   0x0000001a   Code   RO         6479    i.sensorsim_measure  sensorsim.o
    0x00032390   0x00032390   0x00000040   Code   RO         6570    i.serial_tx         nrf_log_backend_uart.o
    0x000323d0   0x000323d0   0x00000014   Code   RO         1397    i.service_changed_pending_flags_check  gatt_cache_manager.o
    0x000323e4   0x000323e4   0x00000094   Code   RO         1556    i.service_changed_pending_set  gatts_cache_manager.o
    0x00032478   0x00032478   0x00000168   Code   RO         1398    i.service_changed_send_in_evt  gatt_cache_manager.o
    0x000325e0   0x000325e0   0x00000088   Code   RO          863    i.service_data_encode  ble_advdata.o
    0x00032668   0x00032668   0x00000004   Code   RO           26    i.service_error_handler  main.o
    0x0003266c   0x0003266c   0x000000ac   Code   RO           27    i.services_init     main.o
    0x00032718   0x00032718   0x00000030   Code   RO         1325    i.set_security_req  ble_srv_common.o
    0x00032748   0x00032748   0x00000028   Code   RO           28    i.sleep_mode_enter  main.o
    0x00032770   0x00032770   0x0000002c   Code   RO         2909    i.sm_ble_evt_handler  security_manager.o
    0x0003279c   0x0003279c   0x000000a2   Code   RO         2911    i.sm_conn_sec_status_get  security_manager.o
    0x0003283e   0x0003283e   0x00000002   PAD
    0x00032840   0x00032840   0x00000058   Code   RO         2912    i.sm_init           security_manager.o
    0x00032898   0x00032898   0x0000000a   Code   RO         2914    i.sm_link_secure    security_manager.o
    0x000328a2   0x000328a2   0x00000002   PAD
    0x000328a4   0x000328a4   0x00000044   Code   RO         2915    i.sm_pdb_evt_handler  security_manager.o
    0x000328e8   0x000328e8   0x00000028   Code   RO         2916    i.sm_sec_is_sufficient  security_manager.o
    0x00032910   0x00032910   0x00000034   Code   RO         2918    i.sm_sec_params_set  security_manager.o
    0x00032944   0x00032944   0x0000002c   Code   RO         2919    i.sm_smd_evt_handler  security_manager.o
    0x00032970   0x00032970   0x000000f4   Code   RO         2771    i.smd_ble_evt_handler  security_dispatcher.o
    0x00032a64   0x00032a64   0x00000068   Code   RO         2773    i.smd_init          security_dispatcher.o
    0x00032acc   0x00032acc   0x00000028   Code   RO         2774    i.smd_link_secure   security_dispatcher.o
    0x00032af4   0x00032af4   0x000000ac   Code   RO         2775    i.smd_params_reply  security_dispatcher.o
    0x00032ba0   0x00032ba0   0x00000040   Code   RO         2920    i.smd_params_reply_perform  security_manager.o
    0x00032be0   0x00032be0   0x00000018   Code   RO         3315    i.soc_evt_handler   nrf_drv_clock.o
    0x00032bf8   0x00032bf8   0x00000040   Code   RO         7295    i.softdevice_evt_irq_disable  nrf_sdh.o
    0x00032c38   0x00032c38   0x00000058   Code   RO         7296    i.softdevices_evt_irq_enable  nrf_sdh.o
    0x00032c90   0x00032c90   0x0000000c   Code   RO         4794    i.sortlist_pop      app_timer2.o
    0x00032c9c   0x00032c9c   0x00000030   Code   RO         4537    i.state_set         app_button.o
    0x00032ccc   0x00032ccc   0x00000098   Code   RO         6701    i.std_n             nrf_log_frontend.o
    0x00032d64   0x00032d64   0x0000006c   Code   RO         1399    i.store_car_value   gatt_cache_manager.o
    0x00032dd0   0x00032dd0   0x00000042   Code   RO         3135    i.sys_id_encode     ble_dis.o
    0x00032e12   0x00032e12   0x00000002   PAD
    0x00032e14   0x00032e14   0x000000b0   Code   RO         4795    i.timer_expire      app_timer2.o
    0x00032ec4   0x00032ec4   0x00000080   Code   RO         4796    i.timer_req_process  app_timer2.o
    0x00032f44   0x00032f44   0x00000038   Code   RO         4797    i.timer_req_schedule  app_timer2.o
    0x00032f7c   0x00032f7c   0x00000018   Code   RO         4538    i.timer_start       app_button.o
    0x00032f94   0x00032f94   0x00000020   Code   RO         4186    i.tx_byte           nrfx_uart.o
    0x00032fb4   0x00032fb4   0x0000001a   Code   RO         4187    i.tx_done_event     nrfx_uart.o
    0x00032fce   0x00032fce   0x0000001a   Code   RO         4381    i.tx_done_event     nrfx_uarte.o
    0x00032fe8   0x00032fe8   0x00000030   Code   RO         3453    i.uart_evt_handler  nrf_drv_uart.o
    0x00033018   0x00033018   0x0000000c   Code   RO         6571    i.uart_evt_handler  nrf_log_backend_uart.o
    0x00033024   0x00033024   0x00000050   Code   RO         6572    i.uart_init         nrf_log_backend_uart.o
    0x00033074   0x00033074   0x0000012a   Code   RO         4188    i.uart_irq_handler  nrfx_uart.o
    0x0003319e   0x0003319e   0x00000002   PAD
    0x000331a0   0x000331a0   0x00000030   Code   RO         3454    i.uarte_evt_handler  nrf_drv_uart.o
    0x000331d0   0x000331d0   0x00000112   Code   RO         4382    i.uarte_irq_handler  nrfx_uarte.o
    0x000332e2   0x000332e2   0x0000000a   Code   RO          864    i.uint16_encode     ble_advdata.o
    0x000332ec   0x000332ec   0x00000020   Code   RO         6044    i.uninit            nrf_fstorage_sd.o
    0x0003330c   0x0003330c   0x000000b4   Code   RO         5908    i.unsigned_print    nrf_fprintf_format.o
    0x000333c0   0x000333c0   0x00000030   Code   RO         1400    i.update_pending_flags_check  gatt_cache_manager.o
    0x000333f0   0x000333f0   0x00000068   Code   RO         1059    i.update_timeout_handler  ble_conn_params.o
    0x00033458   0x00033458   0x00000018   Code   RO          971    i.use_whitelist     ble_advertising.o
    0x00033470   0x00033470   0x0000000c   Code   RO         1146    i.user_flag_is_acquired  ble_conn_state.o
    0x0003347c   0x0003347c   0x00000024   Code   RO         1913    i.user_mem_reply    nrf_ble_qwr.o
    0x000334a0   0x000334a0   0x00000020   Code   RO         4539    i.usr_event         app_button.o
    0x000334c0   0x000334c0   0x00000030   Code   RO          865    i.uuid_list_encode  ble_advdata.o
    0x000334f0   0x000334f0   0x0000009e   Code   RO          866    i.uuid_list_sized_encode  ble_advdata.o
    0x0003358e   0x0003358e   0x00000002   PAD
    0x00033590   0x00033590   0x0000004c   Code   RO          622    i.wakeup_button_cfg  bsp.o
    0x000335dc   0x000335dc   0x00000084   Code   RO           29    i.whitelist_set     main.o
    0x00033660   0x00033660   0x00000004   Code   RO         6045    i.wmap              nrf_fstorage_sd.o
    0x00033664   0x00033664   0x00000050   Code   RO         6046    i.write             nrf_fstorage_sd.o
    0x000336b4   0x000336b4   0x0000014c   Code   RO         2101    i.write_buf_store   peer_database.o
    0x00033800   0x00033800   0x00000034   Code   RO         2102    i.write_buffer_record_find  peer_database.o
    0x00033834   0x00033834   0x00000030   Code   RO         2103    i.write_buffer_record_find_next  peer_database.o
    0x00033864   0x00033864   0x0000001c   Code   RO         2104    i.write_buffer_record_invalidate  peer_database.o
    0x00033880   0x00033880   0x0000002c   Code   RO         2105    i.write_buffer_record_release  peer_database.o
    0x000338ac   0x000338ac   0x000000f4   Code   RO         5239    i.write_enqueue     fds.o
    0x000339a0   0x000339a0   0x000000f8   Code   RO         5240    i.write_execute     fds.o
    0x00033a98   0x00033a98   0x00000018   Code   RO         5241    i.write_space_free  fds.o
    0x00033ab0   0x00033ab0   0x00000060   Code   RO         5242    i.write_space_reserve  fds.o
    0x00033b10   0x00033b10   0x00000004   Data   RO           32    .constdata          main.o
    0x00033b14   0x00033b14   0x00000008   Data   RO          505    .constdata          boards.o
    0x00033b1c   0x00033b1c   0x0000002c   Data   RO          624    .constdata          bsp.o
    0x00033b48   0x00033b48   0x0000006c   Data   RO         1401    .constdata          gatt_cache_manager.o
    0x00033bb4   0x00033bb4   0x00000004   Data   RO         1557    .constdata          gatts_cache_manager.o
    0x00033bb8   0x00033bb8   0x00000010   Data   RO         1558    .constdata          gatts_cache_manager.o
    0x00033bc8   0x00033bc8   0x00000004   Data   RO         1559    .constdata          gatts_cache_manager.o
    0x00033bcc   0x00033bcc   0x00000008   Data   RO         1666    .constdata          id_manager.o
    0x00033bd4   0x00033bd4   0x00000016   Data   RO         1819    .constdata          nrf_ble_gatt.o
    0x00033bea   0x00033bea   0x00000002   PAD
    0x00033bec   0x00033bec   0x00000018   Data   RO         1970    .constdata          peer_data_storage.o
    0x00033c04   0x00033c04   0x00000010   Data   RO         2107    .constdata          peer_database.o
    0x00033c14   0x00033c14   0x0000002c   Data   RO         2347    .constdata          peer_manager.o
    0x00033c40   0x00033c40   0x00000014   Data   RO         2625    .constdata          peer_manager_handler.o
    0x00033c54   0x00033c54   0x00000078   Data   RO         2777    .constdata          security_dispatcher.o
    0x00033ccc   0x00033ccc   0x00000008   Data   RO         2921    .constdata          security_manager.o
    0x00033cd4   0x00033cd4   0x00000008   Data   RO         3833    .constdata          nrfx_gpiote.o
    0x00033cdc   0x00033cdc   0x00000004   Data   RO         4191    .constdata          nrfx_uart.o
    0x00033ce0   0x00033ce0   0x00000004   Data   RO         4385    .constdata          nrfx_uarte.o
    0x00033ce4   0x00033ce4   0x00000008   Data   RO         4541    .constdata          app_button.o
    0x00033cec   0x00033cec   0x00000014   Data   RO         4800    .constdata          app_timer2.o
    0x00033d00   0x00033d00   0x00000006   Data   RO         5044    .constdata          drv_rtc.o
    0x00033d06   0x00033d06   0x00000002   PAD
    0x00033d08   0x00033d08   0x00000018   Data   RO         5245    .constdata          fds.o
    0x00033d20   0x00033d20   0x00000010   Data   RO         5909    .constdata          nrf_fprintf_format.o
    0x00033d30   0x00033d30   0x0000005e   Data   RO         5955    .constdata          nrf_fstorage.o
    0x00033d8e   0x00033d8e   0x00000002   PAD
    0x00033d90   0x00033d90   0x00000010   Data   RO         6049    .constdata          nrf_fstorage_sd.o
    0x00033da0   0x00033da0   0x00000020   Data   RO         6050    .constdata          nrf_fstorage_sd.o
    0x00033dc0   0x00033dc0   0x00000018   Data   RO         6228    .constdata          nrf_pwr_mgmt.o
    0x00033dd8   0x00033dd8   0x0000000c   Data   RO         6229    .constdata          nrf_pwr_mgmt.o
    0x00033de4   0x00033de4   0x0000013c   Data   RO         6448    .constdata          nrf_strerror.o
    0x00033f20   0x00033f20   0x0000000c   Data   RO         6574    .constdata          nrf_log_backend_uart.o
    0x00033f2c   0x00033f2c   0x00000020   Data   RO         6575    .constdata          nrf_log_backend_uart.o
    0x00033f4c   0x00033f4c   0x0000000c   Data   RO         6706    .constdata          nrf_log_frontend.o
    0x00033f58   0x00033f58   0x00000010   Data   RO         7297    .constdata          nrf_sdh.o
    0x00033f68   0x00033f68   0x00000028   Data   RO         7298    .constdata          nrf_sdh.o
    0x00033f90   0x00033f90   0x00000010   Data   RO         7299    .constdata          nrf_sdh.o
    0x00033fa0   0x00033fa0   0x00000010   Data   RO         7300    .constdata          nrf_sdh.o
    0x00033fb0   0x00033fb0   0x00000020   Data   RO         7412    .constdata          nrf_sdh_ble.o
    0x00033fd0   0x00033fd0   0x00000010   Data   RO         7413    .constdata          nrf_sdh_ble.o
    0x00033fe0   0x00033fe0   0x00000010   Data   RO         7463    .constdata          nrf_sdh_soc.o
    0x00033ff0   0x00033ff0   0x0000000c   Data   RO         7464    .constdata          nrf_sdh_soc.o
    0x00033ffc   0x00033ffc   0x00000081   Data   RO         7581    .constdata          mc_w.l(ctype_o.o)
    0x0003407d   0x0003407d   0x00000003   PAD
    0x00034080   0x00034080   0x00000004   Data   RO         7582    .constdata          mc_w.l(ctype_o.o)
    0x00034084   0x00034084   0x000001a4   Data   RO         1402    .conststring        gatt_cache_manager.o
    0x00034228   0x00034228   0x0000019c   Data   RO         1560    .conststring        gatts_cache_manager.o
    0x000343c4   0x000343c4   0x000000f0   Data   RO         1667    .conststring        id_manager.o
    0x000344b4   0x000344b4   0x000000a2   Data   RO         1820    .conststring        nrf_ble_gatt.o
    0x00034556   0x00034556   0x00000002   PAD
    0x00034558   0x00034558   0x000000e8   Data   RO         1971    .conststring        peer_data_storage.o
    0x00034640   0x00034640   0x00000180   Data   RO         2108    .conststring        peer_database.o
    0x000347c0   0x000347c0   0x00000090   Data   RO         2348    .conststring        peer_manager.o
    0x00034850   0x00034850   0x0000030f   Data   RO         2626    .conststring        peer_manager_handler.o
    0x00034b5f   0x00034b5f   0x00000001   PAD
    0x00034b60   0x00034b60   0x000002b2   Data   RO         2778    .conststring        security_dispatcher.o
    0x00034e12   0x00034e12   0x00000002   PAD
    0x00034e14   0x00034e14   0x0000017b   Data   RO         2922    .conststring        security_manager.o
    0x00034f8f   0x00034f8f   0x00000001   PAD
    0x00034f90   0x00034f90   0x0000004f   Data   RO         5956    .conststring        nrf_fstorage.o
    0x00034fdf   0x00034fdf   0x00000001   PAD
    0x00034fe0   0x00034fe0   0x000003eb   Data   RO         6449    .conststring        nrf_strerror.o
    0x000353cb   0x000353cb   0x00000001   PAD
    0x000353cc   0x000353cc   0x00000066   Data   RO         6873    .conststring        nrf_log_str_formatter.o
    0x00035432   0x00035432   0x00000002   PAD
    0x00035434   0x00035434   0x00000188   Data   RO         7414    .conststring        nrf_sdh_ble.o
    0x000355bc   0x000355bc   0x00000011   Data   RO         1403    .conststrlit        gatt_cache_manager.o
    0x000355cd   0x000355cd   0x00000003   PAD
    0x000355d0   0x000355d0   0x00000012   Data   RO         1561    .conststrlit        gatts_cache_manager.o
    0x000355e2   0x000355e2   0x00000002   PAD
    0x000355e4   0x000355e4   0x00000010   Data   RO         1668    .conststrlit        id_manager.o
    0x000355f4   0x000355f4   0x0000000d   Data   RO         1821    .conststrlit        nrf_ble_gatt.o
    0x00035601   0x00035601   0x00000003   PAD
    0x00035604   0x00035604   0x00000011   Data   RO         1972    .conststrlit        peer_data_storage.o
    0x00035615   0x00035615   0x00000003   PAD
    0x00035618   0x00035618   0x00000011   Data   RO         2109    .conststrlit        peer_database.o
    0x00035629   0x00035629   0x00000003   PAD
    0x0003562c   0x0003562c   0x0000000d   Data   RO         2349    .conststrlit        peer_manager.o
    0x00035639   0x00035639   0x00000003   PAD
    0x0003563c   0x0003563c   0x00000015   Data   RO         2629    .conststrlit        peer_manager_handler.o
    0x00035651   0x00035651   0x00000003   PAD
    0x00035654   0x00035654   0x00000011   Data   RO         2779    .conststrlit        security_dispatcher.o
    0x00035665   0x00035665   0x00000003   PAD
    0x00035668   0x00035668   0x00000010   Data   RO         2923    .conststrlit        security_manager.o
    0x00035678   0x00035678   0x00000008   Data   RO         3078    .conststrlit        ble_bas.o
    0x00035680   0x00035680   0x00000006   Data   RO         3321    .conststrlit        nrf_drv_clock.o
    0x00035686   0x00035686   0x00000002   PAD
    0x00035688   0x00035688   0x00000006   Data   RO         3660    .conststrlit        nrfx_clock.o
    0x0003568e   0x0003568e   0x00000002   PAD
    0x00035690   0x00035690   0x00000007   Data   RO         3837    .conststrlit        nrfx_gpiote.o
    0x00035697   0x00035697   0x00000001   PAD
    0x00035698   0x00035698   0x00000004   Data   RO         4112    .conststrlit        nrfx_prs.o
    0x0003569c   0x0003569c   0x00000005   Data   RO         4194    .conststrlit        nrfx_uart.o
    0x000356a1   0x000356a1   0x00000003   PAD
    0x000356a4   0x000356a4   0x00000006   Data   RO         4388    .conststrlit        nrfx_uarte.o
    0x000356aa   0x000356aa   0x00000002   PAD
    0x000356ac   0x000356ac   0x0000000b   Data   RO         4542    .conststrlit        app_button.o
    0x000356b7   0x000356b7   0x00000001   PAD
    0x000356b8   0x000356b8   0x0000000a   Data   RO         4801    .conststrlit        app_timer2.o
    0x000356c2   0x000356c2   0x00000002   PAD
    0x000356c4   0x000356c4   0x0000000d   Data   RO         5957    .conststrlit        nrf_fstorage.o
    0x000356d1   0x000356d1   0x00000003   PAD
    0x000356d4   0x000356d4   0x00000009   Data   RO         6230    .conststrlit        nrf_pwr_mgmt.o
    0x000356dd   0x000356dd   0x00000003   PAD
    0x000356e0   0x000356e0   0x00000009   Data   RO         6395    .conststrlit        nrf_sortlist.o
    0x000356e9   0x000356e9   0x00000003   PAD
    0x000356ec   0x000356ec   0x00000011   Data   RO         6640    .conststrlit        nrf_log_default_backends.o
    0x000356fd   0x000356fd   0x00000003   PAD
    0x00035700   0x00035700   0x00000004   Data   RO         6707    .conststrlit        nrf_log_frontend.o
    0x00035704   0x00035704   0x00000008   Data   RO         7301    .conststrlit        nrf_sdh.o
    0x0003570c   0x0003570c   0x0000000c   Data   RO         7415    .conststrlit        nrf_sdh_ble.o
    0x00035718   0x00035718   0x0000000c   Data   RO         7465    .conststrlit        nrf_sdh_soc.o
    0x00035724   0x00035724   0x00000020   Data   RO         7642    Region$$Table       anon$$obj.o
    0x00035744   0x00035744   0x00000010   Data   RO         6642    log_backends        nrf_log_default_backends.o
    0x00035754   0x00035754   0x00000008   Data   RO         1405    log_const_data      gatt_cache_manager.o
    0x0003575c   0x0003575c   0x00000008   Data   RO         1563    log_const_data      gatts_cache_manager.o
    0x00035764   0x00035764   0x00000008   Data   RO         1670    log_const_data      id_manager.o
    0x0003576c   0x0003576c   0x00000008   Data   RO         1822    log_const_data      nrf_ble_gatt.o
    0x00035774   0x00035774   0x00000008   Data   RO         1974    log_const_data      peer_data_storage.o
    0x0003577c   0x0003577c   0x00000008   Data   RO         2111    log_const_data      peer_database.o
    0x00035784   0x00035784   0x00000008   Data   RO         2351    log_const_data      peer_manager.o
    0x0003578c   0x0003578c   0x00000008   Data   RO         2632    log_const_data      peer_manager_handler.o
    0x00035794   0x00035794   0x00000008   Data   RO         2781    log_const_data      security_dispatcher.o
    0x0003579c   0x0003579c   0x00000008   Data   RO         2925    log_const_data      security_manager.o
    0x000357a4   0x000357a4   0x00000008   Data   RO         3079    log_const_data      ble_bas.o
    0x000357ac   0x000357ac   0x00000008   Data   RO         3322    log_const_data      nrf_drv_clock.o
    0x000357b4   0x000357b4   0x00000008   Data   RO         3662    log_const_data      nrfx_clock.o
    0x000357bc   0x000357bc   0x00000008   Data   RO         3838    log_const_data      nrfx_gpiote.o
    0x000357c4   0x000357c4   0x00000008   Data   RO         4114    log_const_data      nrfx_prs.o
    0x000357cc   0x000357cc   0x00000008   Data   RO         4195    log_const_data      nrfx_uart.o
    0x000357d4   0x000357d4   0x00000008   Data   RO         4389    log_const_data      nrfx_uarte.o
    0x000357dc   0x000357dc   0x00000008   Data   RO         4545    log_const_data      app_button.o
    0x000357e4   0x000357e4   0x00000008   Data   RO         4804    log_const_data      app_timer2.o
    0x000357ec   0x000357ec   0x00000008   Data   RO         5958    log_const_data      nrf_fstorage.o
    0x000357f4   0x000357f4   0x00000008   Data   RO         6232    log_const_data      nrf_pwr_mgmt.o
    0x000357fc   0x000357fc   0x00000008   Data   RO         6396    log_const_data      nrf_sortlist.o
    0x00035804   0x00035804   0x00000008   Data   RO         6711    log_const_data      nrf_log_frontend.o
    0x0003580c   0x0003580c   0x00000008   Data   RO         7303    log_const_data      nrf_sdh.o
    0x00035814   0x00035814   0x00000008   Data   RO         7417    log_const_data      nrf_sdh_ble.o
    0x0003581c   0x0003581c   0x00000008   Data   RO         7466    log_const_data      nrf_sdh_soc.o
    0x00035824   0x00035824   0x00000014   Data   RO         6712    nrf_balloc          nrf_log_frontend.o
    0x00035838   0x00035838   0x00000008   Data   RO         1148    sdh_ble_observers0  ble_conn_state.o
    0x00035840   0x00035840   0x00000010   Data   RO           36    sdh_ble_observers1  main.o
    0x00035850   0x00035850   0x00000008   Data   RO          730    sdh_ble_observers1  bsp_btn_ble.o
    0x00035858   0x00035858   0x00000008   Data   RO         1062    sdh_ble_observers1  ble_conn_params.o
    0x00035860   0x00035860   0x00000008   Data   RO         2352    sdh_ble_observers1  peer_manager.o
    0x00035868   0x00035868   0x00000018   Data   RO           37    sdh_ble_observers2  main.o
    0x00035880   0x00035880   0x00000008   Data   RO           38    sdh_ble_observers3  main.o
    0x00035888   0x00035888   0x00000008   Data   RO         6052    sdh_req_observers0  nrf_fstorage_sd.o
    0x00035890   0x00035890   0x00000008   Data   RO         3323    sdh_soc_observers0  nrf_drv_clock.o
    0x00035898   0x00035898   0x00000008   Data   RO         6053    sdh_soc_observers0  nrf_fstorage_sd.o
    0x000358a0   0x000358a0   0x00000008   Data   RO         7418    sdh_stack_observers0  nrf_sdh_ble.o
    0x000358a8   0x000358a8   0x00000008   Data   RO         7467    sdh_stack_observers0  nrf_sdh_soc.o
    0x000358b0   0x000358b0   0x00000008   Data   RO         3324    sdh_state_observers0  nrf_drv_clock.o
    0x000358b8   0x000358b8   0x00000008   Data   RO         6054    sdh_state_observers0  nrf_fstorage_sd.o


    Execution Region RW_IRAM1 (Exec base: 0x20002260, Load base: 0x000358c0, Size: 0x00003748, Max: 0x0003dda0, ABSOLUTE, COMPRESSED[0x00000124])

    Exec Addr    Load Addr    Size         Type   Attr      Idx    E Section Name        Object

    0x20002260   COMPRESSED   0x00000020   Data   RW           33    .data               main.o
    0x20002280   COMPRESSED   0x00000008   Data   RW           34    .data               main.o
    0x20002288   COMPRESSED   0x00000218   Data   RW           35    .data               main.o
    0x200024a0   COMPRESSED   0x00000010   Data   RW          625    .data               bsp.o
    0x200024b0   COMPRESSED   0x00000020   Data   RW          626    .data               bsp.o
    0x200024d0   COMPRESSED   0x00000020   Data   RW          627    .data               bsp.o
    0x200024f0   COMPRESSED   0x00000020   Data   RW          628    .data               bsp.o
    0x20002510   COMPRESSED   0x00000008   Data   RW          729    .data               bsp_btn_ble.o
    0x20002518   COMPRESSED   0x00000008   Data   RW         1061    .data               ble_conn_params.o
    0x20002520   COMPRESSED   0x00000010   Data   RW         1404    .data               gatt_cache_manager.o
    0x20002530   COMPRESSED   0x0000000c   Data   RW         1562    .data               gatts_cache_manager.o
    0x2000253c   COMPRESSED   0x00000001   Data   RW         1669    .data               id_manager.o
    0x2000253d   COMPRESSED   0x00000003   PAD
    0x20002540   COMPRESSED   0x0000000c   Data   RW         1973    .data               peer_data_storage.o
    0x2000254c   COMPRESSED   0x00000008   Data   RW         2110    .data               peer_database.o
    0x20002554   COMPRESSED   0x00000010   Data   RW         2350    .data               peer_manager.o
    0x20002564   COMPRESSED   0x00000060   Data   RW         2630    .data               peer_manager_handler.o
    0x200025c4   COMPRESSED   0x00000005   Data   RW         2780    .data               security_dispatcher.o
    0x200025c9   COMPRESSED   0x00000003   PAD
    0x200025cc   COMPRESSED   0x00000015   Data   RW         2924    .data               security_manager.o
    0x200025e1   COMPRESSED   0x00000001   PAD
    0x200025e2   COMPRESSED   0x0000004a   Data   RW         3136    .data               ble_dis.o
    0x2000262c   COMPRESSED   0x00000014   Data   RW         3455    .data               nrf_drv_uart.o
    0x20002640   COMPRESSED   0x00000008   Data   RW         3661    .data               nrfx_clock.o
    0x20002648   COMPRESSED   0x00000008   Data   RW         4113    .data               nrfx_prs.o
    0x20002650   COMPRESSED   0x00000018   Data   RW         4543    .data               app_button.o
    0x20002668   COMPRESSED   0x00000020   Data   RW         4544    .data               app_button.o
    0x20002688   COMPRESSED   0x00000010   Data   RW         4735    .data               app_scheduler.o
    0x20002698   COMPRESSED   0x00000020   Data   RW         4802    .data               app_timer2.o
    0x200026b8   COMPRESSED   0x00000004   Data   RW         4803    .data               app_timer2.o
    0x200026bc   COMPRESSED   0x0000000c   Data   RW         5045    .data               drv_rtc.o
    0x200026c8   COMPRESSED   0x00000030   Data   RW         5246    .data               fds.o
    0x200026f8   COMPRESSED   0x00000008   Data   RW         6051    .data               nrf_fstorage_sd.o
    0x20002700   COMPRESSED   0x00000008   Data   RW         6231    .data               nrf_pwr_mgmt.o
    0x20002708   COMPRESSED   0x00000018   Data   RW         6576    .data               nrf_log_backend_uart.o
    0x20002720   COMPRESSED   0x00000008   Data   RW         6641    .data               nrf_log_default_backends.o
    0x20002728   COMPRESSED   0x00000004   Data   RW         6708    .data               nrf_log_frontend.o
    0x2000272c   COMPRESSED   0x00000008   Data   RW         6709    .data               nrf_log_frontend.o
    0x20002734   COMPRESSED   0x00000008   Data   RW         6710    .data               nrf_log_frontend.o
    0x2000273c   COMPRESSED   0x00000040   Data   RW         6874    .data               nrf_log_str_formatter.o
    0x2000277c   COMPRESSED   0x00000003   Data   RW         7302    .data               nrf_sdh.o
    0x2000277f   COMPRESSED   0x00000001   Data   RW         7416    .data               nrf_sdh_ble.o
    0x20002780   COMPRESSED   0x00000004   Data   RW         7508    .data               system_nrf52.o
    0x20002784   COMPRESSED   0x00000014   Data   RW         5247    fs_data             fds.o
    0x20002798        -       0x00000568   Zero   RW           30    .bss                main.o
    0x20002d00        -       0x00000020   Zero   RW           31    .bss                main.o
    0x20002d20        -       0x0000000c   Zero   RW          623    .bss                bsp.o
    0x20002d2c   COMPRESSED   0x00000004   PAD
    0x20002d30        -       0x00000050   Zero   RW         1060    .bss                ble_conn_params.o
    0x20002d80        -       0x0000007c   Zero   RW         1147    .bss                ble_conn_state.o
    0x20002dfc        -       0x000000d8   Zero   RW         1665    .bss                id_manager.o
    0x20002ed4        -       0x00000180   Zero   RW         2106    .bss                peer_database.o
    0x20003054        -       0x00000040   Zero   RW         2222    .bss                peer_id.o
    0x20003094        -       0x0000000c   Zero   RW         2346    .bss                peer_manager.o
    0x200030a0        -       0x00000040   Zero   RW         2776    .bss                security_dispatcher.o
    0x200030e0        -       0x00000014   Zero   RW         3316    .bss                nrf_drv_clock.o
    0x200030f4        -       0x0000006c   Zero   RW         3832    .bss                nrfx_gpiote.o
    0x20003160        -       0x0000002c   Zero   RW         4189    .bss                nrfx_uart.o
    0x2000318c        -       0x00000024   Zero   RW         4383    .bss                nrfx_uarte.o
    0x200031b0        -       0x00000020   Zero   RW         4540    .bss                app_button.o
    0x200031d0        -       0x00000010   Zero   RW         4798    .bss                app_timer2.o
    0x200031e0        -       0x00000058   Zero   RW         4799    .bss                app_timer2.o
    0x20003238        -       0x0000000c   Zero   RW         4932    .bss                app_util_platform.o
    0x20003244        -       0x00000010   Zero   RW         5243    .bss                fds.o
    0x20003254        -       0x000000e0   Zero   RW         5244    .bss                fds.o
    0x20003334        -       0x00000010   Zero   RW         6047    .bss                nrf_fstorage_sd.o
    0x20003344        -       0x000000a0   Zero   RW         6048    .bss                nrf_fstorage_sd.o
    0x200033e4        -       0x0000000c   Zero   RW         6227    .bss                nrf_pwr_mgmt.o
    0x200033f0        -       0x00000040   Zero   RW         6573    .bss                nrf_log_backend_uart.o
    0x20003430        -       0x000000c0   Zero   RW         6702    .bss                nrf_log_frontend.o
    0x200034f0        -       0x00000080   Zero   RW         6703    .bss                nrf_log_frontend.o
    0x20003570        -       0x00000018   Zero   RW         6704    .bss                nrf_log_frontend.o
    0x20003588        -       0x00000420   Zero   RW         6705    .bss                nrf_log_frontend.o
    0x200039a8        -       0x00002000   Zero   RW         7494    STACK               arm_startup_nrf52840.o


==============================================================================

Image component sizes


      Code (inc. data)   RO Data    RW Data    ZI Data      Debug   Object Name

       664         66         27         56         32      17714   app_button.o
        22          0          0          0          0       2505   app_error.o
       132         46          0          0          0      34117   app_error_weak.o
       268         16          0         16          0      41893   app_scheduler.o
      1084         92         38         36        104      17909   app_timer2.o
       124         14          0          0         12      10662   app_util_platform.o
        36          8        512          0       8192        928   arm_startup_nrf52840.o
      1338          0          0          0          0      53328   ble_advdata.o
      1138          6          0          0          0      12715   ble_advertising.o
       502          0         16          0          0       6451   ble_bas.o
       636         44          8          8         80       9259   ble_conn_params.o
       802         66          8          0        124      16981   ble_conn_state.o
       530         12          0         74          0       5543   ble_dis.o
      3258          0          0          0          0      25139   ble_hids.o
        72          0          0          0          0       1636   ble_link_ctx_manager.o
       656          6          0          0          0       5836   ble_srv_common.o
       440         46          8          0          0      14907   boards.o
      1016         90         44        112         12      15939   bsp.o
       252         10          8          8          0       4768   bsp_btn_ble.o
       704         76          6         12          0      48521   drv_rtc.o
      3872        348         24         68        240      50454   fds.o
      2160        552        553         16          0      33867   gatt_cache_manager.o
       842        138        462         12          0      16919   gatts_cache_manager.o
      1546         70        272          1        216      19798   id_manager.o
      3148        656         52        576       1416     230902   main.o
       342          0          0          0          0       6670   nrf_atfifo.o
       170          0          0          0          0       4784   nrf_atflags.o
       332          0          0          0          0      10058   nrf_atomic.o
       164          0          0          0          0       3608   nrf_balloc.o
       922        272        205          0          0      37223   nrf_ble_gatt.o
       276          0          0          0          0       4673   nrf_ble_qwr.o
       312         36         30          0         20      43712   nrf_drv_clock.o
       200         26          0         20          0      17764   nrf_drv_uart.o
        50          0          0          0          0       3509   nrf_fprintf.o
       866          4         16          0          0       6522   nrf_fprintf_format.o
       972        432        194          0          0       7976   nrf_fstorage.o
       798         82         72          8        176      15907   nrf_fstorage_sd.o
       200          0          0          0          0      11589   nrf_log_backend_serial.o
       232         44         44         24         64      15846   nrf_log_backend_uart.o
        28          4         33          8          0       3329   nrf_log_default_backends.o
      1522        128         44         20       1400      31959   nrf_log_frontend.o
       570        108        102         64          0       5620   nrf_log_str_formatter.o
       346          0          0          0          0       9515   nrf_memobj.o
       108         16         53          8         12      40010   nrf_pwr_mgmt.o
        28          0          0          0          0       2351   nrf_ringbuf.o
       592         66        104          3          0      46016   nrf_sdh.o
       672        232        468          1          0       5829   nrf_sdh_ble.o
        60          4         56          0          0       2452   nrf_sdh_soc.o
        78          0          0          0          0       2756   nrf_section_iter.o
        84          0         17          0          0       4073   nrf_sortlist.o
        76         10       1319          0          0       2719   nrf_strerror.o
       242         32         14          8          0      46992   nrfx_clock.o
      1386        108         23          0        108      66617   nrfx_gpiote.o
       112         16         12          8          0       4460   nrfx_prs.o
      1354         48         17          0         44      31445   nrfx_uart.o
      1356         48         18          0         36      26911   nrfx_uarte.o
      1176        144        281         12          0      16667   peer_data_storage.o
      1434        260        425          8        384      19394   peer_database.o
       314         38          0          0         64       9083   peer_id.o
      2224        482        217         16         12      27191   peer_manager.o
      1928        882        832         96          0      10183   peer_manager_handler.o
       234          0          0          0          0       5411   pm_buffer.o
      1944        268        835          5         64      26951   security_dispatcher.o
      1372        122        411         21          0      54610   security_manager.o
       104          0          0          0          0       3399   sensorsim.o
       500         66          0          4          0      31549   system_nrf52.o

    ----------------------------------------------------------------------
     51016       6340       7976       1336      12816    1426024   Object Totals
         0          0         32          0          0          0   (incl. Generated)
        94          0         64          7          4          0   (incl. Padding)

    ----------------------------------------------------------------------

      Code (inc. data)   RO Data    RW Data    ZI Data      Debug   Library Member Name

        86          0          0          0          0          0   __dczerorl2.o
         8          4        133          0          0         68   ctype_o.o
         0          0          0          0          0          0   entry.o
         0          0          0          0          0          0   entry10a.o
         0          0          0          0          0          0   entry11a.o
         8          4          0          0          0          0   entry2.o
         4          0          0          0          0          0   entry5.o
         0          0          0          0          0          0   entry7b.o
         0          0          0          0          0          0   entry8b.o
         8          4          0          0          0          0   entry9a.o
        30          0          0          0          0          0   handlers.o
        36          8          0          0          0         68   init.o
        30          0          0          0          0         68   llshl.o
        32          0          0          0          0         68   llushr.o
        26          0          0          0          0         80   memcmp.o
        36          0          0          0          0         68   memcpya.o
        36          0          0          0          0        108   memseta.o
        14          0          0          0          0         68   strlen.o
        98          0          0          0          0         92   uldiv.o

    ----------------------------------------------------------------------
       456         20        136          0          0        688   Library Totals
         4          0          3          0          0          0   (incl. Padding)

    ----------------------------------------------------------------------

      Code (inc. data)   RO Data    RW Data    ZI Data      Debug   Library Name

       452         20        133          0          0        688   mc_w.l

    ----------------------------------------------------------------------
       456         20        136          0          0        688   Library Totals

    ----------------------------------------------------------------------

==============================================================================


      Code (inc. data)   RO Data    RW Data    ZI Data      Debug   

     51472       6360       8112       1336      12816    1365788   Grand Totals
     51472       6360       8112        292      12816    1365788   ELF Image Totals (compressed)
     51472       6360       8112        292          0          0   ROM Totals

==============================================================================

    Total RO  Size (Code + RO Data)                59584 (  58.19kB)
    Total RW  Size (RW Data + ZI Data)             14152 (  13.82kB)
    Total ROM Size (Code + RO Data + RW Data)      59876 (  58.47kB)

==============================================================================

